Archive member included to satisfy reference by file (symbol)

/usr/lib/gcc/arm-none-eabi/10.3.1/thumb/v6-m/nofp/libgcc.a(_dvmd_tls.o)
                              CMakeFiles/robot.dir/home/daltro/pico-sdk/src/rp2_common/pico_divider/divider_hardware.S.o (__aeabi_idiv0)
/usr/lib/gcc/arm-none-eabi/10.3.1/../../../arm-none-eabi/lib/thumb/v6-m/nofp/libg.a(lib_a-atexit.o)
                              /usr/lib/gcc/arm-none-eabi/10.3.1/../../../arm-none-eabi/lib/thumb/v6-m/nofp/crt0.o (atexit)
/usr/lib/gcc/arm-none-eabi/10.3.1/../../../arm-none-eabi/lib/thumb/v6-m/nofp/libg.a(lib_a-calloc.o)
                              CMakeFiles/robot.dir/home/daltro/pico-sdk/src/rp2_common/pico_malloc/malloc.c.o (calloc)
/usr/lib/gcc/arm-none-eabi/10.3.1/../../../arm-none-eabi/lib/thumb/v6-m/nofp/libg.a(lib_a-callocr.o)
                              /usr/lib/gcc/arm-none-eabi/10.3.1/../../../arm-none-eabi/lib/thumb/v6-m/nofp/libg.a(lib_a-calloc.o) (_calloc_r)
/usr/lib/gcc/arm-none-eabi/10.3.1/../../../arm-none-eabi/lib/thumb/v6-m/nofp/libg.a(lib_a-ctype_.o)
                              CMakeFiles/robot.dir/include/ssd1306_i2c.c.o (_ctype_)
/usr/lib/gcc/arm-none-eabi/10.3.1/../../../arm-none-eabi/lib/thumb/v6-m/nofp/libg.a(lib_a-fini.o)
                              /usr/lib/gcc/arm-none-eabi/10.3.1/../../../arm-none-eabi/lib/thumb/v6-m/nofp/crt0.o (__libc_fini_array)
/usr/lib/gcc/arm-none-eabi/10.3.1/../../../arm-none-eabi/lib/thumb/v6-m/nofp/libg.a(lib_a-impure.o)
                              /usr/lib/gcc/arm-none-eabi/10.3.1/../../../arm-none-eabi/lib/thumb/v6-m/nofp/libg.a(lib_a-calloc.o) (_impure_ptr)
/usr/lib/gcc/arm-none-eabi/10.3.1/../../../arm-none-eabi/lib/thumb/v6-m/nofp/libg.a(lib_a-init.o)
                              /usr/lib/gcc/arm-none-eabi/10.3.1/../../../arm-none-eabi/lib/thumb/v6-m/nofp/crt0.o (__libc_init_array)
/usr/lib/gcc/arm-none-eabi/10.3.1/../../../arm-none-eabi/lib/thumb/v6-m/nofp/libg.a(lib_a-lcltime_r.o)
                              CMakeFiles/robot.dir/home/daltro/pico-sdk/src/common/pico_util/datetime.c.o (localtime_r)
/usr/lib/gcc/arm-none-eabi/10.3.1/../../../arm-none-eabi/lib/thumb/v6-m/nofp/libg.a(lib_a-malloc.o)
                              CMakeFiles/robot.dir/home/daltro/pico-sdk/src/rp2_common/pico_malloc/malloc.c.o (malloc)
/usr/lib/gcc/arm-none-eabi/10.3.1/../../../arm-none-eabi/lib/thumb/v6-m/nofp/libg.a(lib_a-mallocr.o)
                              /usr/lib/gcc/arm-none-eabi/10.3.1/../../../arm-none-eabi/lib/thumb/v6-m/nofp/libg.a(lib_a-callocr.o) (_malloc_r)
/usr/lib/gcc/arm-none-eabi/10.3.1/../../../arm-none-eabi/lib/thumb/v6-m/nofp/libg.a(lib_a-memcmp.o)
                              CMakeFiles/robot.dir/home/daltro/pico-sdk/src/rp2_common/pico_atomic/atomic.c.o (memcmp)
/usr/lib/gcc/arm-none-eabi/10.3.1/../../../arm-none-eabi/lib/thumb/v6-m/nofp/libg.a(lib_a-mktime.o)
                              CMakeFiles/robot.dir/home/daltro/pico-sdk/src/common/pico_util/datetime.c.o (mktime)
/usr/lib/gcc/arm-none-eabi/10.3.1/../../../arm-none-eabi/lib/thumb/v6-m/nofp/libg.a(lib_a-mlock.o)
                              /usr/lib/gcc/arm-none-eabi/10.3.1/../../../arm-none-eabi/lib/thumb/v6-m/nofp/libg.a(lib_a-mallocr.o) (__malloc_lock)
/usr/lib/gcc/arm-none-eabi/10.3.1/../../../arm-none-eabi/lib/thumb/v6-m/nofp/libg.a(lib_a-month_lengths.o)
                              /usr/lib/gcc/arm-none-eabi/10.3.1/../../../arm-none-eabi/lib/thumb/v6-m/nofp/libg.a(lib_a-lcltime_r.o) (__month_lengths)
/usr/lib/gcc/arm-none-eabi/10.3.1/../../../arm-none-eabi/lib/thumb/v6-m/nofp/libg.a(lib_a-realloc.o)
                              CMakeFiles/robot.dir/home/daltro/pico-sdk/src/rp2_common/pico_malloc/malloc.c.o (realloc)
/usr/lib/gcc/arm-none-eabi/10.3.1/../../../arm-none-eabi/lib/thumb/v6-m/nofp/libg.a(lib_a-reallocr.o)
                              /usr/lib/gcc/arm-none-eabi/10.3.1/../../../arm-none-eabi/lib/thumb/v6-m/nofp/libg.a(lib_a-realloc.o) (_realloc_r)
/usr/lib/gcc/arm-none-eabi/10.3.1/../../../arm-none-eabi/lib/thumb/v6-m/nofp/libg.a(lib_a-sbrkr.o)
                              /usr/lib/gcc/arm-none-eabi/10.3.1/../../../arm-none-eabi/lib/thumb/v6-m/nofp/libg.a(lib_a-mallocr.o) (_sbrk_r)
/usr/lib/gcc/arm-none-eabi/10.3.1/../../../arm-none-eabi/lib/thumb/v6-m/nofp/libg.a(lib_a-strlen-stub.o)
                              CMakeFiles/robot.dir/home/daltro/pico-sdk/src/rp2_common/pico_stdio/stdio.c.o (strlen)
/usr/lib/gcc/arm-none-eabi/10.3.1/../../../arm-none-eabi/lib/thumb/v6-m/nofp/libg.a(lib_a-tzcalc_limits.o)
                              /usr/lib/gcc/arm-none-eabi/10.3.1/../../../arm-none-eabi/lib/thumb/v6-m/nofp/libg.a(lib_a-lcltime_r.o) (__tzcalc_limits)
/usr/lib/gcc/arm-none-eabi/10.3.1/../../../arm-none-eabi/lib/thumb/v6-m/nofp/libg.a(lib_a-tzlock.o)
                              /usr/lib/gcc/arm-none-eabi/10.3.1/../../../arm-none-eabi/lib/thumb/v6-m/nofp/libg.a(lib_a-lcltime_r.o) (__tz_lock)
[...]
Memory Configuration

Name             Origin             Length             Attributes
FLASH            0x0000000010000000 0x0000000000200000 xr
RAM              0x0000000020000000 0x0000000000040000 xrw
SCRATCH_X        0x0000000020040000 0x0000000000001000 xrw
SCRATCH_Y        0x0000000020041000 0x0000000000001000 xrw
*default*        0x0000000000000000 0xffffffffffffffff

Linker script and memory map

LOAD /usr/lib/gcc/arm-none-eabi/10.3.1/thumb/v6-m/nofp/crti.o
LOAD /usr/lib/gcc/arm-none-eabi/10.3.1/thumb/v6-m/nofp/crtbegin.o
LOAD /usr/lib/gcc/arm-none-eabi/10.3.1/../../../arm-none-eabi/lib/thumb/v6-m/nofp/crt0.o

.flash_begin    0x0000000010000000        0x0
                0x0000000010000000                __flash_binary_start = .

.boot2          0x0000000010000000      0x100
                0x0000000010000000                __boot2_start__ = .
 *(.boot2)
 .boot2         0x0000000010000000      0x100 pico-sdk/src/rp2040/boot_stage2/CMakeFiles/bs2_default_library.dir/bs2_default_padded_checksummed.S.o
                0x0000000010000100                __boot2_end__ = .
                0x0000000000000001                ASSERT (((__boot2_end__ - __boot2_start__) == 0x100), ERROR: Pico second stage bootloader must be 256 bytes in size)

.text           0x0000000010000100     0x6e6c
                0x0000000010000100                __logical_binary_start = .
 *(.vectors)
 .vectors       0x0000000010000100       0xd4 CMakeFiles/robot.dir/home/daltro/pico-sdk/src/rp2_common/pico_crt0/crt0.S.o
                0x0000000010000100                __vectors
                0x0000000010000100                __VECTOR_TABLE
                0x00000000100001c0                isr_invalid
                0x00000000100001c0                __default_isrs_start
                0x00000000100001c2                isr_nmi
                0x00000000100001c4                isr_hardfault
                0x00000000100001c6                isr_svcall
                0x00000000100001c8                isr_pendsv
                0x00000000100001ca                isr_systick
                0x00000000100001cc                isr_irq30
                0x00000000100001cc                __unhandled_user_irq
                0x00000000100001cc                isr_irq13
                0x00000000100001cc                isr_irq27
                0x00000000100001cc                isr_irq31
                0x00000000100001cc                isr_irq5
                0x00000000100001cc                isr_irq11
                0x00000000100001cc                isr_irq23
                0x00000000100001cc                isr_irq18
                0x00000000100001cc                isr_irq28
                0x00000000100001cc                isr_irq19
                0x00000000100001cc                isr_irq0
                0x00000000100001cc                isr_irq6
                0x00000000100001cc                isr_irq22
                0x00000000100001cc                isr_irq17
                0x00000000100001cc                isr_irq14
                0x00000000100001cc                isr_irq2
                0x00000000100001cc                isr_irq10
                0x00000000100001cc                isr_irq8
                0x00000000100001cc                isr_irq24
                0x00000000100001cc                isr_irq1
                0x00000000100001cc                isr_irq7
                0x00000000100001cc                isr_irq21
                0x00000000100001cc                isr_irq20
                0x00000000100001cc                isr_irq15
                0x00000000100001cc                isr_irq25
                0x00000000100001cc                isr_irq4
                0x00000000100001cc                isr_irq16
                0x00000000100001cc                isr_irq29
                0x00000000100001cc                isr_irq26
                0x00000000100001cc                __default_isrs_end
                0x00000000100001cc                isr_irq3
                0x00000000100001cc                isr_irq12
                0x00000000100001cc                isr_irq9
                0x00000000100001d2                unhandled_user_irq_num_in_r0
 *(.binary_info_header)
 .binary_info_header
                0x00000000100001d4       0x14 CMakeFiles/robot.dir/home/daltro/pico-sdk/src/rp2_common/pico_crt0/crt0.S.o
                0x00000000100001e8                __binary_info_header_end = .
 *(.embedded_block)
                0x00000000100001e8                __embedded_block_end = .
 *(.reset)
 .reset         0x00000000100001e8       0x9c CMakeFiles/robot.dir/home/daltro/pico-sdk/src/rp2_common/pico_crt0/crt0.S.o
                0x00000000100001e8                _entry_point
 *(.init)
 .init          0x0000000010000284        0x4 /usr/lib/gcc/arm-none-eabi/10.3.1/thumb/v6-m/nofp/crti.o
                0x0000000010000284                _init
 *(EXCLUDE_FILE(*libm.a: *libc.a:*lib_a-mem*.o *libgcc.a:) .text*)
 .text          0x0000000010000288       0x98 /usr/lib/gcc/arm-none-eabi/10.3.1/thumb/v6-m/nofp/crtbegin.o
 .text.set_pwm  0x0000000010000320      0x148 CMakeFiles/robot.dir/main.c.o
                0x0000000010000320                set_pwm
 .text.set_gpio
                0x0000000010000468       0x78 CMakeFiles/robot.dir/main.c.o
                0x0000000010000468                set_gpio
 .text.startup.main
                0x00000000100004e0      0x1a8 CMakeFiles/robot.dir/main.c.o
                0x00000000100004e0                main
 .text.gpio_set_function
                0x0000000010000688       0x34 CMakeFiles/robot.dir/home/daltro/pico-sdk/src/rp2_common/hardware_gpio/gpio.c.o
                0x0000000010000688                gpio_set_function
 .text.gpio_init
                0x00000000100006bc       0x40 CMakeFiles/robot.dir/home/daltro/pico-sdk/src/rp2_common/hardware_gpio/gpio.c.o
                0x00000000100006bc                gpio_init
 .text.rp2040_chip_version
                0x00000000100006fc        0xc CMakeFiles/robot.dir/home/daltro/pico-sdk/src/rp2040/pico_platform/platform.c.o
                0x00000000100006fc                rp2040_chip_version
 .text.panic    0x0000000010000708       0x30 CMakeFiles/robot.dir/home/daltro/pico-sdk/src/rp2_common/pico_platform_panic/panic.c.o
                0x0000000010000708                panic
 .text.hw_claim_or_assert
                0x0000000010000738       0x44 CMakeFiles/robot.dir/home/daltro/pico-sdk/src/common/hardware_claim/claim.c.o
                0x0000000010000738                hw_claim_or_assert
 .text.hw_claim_unused_from_range
                0x000000001000077c       0x9c CMakeFiles/robot.dir/home/daltro/pico-sdk/src/common/hardware_claim/claim.c.o
                0x000000001000077c                hw_claim_unused_from_range
 .text.next_striped_spin_lock_num
                0x0000000010000818       0x18 CMakeFiles/robot.dir/home/daltro/pico-sdk/src/rp2_common/hardware_sync/sync.c.o
                0x0000000010000818                next_striped_spin_lock_num
 .text.spin_lock_claim_unused
                0x0000000010000830       0x20 CMakeFiles/robot.dir/home/daltro/pico-sdk/src/rp2_common/hardware_sync/sync.c.o
                0x0000000010000830                spin_lock_claim_unused
 .text.spin_locks_reset
                0x0000000010000850       0x1c CMakeFiles/robot.dir/home/daltro/pico-sdk/src/rp2_common/hardware_sync_spin_lock/sync_spin_lock.c.o
                0x0000000010000850                spin_locks_reset
 .text.runtime_init_per_core_irq_priorities
                0x000000001000086c       0x24 CMakeFiles/robot.dir/home/daltro/pico-sdk/src/rp2_common/hardware_irq/irq.c.o
                0x000000001000086c                runtime_init_per_core_irq_priorities
 .text.irq_set_enabled
                0x0000000010000890       0x24 CMakeFiles/robot.dir/home/daltro/pico-sdk/src/rp2_common/hardware_irq/irq.c.o
                0x0000000010000890                irq_set_enabled
 .text.irq_is_enabled
                0x00000000100008b4       0x18 CMakeFiles/robot.dir/home/daltro/pico-sdk/src/rp2_common/hardware_irq/irq.c.o
                0x00000000100008b4                irq_is_enabled
 .text.irq_set_pending
                0x00000000100008cc       0x10 CMakeFiles/robot.dir/home/daltro/pico-sdk/src/rp2_common/hardware_irq/irq.c.o
                0x00000000100008cc                irq_set_pending
 .text.irq_has_shared_handler
                0x00000000100008dc       0x24 CMakeFiles/robot.dir/home/daltro/pico-sdk/src/rp2_common/hardware_irq/irq.c.o
                0x00000000100008dc                irq_has_shared_handler
 .text.irq_set_exclusive_handler
                0x0000000010000900       0x54 CMakeFiles/robot.dir/home/daltro/pico-sdk/src/rp2_common/hardware_irq/irq.c.o
                0x0000000010000900                irq_set_exclusive_handler
 .text.irq_add_shared_handler
                0x0000000010000954      0x1e8 CMakeFiles/robot.dir/home/daltro/pico-sdk/src/rp2_common/hardware_irq/irq.c.o
                0x0000000010000954                irq_add_shared_handler
 .text.irq_add_tail_to_free_list
                0x0000000010000b3c       0xb4 CMakeFiles/robot.dir/home/daltro/pico-sdk/src/rp2_common/hardware_irq/irq.c.o
                0x0000000010000b3c                irq_add_tail_to_free_list
 .text.user_irq_claim_unused
                0x0000000010000bf0       0x28 CMakeFiles/robot.dir/home/daltro/pico-sdk/src/rp2_common/hardware_irq/irq.c.o
                0x0000000010000bf0                user_irq_claim_unused
 .text.lock_init
                0x0000000010000c18       0x10 CMakeFiles/robot.dir/home/daltro/pico-sdk/src/common/pico_sync/lock_core.c.o
                0x0000000010000c18                lock_init
 .text.runtime_init_mutex
                0x0000000010000c28       0x58 CMakeFiles/robot.dir/home/daltro/pico-sdk/src/common/pico_sync/mutex.c.o
                0x0000000010000c28                runtime_init_mutex
 .text.mutex_init
                0x0000000010000c80       0x1c CMakeFiles/robot.dir/home/daltro/pico-sdk/src/common/pico_sync/mutex.c.o
                0x0000000010000c80                mutex_init
 .text.critical_section_init
                0x0000000010000c9c       0x20 CMakeFiles/robot.dir/home/daltro/pico-sdk/src/common/pico_sync/critical_section.c.o
                0x0000000010000c9c                critical_section_init
 .text.critical_section_init_with_lock_num
                0x0000000010000cbc       0x14 CMakeFiles/robot.dir/home/daltro/pico-sdk/src/common/pico_sync/critical_section.c.o
                0x0000000010000cbc                critical_section_init_with_lock_num
 .text.sleep_until_callback
                0x0000000010000cd0       0x30 CMakeFiles/robot.dir/home/daltro/pico-sdk/src/common/pico_time/time.c.o
 .text.alarm_pool_irq_handler
                0x0000000010000d00      0x308 CMakeFiles/robot.dir/home/daltro/pico-sdk/src/common/pico_time/time.c.o
 .text.runtime_init_default_alarm_pool
                0x0000000010001008       0xdc CMakeFiles/robot.dir/home/daltro/pico-sdk/src/common/pico_time/time.c.o
                0x0000000010001008                runtime_init_default_alarm_pool
 .text.alarm_pool_get_default
                0x00000000100010e4        0x8 CMakeFiles/robot.dir/home/daltro/pico-sdk/src/common/pico_time/time.c.o
                0x00000000100010e4                alarm_pool_get_default
 .text.alarm_pool_add_alarm_at
                0x00000000100010ec       0xc8 CMakeFiles/robot.dir/home/daltro/pico-sdk/src/common/pico_time/time.c.o
                0x00000000100010ec                alarm_pool_add_alarm_at
 .text.alarm_pool_add_alarm_at_force_in_context
                0x00000000100011b4       0xb0 CMakeFiles/robot.dir/home/daltro/pico-sdk/src/common/pico_time/time.c.o
                0x00000000100011b4                alarm_pool_add_alarm_at_force_in_context
 .text.alarm_pool_cancel_alarm
                0x0000000010001264       0x7c CMakeFiles/robot.dir/home/daltro/pico-sdk/src/common/pico_time/time.c.o
                0x0000000010001264                alarm_pool_cancel_alarm
 .text.alarm_pool_core_num
                0x00000000100012e0        0x4 CMakeFiles/robot.dir/home/daltro/pico-sdk/src/common/pico_time/time.c.o
                0x00000000100012e0                alarm_pool_core_num
 .text.sleep_until
                0x00000000100012e4       0xd0 CMakeFiles/robot.dir/home/daltro/pico-sdk/src/common/pico_time/time.c.o
                0x00000000100012e4                sleep_until
 .text.sleep_ms
                0x00000000100013b4       0x34 CMakeFiles/robot.dir/home/daltro/pico-sdk/src/common/pico_time/time.c.o
                0x00000000100013b4                sleep_ms
 .text.best_effort_wfe_or_timeout
                0x00000000100013e8       0xfc CMakeFiles/robot.dir/home/daltro/pico-sdk/src/common/pico_time/time.c.o
                0x00000000100013e8                best_effort_wfe_or_timeout
 .text.timer_hardware_alarm_claim
                0x00000000100014e4       0x14 CMakeFiles/robot.dir/home/daltro/pico-sdk/src/rp2_common/hardware_timer/timer.c.o
                0x00000000100014e4                timer_hardware_alarm_claim
 .text.timer_time_us_64
                0x00000000100014f8       0x10 CMakeFiles/robot.dir/home/daltro/pico-sdk/src/rp2_common/hardware_timer/timer.c.o
                0x00000000100014f8                timer_time_us_64
 .text.time_us_64
                0x0000000010001508       0x14 CMakeFiles/robot.dir/home/daltro/pico-sdk/src/rp2_common/hardware_timer/timer.c.o
                0x0000000010001508                time_us_64
 .text.busy_wait_until
                0x000000001000151c       0x20 CMakeFiles/robot.dir/home/daltro/pico-sdk/src/rp2_common/hardware_timer/timer.c.o
                0x000000001000151c                busy_wait_until
 .text.clock_configure_int_divider
                0x000000001000153c       0xf4 CMakeFiles/robot.dir/home/daltro/pico-sdk/src/rp2_common/hardware_clocks/clocks.c.o
                0x000000001000153c                clock_configure_int_divider
 .text.clock_configure_undivided
                0x0000000010001630       0xe8 CMakeFiles/robot.dir/home/daltro/pico-sdk/src/rp2_common/hardware_clocks/clocks.c.o
                0x0000000010001630                clock_configure_undivided
 .text.clock_get_hz
                0x0000000010001718        0xc CMakeFiles/robot.dir/home/daltro/pico-sdk/src/rp2_common/hardware_clocks/clocks.c.o
                0x0000000010001718                clock_get_hz
 .text.pll_init
                0x0000000010001724       0xa0 CMakeFiles/robot.dir/home/daltro/pico-sdk/src/rp2_common/hardware_pll/pll.c.o
                0x0000000010001724                pll_init
 .text.watchdog_reboot
                0x00000000100017c4       0x98 CMakeFiles/robot.dir/home/daltro/pico-sdk/src/rp2_common/hardware_watchdog/watchdog.c.o
                0x00000000100017c4                watchdog_reboot
 .text.tick_start
                0x000000001000185c       0x10 CMakeFiles/robot.dir/home/daltro/pico-sdk/src/rp2_common/hardware_ticks/ticks.c.o
                0x000000001000185c                tick_start
 .text.rom_func_lookup
                0x000000001000186c       0x10 CMakeFiles/robot.dir/home/daltro/pico-sdk/src/rp2_common/pico_bootrom/bootrom.c.o
                0x000000001000186c                rom_func_lookup
 .text.rom_data_lookup
                0x000000001000187c       0x10 CMakeFiles/robot.dir/home/daltro/pico-sdk/src/rp2_common/pico_bootrom/bootrom.c.o
                0x000000001000187c                rom_data_lookup
 .text.rom_funcs_lookup
                0x000000001000188c       0x44 CMakeFiles/robot.dir/home/daltro/pico-sdk/src/rp2_common/pico_bootrom/bootrom.c.o
                0x000000001000188c                rom_funcs_lookup
 .text.rom_reset_usb_boot_extra
                0x00000000100018d0       0x28 CMakeFiles/robot.dir/home/daltro/pico-sdk/src/rp2_common/pico_bootrom/bootrom.c.o
                0x00000000100018d0                rom_reset_usb_boot_extra
 .text.xosc_init
                0x00000000100018f8       0x28 CMakeFiles/robot.dir/home/daltro/pico-sdk/src/rp2_common/hardware_xosc/xosc.c.o
                0x00000000100018f8                xosc_init
 .text.first_per_core_initializer
                0x0000000010001920        0x4 CMakeFiles/robot.dir/home/daltro/pico-sdk/src/rp2_common/pico_runtime/runtime.c.o
 .text.hard_assertion_failure
                0x0000000010001924        0xc CMakeFiles/robot.dir/home/daltro/pico-sdk/src/rp2_common/pico_runtime/runtime.c.o
                0x0000000010001924                hard_assertion_failure
 .text.runtime_run_initializers
                0x0000000010001930       0x28 CMakeFiles/robot.dir/home/daltro/pico-sdk/src/rp2_common/pico_runtime/runtime.c.o
                0x0000000010001930                runtime_run_initializers
 .text.runtime_init_early_resets
                0x0000000010001958       0x2c CMakeFiles/robot.dir/home/daltro/pico-sdk/src/rp2_common/pico_runtime_init/runtime_init.c.o
                0x0000000010001958                runtime_init_early_resets
 .text.runtime_init_usb_power_down
                0x0000000010001984       0x1c CMakeFiles/robot.dir/home/daltro/pico-sdk/src/rp2_common/pico_runtime_init/runtime_init.c.o
                0x0000000010001984                runtime_init_usb_power_down
 .text.runtime_init_post_clock_resets
                0x00000000100019a0       0x20 CMakeFiles/robot.dir/home/daltro/pico-sdk/src/rp2_common/pico_runtime_init/runtime_init.c.o
                0x00000000100019a0                runtime_init_post_clock_resets
 .text.runtime_init_rp2040_gpio_ie_disable
                0x00000000100019c0       0x14 CMakeFiles/robot.dir/home/daltro/pico-sdk/src/rp2_common/pico_runtime_init/runtime_init.c.o
                0x00000000100019c0                runtime_init_rp2040_gpio_ie_disable
 .text.runtime_init_spin_locks_reset
                0x00000000100019d4        0x8 CMakeFiles/robot.dir/home/daltro/pico-sdk/src/rp2_common/pico_runtime_init/runtime_init.c.o
                0x00000000100019d4                runtime_init_spin_locks_reset
 .text.runtime_init_install_ram_vector_table
                0x00000000100019dc       0x1c CMakeFiles/robot.dir/home/daltro/pico-sdk/src/rp2_common/pico_runtime_init/runtime_init.c.o
                0x00000000100019dc                runtime_init_install_ram_vector_table
 .text.runtime_init_clocks
                0x00000000100019f8       0xd8 CMakeFiles/robot.dir/home/daltro/pico-sdk/src/rp2_common/pico_runtime_init/runtime_init_clocks.c.o
                0x00000000100019f8                runtime_init_clocks
 .text          0x0000000010001ad0       0x10 CMakeFiles/robot.dir/home/daltro/pico-sdk/src/rp2_common/pico_bit_ops/bit_ops_aeabi.S.o
 .text.__wrap___aeabi_idiv
                0x0000000010001ae0       0x50 CMakeFiles/robot.dir/home/daltro/pico-sdk/src/rp2_common/pico_divider/divider_hardware.S.o
                0x0000000010001ae0                __wrap___aeabi_idivmod
                0x0000000010001ae0                divmod_s32s32
                0x0000000010001ae0                div_s32s32
                0x0000000010001ae0                __wrap___aeabi_idiv
                0x0000000010001ae8                divmod_s32s32_unsafe
                0x0000000010001b14                divmod_s32s32_savestate
 .text.__wrap___aeabi_uidiv
                0x0000000010001b30       0x4c CMakeFiles/robot.dir/home/daltro/pico-sdk/src/rp2_common/pico_divider/divider_hardware.S.o
                0x0000000010001b30                __wrap___aeabi_uidiv
                0x0000000010001b30                __wrap___aeabi_uidivmod
                0x0000000010001b30                div_u32u32
                0x0000000010001b30                divmod_u32u32
                0x0000000010001b38                divmod_u32u32_unsafe
                0x0000000010001b60                divmod_u32u32_savestate
 .text.__wrap___aeabi_ldiv
                0x0000000010001b7c      0x424 CMakeFiles/robot.dir/home/daltro/pico-sdk/src/rp2_common/pico_divider/divider_hardware.S.o
                0x0000000010001b7c                div_s64s64
                0x0000000010001b7c                divmod_s64s64
                0x0000000010001b7c                __wrap___aeabi_ldivmod
                0x0000000010001bac                div_u64u64
                0x0000000010001bac                divmod_u64u64
                0x0000000010001bac                __wrap___aeabi_uldivmod
                0x0000000010001bbc                divmod_u64u64_savestate
                0x0000000010001bdc                divmod_s64s64_unsafe
                0x0000000010001c64                divmod_u64u64_unsafe
 .text.__wrap___aeabi_darithmetic
                0x0000000010001fa0       0x60 CMakeFiles/robot.dir/home/daltro/pico-sdk/src/rp2_common/pico_double/double_aeabi_rp2040.S.o
                0x0000000010001fa0                __wrap___aeabi_drsub
                0x0000000010001fa6                __wrap___aeabi_dsub
                0x0000000010001fb0                __wrap___aeabi_dadd
                0x0000000010001fba                __wrap___aeabi_ddiv
                0x0000000010001fee                __wrap___aeabi_dmul
 .text.__wrap___aeabi_cdcmple
                0x0000000010002000       0x6c CMakeFiles/robot.dir/home/daltro/pico-sdk/src/rp2_common/pico_double/double_aeabi_rp2040.S.o
                0x0000000010002000                __wrap___aeabi_cdrcmple
                0x0000000010002010                __wrap___aeabi_cdcmple
                0x0000000010002010                __wrap___aeabi_cdcmpeq
 .text.__wrap___aeabi_dcmplt
                0x000000001000206c        0xc CMakeFiles/robot.dir/home/daltro/pico-sdk/src/rp2_common/pico_double/double_aeabi_rp2040.S.o
                0x000000001000206c                __wrap___aeabi_dcmplt
 .text.__wrap___aeabi_dcmple
                0x0000000010002078       0x10 CMakeFiles/robot.dir/home/daltro/pico-sdk/src/rp2_common/pico_double/double_aeabi_rp2040.S.o
                0x0000000010002078                __wrap___aeabi_dcmple
 .text.__wrap___aeabi_dcmpge
                0x0000000010002088       0x10 CMakeFiles/robot.dir/home/daltro/pico-sdk/src/rp2_common/pico_double/double_aeabi_rp2040.S.o
                0x0000000010002088                __wrap___aeabi_dcmpge
 .text.__wrap___aeabi_dcmpgt
                0x0000000010002098        0xa CMakeFiles/robot.dir/home/daltro/pico-sdk/src/rp2_common/pico_double/double_aeabi_rp2040.S.o
                0x0000000010002098                __wrap___aeabi_dcmpgt
 .text.__wrap___aeabi_dcmpun
                0x00000000100020a2       0x18 CMakeFiles/robot.dir/home/daltro/pico-sdk/src/rp2_common/pico_double/double_aeabi_rp2040.S.o
                0x00000000100020a2                __wrap___aeabi_dcmpun
 *fill*         0x00000000100020ba        0x2 
 .text.__wrap___aeabi_i2d
                0x00000000100020bc       0x38 CMakeFiles/robot.dir/home/daltro/pico-sdk/src/rp2_common/pico_double/double_aeabi_rp2040.S.o
                0x00000000100020bc                __wrap___aeabi_ui2d
                0x00000000100020bc                uint2double
                0x00000000100020c4                __wrap___aeabi_i2d
                0x00000000100020c4                int2double
 .text.__wrap___aeabi_d2iz
                0x00000000100020f4       0x48 CMakeFiles/robot.dir/home/daltro/pico-sdk/src/rp2_common/pico_double/double_aeabi_rp2040.S.o
                0x00000000100020f4                __wrap___aeabi_d2iz
                0x00000000100020f4                double2int_z
 .text.__wrap___aeabi_d2uiz
                0x000000001000213c       0x10 CMakeFiles/robot.dir/home/daltro/pico-sdk/src/rp2_common/pico_double/double_aeabi_rp2040.S.o
                0x000000001000213c                double2uint_z
                0x000000001000213c                double2uint
                0x000000001000213c                __wrap___aeabi_d2uiz
 .text.__wrap___aeabi_d2f
                0x000000001000214c       0x10 CMakeFiles/robot.dir/home/daltro/pico-sdk/src/rp2_common/pico_double/double_aeabi_rp2040.S.o
                0x000000001000214c                __wrap___aeabi_d2f
 .text.missing_double_func_shim
                0x000000001000215c        0xc CMakeFiles/robot.dir/home/daltro/pico-sdk/src/rp2_common/pico_double/double_init_rom_rp2040.c.o
 .text.__aeabi_double_init
                0x0000000010002168       0xa4 CMakeFiles/robot.dir/home/daltro/pico-sdk/src/rp2_common/pico_double/double_init_rom_rp2040.c.o
                0x0000000010002168                __aeabi_double_init
 .text.double_table_shim_on_use_helper
                0x000000001000220c       0x2c CMakeFiles/robot.dir/home/daltro/pico-sdk/src/rp2_common/pico_double/double_v1_rom_shim_rp2040.S.o
                0x000000001000220c                double_table_shim_on_use_helper
 .text.__aeabi_lmul
                0x0000000010002238       0x32 CMakeFiles/robot.dir/home/daltro/pico-sdk/src/rp2_common/pico_int64_ops/pico_int64_ops_aeabi.S.o
                0x0000000010002238                __wrap___aeabi_lmul
 *fill*         0x000000001000226a        0x2 
 .text.__wrap___aeabi_farithmetic
                0x000000001000226c       0x48 CMakeFiles/robot.dir/home/daltro/pico-sdk/src/rp2_common/pico_float/float_aeabi_rp2040.S.o
                0x000000001000226c                __wrap___aeabi_frsub
                0x0000000010002272                __wrap___aeabi_fsub
                0x0000000010002278                __wrap___aeabi_fadd
                0x000000001000227e                __wrap___aeabi_fdiv
                0x00000000100022a6                __wrap___aeabi_fmul
 .text.__wrap___aeabi_i2f
                0x00000000100022b4       0x44 CMakeFiles/robot.dir/home/daltro/pico-sdk/src/rp2_common/pico_float/float_aeabi_rp2040.S.o
                0x00000000100022b4                int2float
                0x00000000100022b4                __wrap___aeabi_i2f
 .text.__wrap___aeabi_f2uiz
                0x00000000100022f8        0xc CMakeFiles/robot.dir/home/daltro/pico-sdk/src/rp2_common/pico_float/float_aeabi_rp2040.S.o
                0x00000000100022f8                float2uint
                0x00000000100022f8                float2uint_z
                0x00000000100022f8                __wrap___aeabi_f2uiz
 .text.missing_float_func_shim
                0x0000000010002304        0xc CMakeFiles/robot.dir/home/daltro/pico-sdk/src/rp2_common/pico_float/float_init_rom_rp2040.c.o
 .text.__aeabi_float_init
                0x0000000010002310       0x5c CMakeFiles/robot.dir/home/daltro/pico-sdk/src/rp2_common/pico_float/float_init_rom_rp2040.c.o
                0x0000000010002310                __aeabi_float_init
 .text.__wrap_malloc
                0x000000001000236c       0x24 CMakeFiles/robot.dir/home/daltro/pico-sdk/src/rp2_common/pico_malloc/malloc.c.o
                0x000000001000236c                __wrap_malloc
 .text          0x0000000010002390       0x10 CMakeFiles/robot.dir/home/daltro/pico-sdk/src/rp2_common/pico_mem_ops/mem_ops_aeabi.S.o
                0x0000000010002390                __aeabi_mem_init
 .text.memset   0x00000000100023a0        0xc CMakeFiles/robot.dir/home/daltro/pico-sdk/src/rp2_common/pico_mem_ops/mem_ops_aeabi.S.o
                0x00000000100023a0                __wrap_memset
 .text.memcpy   0x00000000100023ac        0xc CMakeFiles/robot.dir/home/daltro/pico-sdk/src/rp2_common/pico_mem_ops/mem_ops_aeabi.S.o
                0x00000000100023ac                __wrap___aeabi_memcpy
                0x00000000100023ac                __wrap_memcpy
 .text._out_null
                0x00000000100023b8        0x4 CMakeFiles/robot.dir/home/daltro/pico-sdk/src/rp2_common/pico_printf/printf.c.o
 .text._out_rev
                0x00000000100023bc       0x9c CMakeFiles/robot.dir/home/daltro/pico-sdk/src/rp2_common/pico_printf/printf.c.o
 .text._ntoa_format
                0x0000000010002458      0x1cc CMakeFiles/robot.dir/home/daltro/pico-sdk/src/rp2_common/pico_printf/printf.c.o
 .text._out_char
                0x0000000010002624       0x10 CMakeFiles/robot.dir/home/daltro/pico-sdk/src/rp2_common/pico_printf/printf.c.o
 .text._out_fct
                0x0000000010002634       0x10 CMakeFiles/robot.dir/home/daltro/pico-sdk/src/rp2_common/pico_printf/printf.c.o
 .text._etoa    0x0000000010002644      0x44c CMakeFiles/robot.dir/home/daltro/pico-sdk/src/rp2_common/pico_printf/printf.c.o
 .text._ftoa    0x0000000010002a90      0x398 CMakeFiles/robot.dir/home/daltro/pico-sdk/src/rp2_common/pico_printf/printf.c.o
 .text._vsnprintf
                0x0000000010002e28      0xb04 CMakeFiles/robot.dir/home/daltro/pico-sdk/src/rp2_common/pico_printf/printf.c.o
 .text.vfctprintf
                0x000000001000392c       0x20 CMakeFiles/robot.dir/home/daltro/pico-sdk/src/rp2_common/pico_printf/printf.c.o
                0x000000001000392c                vfctprintf
 .text.weak_raw_vprintf
                0x000000001000394c       0x30 CMakeFiles/robot.dir/home/daltro/pico-sdk/src/rp2_common/pico_printf/printf.c.o
                0x000000001000394c                weak_raw_vprintf
 .text._exit    0x000000001000397c        0x4 CMakeFiles/robot.dir/home/daltro/pico-sdk/src/rp2_common/pico_clib_interface/newlib_interface.c.o
                0x000000001000397c                _exit
 .text._sbrk    0x0000000010003980       0x34 CMakeFiles/robot.dir/home/daltro/pico-sdk/src/rp2_common/pico_clib_interface/newlib_interface.c.o
                0x0000000010003980                _sbrk
 .text.exit     0x00000000100039b4        0x8 CMakeFiles/robot.dir/home/daltro/pico-sdk/src/rp2_common/pico_clib_interface/newlib_interface.c.o
                0x00000000100039b4                exit
 .text.runtime_init
                0x00000000100039bc       0x2c CMakeFiles/robot.dir/home/daltro/pico-sdk/src/rp2_common/pico_clib_interface/newlib_interface.c.o
                0x00000000100039bc                runtime_init
 .text.stdio_out_chars_no_crlf
                0x00000000100039e8       0x10 CMakeFiles/robot.dir/home/daltro/pico-sdk/src/rp2_common/pico_stdio/stdio.c.o
 .text.stdio_out_chars_crlf
                0x00000000100039f8       0xb4 CMakeFiles/robot.dir/home/daltro/pico-sdk/src/rp2_common/pico_stdio/stdio.c.o
 .text.stdio_buffered_printer
                0x0000000010003aac       0x64 CMakeFiles/robot.dir/home/daltro/pico-sdk/src/rp2_common/pico_stdio/stdio.c.o
 .text.stdio_put_string
                0x0000000010003b10      0x100 CMakeFiles/robot.dir/home/daltro/pico-sdk/src/rp2_common/pico_stdio/stdio.c.o
                0x0000000010003b10                stdio_put_string
 .text.stdio_set_driver_enabled
                0x0000000010003c10       0x30 CMakeFiles/robot.dir/home/daltro/pico-sdk/src/rp2_common/pico_stdio/stdio.c.o
                0x0000000010003c10                stdio_set_driver_enabled
 .text.stdio_init_all
                0x0000000010003c40        0x8 CMakeFiles/robot.dir/home/daltro/pico-sdk/src/rp2_common/pico_stdio/stdio.c.o
                0x0000000010003c40                stdio_init_all
 .text.__wrap_putchar
                0x0000000010003c48       0x98 CMakeFiles/robot.dir/home/daltro/pico-sdk/src/rp2_common/pico_stdio/stdio.c.o
                0x0000000010003c48                stdio_putchar
                0x0000000010003c48                __wrap_putchar
 .text.__wrap_puts
                0x0000000010003ce0       0x3c CMakeFiles/robot.dir/home/daltro/pico-sdk/src/rp2_common/pico_stdio/stdio.c.o
                0x0000000010003ce0                __wrap_puts
                0x0000000010003ce0                stdio_puts
 .text.__wrap_vprintf
                0x0000000010003d1c       0xd8 CMakeFiles/robot.dir/home/daltro/pico-sdk/src/rp2_common/pico_stdio/stdio.c.o
                0x0000000010003d1c                __wrap_vprintf
                0x0000000010003d1c                stdio_vprintf
 .text.__wrap_printf
                0x0000000010003df4       0x18 CMakeFiles/robot.dir/home/daltro/pico-sdk/src/rp2_common/pico_stdio/stdio.c.o
                0x0000000010003df4                stdio_printf
                0x0000000010003df4                __wrap_printf
 .text.resetd_init
                0x0000000010003e0c        0x4 CMakeFiles/robot.dir/home/daltro/pico-sdk/src/rp2_common/pico_stdio_usb/reset_interface.c.o
 .text.resetd_reset
                0x0000000010003e10        0xc CMakeFiles/robot.dir/home/daltro/pico-sdk/src/rp2_common/pico_stdio_usb/reset_interface.c.o
 .text.resetd_open
                0x0000000010003e1c       0x28 CMakeFiles/robot.dir/home/daltro/pico-sdk/src/rp2_common/pico_stdio_usb/reset_interface.c.o
 .text.resetd_xfer_cb
                0x0000000010003e44        0x4 CMakeFiles/robot.dir/home/daltro/pico-sdk/src/rp2_common/pico_stdio_usb/reset_interface.c.o
 .text.resetd_control_xfer_cb
                0x0000000010003e48       0x60 CMakeFiles/robot.dir/home/daltro/pico-sdk/src/rp2_common/pico_stdio_usb/reset_interface.c.o
 .text.tud_descriptor_bos_cb
                0x0000000010003ea8        0x8 CMakeFiles/robot.dir/home/daltro/pico-sdk/src/rp2_common/pico_stdio_usb/reset_interface.c.o
                0x0000000010003ea8                tud_descriptor_bos_cb
 .text.tud_vendor_control_xfer_cb
                0x0000000010003eb0       0x34 CMakeFiles/robot.dir/home/daltro/pico-sdk/src/rp2_common/pico_stdio_usb/reset_interface.c.o
                0x0000000010003eb0                tud_vendor_control_xfer_cb
 .text.usbd_app_driver_get_cb
                0x0000000010003ee4        0xc CMakeFiles/robot.dir/home/daltro/pico-sdk/src/rp2_common/pico_stdio_usb/reset_interface.c.o
                0x0000000010003ee4                usbd_app_driver_get_cb
 .text.tud_cdc_line_coding_cb
                0x0000000010003ef0       0x2c CMakeFiles/robot.dir/home/daltro/pico-sdk/src/rp2_common/pico_stdio_usb/reset_interface.c.o
                0x0000000010003ef0                tud_cdc_line_coding_cb
 .text.stdio_usb_set_chars_available_callback
                0x0000000010003f1c       0x14 CMakeFiles/robot.dir/home/daltro/pico-sdk/src/rp2_common/pico_stdio_usb/stdio_usb.c.o
                0x0000000010003f1c                stdio_usb_set_chars_available_callback
 .text.usb_irq  0x0000000010003f30       0x10 CMakeFiles/robot.dir/home/daltro/pico-sdk/src/rp2_common/pico_stdio_usb/stdio_usb.c.o
 .text.timer_task
                0x0000000010003f40       0x64 CMakeFiles/robot.dir/home/daltro/pico-sdk/src/rp2_common/pico_stdio_usb/stdio_usb.c.o
 .text.stdio_usb_in_chars
                0x0000000010003fa4       0x90 CMakeFiles/robot.dir/home/daltro/pico-sdk/src/rp2_common/pico_stdio_usb/stdio_usb.c.o
                0x0000000010003fa4                stdio_usb_in_chars
 .text.stdio_usb_out_flush
                0x0000000010004034       0x50 CMakeFiles/robot.dir/home/daltro/pico-sdk/src/rp2_common/pico_stdio_usb/stdio_usb.c.o
 .text.stdio_usb_out_chars
                0x0000000010004084      0x100 CMakeFiles/robot.dir/home/daltro/pico-sdk/src/rp2_common/pico_stdio_usb/stdio_usb.c.o
 .text.low_priority_worker_irq
                0x0000000010004184       0xc8 CMakeFiles/robot.dir/home/daltro/pico-sdk/src/rp2_common/pico_stdio_usb/stdio_usb.c.o
 .text.stdio_usb_init
                0x000000001000424c       0xe8 CMakeFiles/robot.dir/home/daltro/pico-sdk/src/rp2_common/pico_stdio_usb/stdio_usb.c.o
                0x000000001000424c                stdio_usb_init
 .text.tud_descriptor_device_cb
                0x0000000010004334        0x8 CMakeFiles/robot.dir/home/daltro/pico-sdk/src/rp2_common/pico_stdio_usb/stdio_usb_descriptors.c.o
                0x0000000010004334                tud_descriptor_device_cb
 .text.tud_descriptor_configuration_cb
                0x000000001000433c        0x8 CMakeFiles/robot.dir/home/daltro/pico-sdk/src/rp2_common/pico_stdio_usb/stdio_usb_descriptors.c.o
                0x000000001000433c                tud_descriptor_configuration_cb
 .text.tud_descriptor_string_cb
                0x0000000010004344       0x74 CMakeFiles/robot.dir/home/daltro/pico-sdk/src/rp2_common/pico_stdio_usb/stdio_usb_descriptors.c.o
                0x0000000010004344                tud_descriptor_string_cb
 .text.startup._retrieve_unique_id_on_boot
                0x00000000100043b8       0x10 CMakeFiles/robot.dir/home/daltro/pico-sdk/src/rp2_common/pico_unique_id/unique_id.c.o
 .text.pico_get_unique_board_id_string
                0x00000000100043c8      0x1a8 CMakeFiles/robot.dir/home/daltro/pico-sdk/src/rp2_common/pico_unique_id/unique_id.c.o
                0x00000000100043c8                pico_get_unique_board_id_string
 .text.flash_get_unique_id
                0x0000000010004570       0x40 CMakeFiles/robot.dir/home/daltro/pico-sdk/src/rp2_common/hardware_flash/flash.c.o
                0x0000000010004570                flash_get_unique_id
 .text.dcd_init
                0x00000000100045b0       0x90 CMakeFiles/robot.dir/home/daltro/pico-sdk/lib/tinyusb/src/portable/raspberrypi/rp2040/dcd_rp2040.c.o
                0x00000000100045b0                dcd_init
 .text.dcd_int_enable
                0x0000000010004640        0xc CMakeFiles/robot.dir/home/daltro/pico-sdk/lib/tinyusb/src/portable/raspberrypi/rp2040/dcd_rp2040.c.o
                0x0000000010004640                dcd_int_enable
 .text.dcd_set_address
                0x000000001000464c       0x14 CMakeFiles/robot.dir/home/daltro/pico-sdk/lib/tinyusb/src/portable/raspberrypi/rp2040/dcd_rp2040.c.o
                0x000000001000464c                dcd_set_address
 .text.dcd_sof_enable
                0x0000000010004660       0x1c CMakeFiles/robot.dir/home/daltro/pico-sdk/lib/tinyusb/src/portable/raspberrypi/rp2040/dcd_rp2040.c.o
                0x0000000010004660                dcd_sof_enable
 .text.dcd_edpt0_status_complete
                0x000000001000467c       0x1c CMakeFiles/robot.dir/home/daltro/pico-sdk/lib/tinyusb/src/portable/raspberrypi/rp2040/dcd_rp2040.c.o
                0x000000001000467c                dcd_edpt0_status_complete
 .text.dcd_edpt_open
                0x0000000010004698      0x114 CMakeFiles/robot.dir/home/daltro/pico-sdk/lib/tinyusb/src/portable/raspberrypi/rp2040/dcd_rp2040.c.o
                0x0000000010004698                dcd_edpt_open
 .text.dcd_edpt_close_all
                0x00000000100047ac        0x8 CMakeFiles/robot.dir/home/daltro/pico-sdk/lib/tinyusb/src/portable/raspberrypi/rp2040/dcd_rp2040.c.o
                0x00000000100047ac                dcd_edpt_close_all
 .text.dcd_edpt_xfer
                0x00000000100047b4       0x24 CMakeFiles/robot.dir/home/daltro/pico-sdk/lib/tinyusb/src/portable/raspberrypi/rp2040/dcd_rp2040.c.o
                0x00000000100047b4                dcd_edpt_xfer
 .text.dcd_edpt_stall
                0x00000000100047d8       0x38 CMakeFiles/robot.dir/home/daltro/pico-sdk/lib/tinyusb/src/portable/raspberrypi/rp2040/dcd_rp2040.c.o
                0x00000000100047d8                dcd_edpt_stall
 .text.dcd_edpt_clear_stall
                0x0000000010004810       0x30 CMakeFiles/robot.dir/home/daltro/pico-sdk/lib/tinyusb/src/portable/raspberrypi/rp2040/dcd_rp2040.c.o
                0x0000000010004810                dcd_edpt_clear_stall
 .text.rp2040_usb_init
                0x0000000010004840       0x40 CMakeFiles/robot.dir/home/daltro/pico-sdk/lib/tinyusb/src/portable/raspberrypi/rp2040/rp2040_usb.c.o
                0x0000000010004840                rp2040_usb_init
 .text.hw_endpoint_xfer_start
                0x0000000010004880       0x50 CMakeFiles/robot.dir/home/daltro/pico-sdk/lib/tinyusb/src/portable/raspberrypi/rp2040/rp2040_usb.c.o
                0x0000000010004880                hw_endpoint_xfer_start
 .text.tud_event_hook_cb
                0x00000000100048d0        0x4 CMakeFiles/robot.dir/home/daltro/pico-sdk/lib/tinyusb/src/device/usbd.c.o
                0x00000000100048d0                tud_event_hook_cb
 .text.tud_sof_cb
                0x00000000100048d4        0x4 CMakeFiles/robot.dir/home/daltro/pico-sdk/lib/tinyusb/src/device/usbd.c.o
                0x00000000100048d4                tud_sof_cb
 .text.tud_descriptor_device_qualifier_cb
                0x00000000100048d8        0x4 CMakeFiles/robot.dir/home/daltro/pico-sdk/lib/tinyusb/src/device/usbd.c.o
                0x00000000100048d8                tud_descriptor_device_qualifier_cb
 .text.tud_descriptor_other_speed_configuration_cb
                0x00000000100048dc        0x4 CMakeFiles/robot.dir/home/daltro/pico-sdk/lib/tinyusb/src/device/usbd.c.o
                0x00000000100048dc                tud_descriptor_other_speed_configuration_cb
 .text.tud_mount_cb
                0x00000000100048e0        0x4 CMakeFiles/robot.dir/home/daltro/pico-sdk/lib/tinyusb/src/device/usbd.c.o
                0x00000000100048e0                tud_mount_cb
 .text.tud_umount_cb
                0x00000000100048e4        0x4 CMakeFiles/robot.dir/home/daltro/pico-sdk/lib/tinyusb/src/device/usbd.c.o
                0x00000000100048e4                tud_umount_cb
 .text.tud_suspend_cb
                0x00000000100048e8        0x4 CMakeFiles/robot.dir/home/daltro/pico-sdk/lib/tinyusb/src/device/usbd.c.o
                0x00000000100048e8                tud_suspend_cb
 .text.tud_resume_cb
                0x00000000100048ec        0x4 CMakeFiles/robot.dir/home/daltro/pico-sdk/lib/tinyusb/src/device/usbd.c.o
                0x00000000100048ec                tud_resume_cb
 .text.tud_mounted
                0x00000000100048f0       0x10 CMakeFiles/robot.dir/home/daltro/pico-sdk/lib/tinyusb/src/device/usbd.c.o
                0x00000000100048f0                tud_mounted
 .text.tud_suspended
                0x0000000010004900       0x10 CMakeFiles/robot.dir/home/daltro/pico-sdk/lib/tinyusb/src/device/usbd.c.o
                0x0000000010004900                tud_suspended
 .text.tud_rhport_init
                0x0000000010004910       0xf4 CMakeFiles/robot.dir/home/daltro/pico-sdk/lib/tinyusb/src/device/usbd.c.o
                0x0000000010004910                tud_rhport_init
 .text.tud_task_ext
                0x0000000010004a04      0x800 CMakeFiles/robot.dir/home/daltro/pico-sdk/lib/tinyusb/src/device/usbd.c.o
                0x0000000010004a04                tud_task_ext
 .text.usbd_open_edpt_pair
                0x0000000010005204       0x9c CMakeFiles/robot.dir/home/daltro/pico-sdk/lib/tinyusb/src/device/usbd.c.o
                0x0000000010005204                usbd_open_edpt_pair
 .text.usbd_edpt_open
                0x00000000100052a0       0x34 CMakeFiles/robot.dir/home/daltro/pico-sdk/lib/tinyusb/src/device/usbd.c.o
                0x00000000100052a0                usbd_edpt_open
 .text.usbd_edpt_claim
                0x00000000100052d4       0x28 CMakeFiles/robot.dir/home/daltro/pico-sdk/lib/tinyusb/src/device/usbd.c.o
                0x00000000100052d4                usbd_edpt_claim
 .text.usbd_edpt_release
                0x00000000100052fc       0x28 CMakeFiles/robot.dir/home/daltro/pico-sdk/lib/tinyusb/src/device/usbd.c.o
                0x00000000100052fc                usbd_edpt_release
 .text.usbd_edpt_xfer
                0x0000000010005324       0x4c CMakeFiles/robot.dir/home/daltro/pico-sdk/lib/tinyusb/src/device/usbd.c.o
                0x0000000010005324                usbd_edpt_xfer
 .text.tud_control_status
                0x0000000010005370       0x30 CMakeFiles/robot.dir/home/daltro/pico-sdk/lib/tinyusb/src/device/usbd_control.c.o
                0x0000000010005370                tud_control_status
 .text.tud_control_xfer
                0x00000000100053a0       0xbc CMakeFiles/robot.dir/home/daltro/pico-sdk/lib/tinyusb/src/device/usbd_control.c.o
                0x00000000100053a0                tud_control_xfer
 .text.usbd_control_reset
                0x000000001000545c       0x14 CMakeFiles/robot.dir/home/daltro/pico-sdk/lib/tinyusb/src/device/usbd_control.c.o
                0x000000001000545c                usbd_control_reset
 .text.usbd_control_set_complete_callback
                0x0000000010005470        0xc CMakeFiles/robot.dir/home/daltro/pico-sdk/lib/tinyusb/src/device/usbd_control.c.o
                0x0000000010005470                usbd_control_set_complete_callback
 .text.usbd_control_set_request
                0x000000001000547c       0x1c CMakeFiles/robot.dir/home/daltro/pico-sdk/lib/tinyusb/src/device/usbd_control.c.o
                0x000000001000547c                usbd_control_set_request
 .text.usbd_control_xfer_cb
                0x0000000010005498       0xf0 CMakeFiles/robot.dir/home/daltro/pico-sdk/lib/tinyusb/src/device/usbd_control.c.o
                0x0000000010005498                usbd_control_xfer_cb
 .text._prep_out_transaction.isra.0
                0x0000000010005588       0x6c CMakeFiles/robot.dir/home/daltro/pico-sdk/lib/tinyusb/src/class/cdc/cdc_device.c.o
 .text.tud_cdc_n_connected
                0x00000000100055f4       0x2c CMakeFiles/robot.dir/home/daltro/pico-sdk/lib/tinyusb/src/class/cdc/cdc_device.c.o
                0x00000000100055f4                tud_cdc_n_connected
 .text.tud_cdc_n_available
                0x0000000010005620       0x18 CMakeFiles/robot.dir/home/daltro/pico-sdk/lib/tinyusb/src/class/cdc/cdc_device.c.o
                0x0000000010005620                tud_cdc_n_available
 .text.tud_cdc_n_read
                0x0000000010005638       0x94 CMakeFiles/robot.dir/home/daltro/pico-sdk/lib/tinyusb/src/class/cdc/cdc_device.c.o
                0x0000000010005638                tud_cdc_n_read
 .text.tud_cdc_n_write_flush
                0x00000000100056cc       0x78 CMakeFiles/robot.dir/home/daltro/pico-sdk/lib/tinyusb/src/class/cdc/cdc_device.c.o
                0x00000000100056cc                tud_cdc_n_write_flush
 .text.tud_cdc_n_write
                0x0000000010005744       0x44 CMakeFiles/robot.dir/home/daltro/pico-sdk/lib/tinyusb/src/class/cdc/cdc_device.c.o
                0x0000000010005744                tud_cdc_n_write
 .text.tud_cdc_n_write_available
                0x0000000010005788       0x18 CMakeFiles/robot.dir/home/daltro/pico-sdk/lib/tinyusb/src/class/cdc/cdc_device.c.o
                0x0000000010005788                tud_cdc_n_write_available
 .text.cdcd_init
                0x00000000100057a0       0x70 CMakeFiles/robot.dir/home/daltro/pico-sdk/lib/tinyusb/src/class/cdc/cdc_device.c.o
                0x00000000100057a0                cdcd_init
 .text.cdcd_deinit
                0x0000000010005810       0x24 CMakeFiles/robot.dir/home/daltro/pico-sdk/lib/tinyusb/src/class/cdc/cdc_device.c.o
                0x0000000010005810                cdcd_deinit
 .text.cdcd_reset
                0x0000000010005834       0x4c CMakeFiles/robot.dir/home/daltro/pico-sdk/lib/tinyusb/src/class/cdc/cdc_device.c.o
                0x0000000010005834                cdcd_reset
 .text.cdcd_open
                0x0000000010005880       0xa8 CMakeFiles/robot.dir/home/daltro/pico-sdk/lib/tinyusb/src/class/cdc/cdc_device.c.o
                0x0000000010005880                cdcd_open
 .text.cdcd_control_xfer_cb
                0x0000000010005928       0xe8 CMakeFiles/robot.dir/home/daltro/pico-sdk/lib/tinyusb/src/class/cdc/cdc_device.c.o
                0x0000000010005928                cdcd_control_xfer_cb
 .text.cdcd_xfer_cb
                0x0000000010005a10       0xfc CMakeFiles/robot.dir/home/daltro/pico-sdk/lib/tinyusb/src/class/cdc/cdc_device.c.o
                0x0000000010005a10                cdcd_xfer_cb
 .text.vendord_init
                0x0000000010005b0c       0x5c CMakeFiles/robot.dir/home/daltro/pico-sdk/lib/tinyusb/src/class/vendor/vendor_device.c.o
                0x0000000010005b0c                vendord_init
 .text.vendord_deinit
                0x0000000010005b68       0x1c CMakeFiles/robot.dir/home/daltro/pico-sdk/lib/tinyusb/src/class/vendor/vendor_device.c.o
                0x0000000010005b68                vendord_deinit
 .text.vendord_reset
                0x0000000010005b84       0x28 CMakeFiles/robot.dir/home/daltro/pico-sdk/lib/tinyusb/src/class/vendor/vendor_device.c.o
                0x0000000010005b84                vendord_reset
 .text.vendord_open
                0x0000000010005bac      0x128 CMakeFiles/robot.dir/home/daltro/pico-sdk/lib/tinyusb/src/class/vendor/vendor_device.c.o
                0x0000000010005bac                vendord_open
 .text.vendord_xfer_cb
                0x0000000010005cd4       0x9c CMakeFiles/robot.dir/home/daltro/pico-sdk/lib/tinyusb/src/class/vendor/vendor_device.c.o
                0x0000000010005cd4                vendord_xfer_cb
 .text.tusb_rhport_init
                0x0000000010005d70       0x48 CMakeFiles/robot.dir/home/daltro/pico-sdk/lib/tinyusb/src/tusb.c.o
                0x0000000010005d70                tusb_rhport_init
 .text.tu_edpt_claim
                0x0000000010005db8       0x50 CMakeFiles/robot.dir/home/daltro/pico-sdk/lib/tinyusb/src/tusb.c.o
                0x0000000010005db8                tu_edpt_claim
 .text.tu_edpt_release
                0x0000000010005e08       0x38 CMakeFiles/robot.dir/home/daltro/pico-sdk/lib/tinyusb/src/tusb.c.o
                0x0000000010005e08                tu_edpt_release
 .text.tu_edpt_validate
                0x0000000010005e40       0x78 CMakeFiles/robot.dir/home/daltro/pico-sdk/lib/tinyusb/src/tusb.c.o
                0x0000000010005e40                tu_edpt_validate
 .text.tu_edpt_bind_driver
                0x0000000010005eb8       0x34 CMakeFiles/robot.dir/home/daltro/pico-sdk/lib/tinyusb/src/tusb.c.o
                0x0000000010005eb8                tu_edpt_bind_driver
 .text.tu_edpt_stream_init
                0x0000000010005eec       0x6c CMakeFiles/robot.dir/home/daltro/pico-sdk/lib/tinyusb/src/tusb.c.o
                0x0000000010005eec                tu_edpt_stream_init
 .text.tu_edpt_stream_deinit
                0x0000000010005f58        0x4 CMakeFiles/robot.dir/home/daltro/pico-sdk/lib/tinyusb/src/tusb.c.o
                0x0000000010005f58                tu_edpt_stream_deinit
 .text.tu_edpt_stream_write_zlp_if_needed
                0x0000000010005f5c       0x58 CMakeFiles/robot.dir/home/daltro/pico-sdk/lib/tinyusb/src/tusb.c.o
                0x0000000010005f5c                tu_edpt_stream_write_zlp_if_needed
 .text.tu_edpt_stream_write_xfer
                0x0000000010005fb4       0x64 CMakeFiles/robot.dir/home/daltro/pico-sdk/lib/tinyusb/src/tusb.c.o
                0x0000000010005fb4                tu_edpt_stream_write_xfer
 .text.tu_edpt_stream_read_xfer
                0x0000000010006018       0xdc CMakeFiles/robot.dir/home/daltro/pico-sdk/lib/tinyusb/src/tusb.c.o
                0x0000000010006018                tu_edpt_stream_read_xfer
 .text.tu_fifo_config
                0x00000000100060f4       0x70 CMakeFiles/robot.dir/home/daltro/pico-sdk/lib/tinyusb/src/common/tusb_fifo.c.o
                0x00000000100060f4                tu_fifo_config
 .text.tu_fifo_count
                0x0000000010006164       0x2c CMakeFiles/robot.dir/home/daltro/pico-sdk/lib/tinyusb/src/common/tusb_fifo.c.o
                0x0000000010006164                tu_fifo_count
 .text.tu_fifo_empty
                0x0000000010006190       0x10 CMakeFiles/robot.dir/home/daltro/pico-sdk/lib/tinyusb/src/common/tusb_fifo.c.o
                0x0000000010006190                tu_fifo_empty
 .text.tu_fifo_remaining
                0x00000000100061a0       0x2c CMakeFiles/robot.dir/home/daltro/pico-sdk/lib/tinyusb/src/common/tusb_fifo.c.o
                0x00000000100061a0                tu_fifo_remaining
 .text.tu_fifo_read
                0x00000000100061cc       0xa0 CMakeFiles/robot.dir/home/daltro/pico-sdk/lib/tinyusb/src/common/tusb_fifo.c.o
                0x00000000100061cc                tu_fifo_read
 .text.tu_fifo_read_n
                0x000000001000626c       0xec CMakeFiles/robot.dir/home/daltro/pico-sdk/lib/tinyusb/src/common/tusb_fifo.c.o
                0x000000001000626c                tu_fifo_read_n
 .text.tu_fifo_write
                0x0000000010006358       0x88 CMakeFiles/robot.dir/home/daltro/pico-sdk/lib/tinyusb/src/common/tusb_fifo.c.o
                0x0000000010006358                tu_fifo_write
 .text.tu_fifo_write_n
                0x00000000100063e0      0x168 CMakeFiles/robot.dir/home/daltro/pico-sdk/lib/tinyusb/src/common/tusb_fifo.c.o
                0x00000000100063e0                tu_fifo_write_n
 .text.tu_fifo_clear
                0x0000000010006548       0x40 CMakeFiles/robot.dir/home/daltro/pico-sdk/lib/tinyusb/src/common/tusb_fifo.c.o
                0x0000000010006548                tu_fifo_clear
 .text.tu_fifo_set_overwritable
                0x0000000010006588       0x48 CMakeFiles/robot.dir/home/daltro/pico-sdk/lib/tinyusb/src/common/tusb_fifo.c.o
                0x0000000010006588                tu_fifo_set_overwritable
 .text          0x00000000100065d0       0x28 /usr/lib/gcc/arm-none-eabi/10.3.1/../../../arm-none-eabi/lib/thumb/v6-m/nofp/libg.a(lib_a-malloc.o)
                0x00000000100065d0                malloc
                0x00000000100065e4                free
 .text          0x00000000100065f8      0x574 /usr/lib/gcc/arm-none-eabi/10.3.1/../../../arm-none-eabi/lib/thumb/v6-m/nofp/libg.a(lib_a-mallocr.o)
                0x00000000100065f8                _malloc_r
 .text          0x0000000010006b6c        0x8 /usr/lib/gcc/arm-none-eabi/10.3.1/../../../arm-none-eabi/lib/thumb/v6-m/nofp/libg.a(lib_a-mlock.o)
                0x0000000010006b6c                __malloc_lock
                0x0000000010006b70                __malloc_unlock
 .text          0x0000000010006b74       0x24 /usr/lib/gcc/arm-none-eabi/10.3.1/../../../arm-none-eabi/lib/thumb/v6-m/nofp/libg.a(lib_a-sbrkr.o)
                0x0000000010006b74                _sbrk_r
 .text          0x0000000010006b98       0x5c /usr/lib/gcc/arm-none-eabi/10.3.1/../../../arm-none-eabi/lib/thumb/v6-m/nofp/libg.a(lib_a-strlen-stub.o)
                0x0000000010006b98                strlen
 .text          0x0000000010006bf4      0x260 /usr/lib/gcc/arm-none-eabi/10.3.1/../../../arm-none-eabi/lib/thumb/v6-m/nofp/libg.a(lib_a-freer.o)
                0x0000000010006bf4                _malloc_trim_r
                0x0000000010006c90                _free_r
 *(.fini)
 .fini          0x0000000010006e54        0x4 /usr/lib/gcc/arm-none-eabi/10.3.1/thumb/v6-m/nofp/crti.o
                0x0000000010006e54                _fini
 .fini.__stub   0x0000000010006e58       0xd0 linker stubs
 *crtbegin.o(.ctors)
 *crtbegin?.o(.ctors)
 *(EXCLUDE_FILE(*crtend.o *crtend?.o) .ctors)
 *(SORT_BY_NAME(.ctors.*))
 *(.ctors)
 *crtbegin.o(.dtors)
 *crtbegin?.o(.dtors)
 *(EXCLUDE_FILE(*crtend.o *crtend?.o) .dtors)
 *(SORT_BY_NAME(.dtors.*))
 *(.dtors)
                0x0000000010006f28                . = ALIGN (0x4)
                0x0000000010006f28                PROVIDE (__preinit_array_start = .)
 *(SORT_BY_NAME(.preinit_array.*))
 .preinit_array.00100
                0x0000000010006f28        0x4 CMakeFiles/robot.dir/home/daltro/pico-sdk/src/rp2_common/pico_runtime_init/runtime_init.c.o
                0x0000000010006f28                __pre_init_runtime_init_early_resets
 .preinit_array.00101
                0x0000000010006f2c        0x4 CMakeFiles/robot.dir/home/daltro/pico-sdk/src/rp2_common/pico_runtime_init/runtime_init.c.o
                0x0000000010006f2c                __pre_init_runtime_init_usb_power_down
 .preinit_array.00275
                0x0000000010006f30        0x4 CMakeFiles/robot.dir/home/daltro/pico-sdk/src/rp2_common/pico_bit_ops/bit_ops_aeabi.S.o
 .preinit_array.00300
                0x0000000010006f34        0x4 CMakeFiles/robot.dir/home/daltro/pico-sdk/src/rp2_common/pico_mem_ops/mem_ops_aeabi.S.o
 .preinit_array.00350
                0x0000000010006f38        0x4 CMakeFiles/robot.dir/home/daltro/pico-sdk/src/rp2_common/pico_double/double_aeabi_rp2040.S.o
 .preinit_array.00350
                0x0000000010006f3c        0x4 CMakeFiles/robot.dir/home/daltro/pico-sdk/src/rp2_common/pico_float/float_aeabi_rp2040.S.o
 .preinit_array.00500
                0x0000000010006f40        0x4 CMakeFiles/robot.dir/home/daltro/pico-sdk/src/rp2_common/pico_runtime_init/runtime_init.c.o
                0x0000000010006f40                __pre_init_runtime_init_clocks
 .preinit_array.00600
                0x0000000010006f44        0x4 CMakeFiles/robot.dir/home/daltro/pico-sdk/src/rp2_common/pico_runtime_init/runtime_init.c.o
                0x0000000010006f44                __pre_init_runtime_init_post_clock_resets
 .preinit_array.00700
                0x0000000010006f48        0x4 CMakeFiles/robot.dir/home/daltro/pico-sdk/src/rp2_common/pico_runtime_init/runtime_init.c.o
                0x0000000010006f48                __pre_init_runtime_init_rp2040_gpio_ie_disable
 .preinit_array.01000
                0x0000000010006f4c        0x4 CMakeFiles/robot.dir/home/daltro/pico-sdk/src/rp2_common/pico_runtime_init/runtime_init.c.o
                0x0000000010006f4c                __pre_init_runtime_init_spin_locks_reset
 .preinit_array.01100
                0x0000000010006f50        0x4 CMakeFiles/robot.dir/home/daltro/pico-sdk/src/common/pico_sync/mutex.c.o
                0x0000000010006f50                __pre_init_runtime_init_mutex
 .preinit_array.10080
                0x0000000010006f54        0x4 CMakeFiles/robot.dir/home/daltro/pico-sdk/src/rp2_common/pico_runtime_init/runtime_init.c.o
                0x0000000010006f54                __pre_init_runtime_init_install_ram_vector_table
 .preinit_array.11000
                0x0000000010006f58        0x4 CMakeFiles/robot.dir/home/daltro/pico-sdk/src/common/pico_time/time.c.o
                0x0000000010006f58                __pre_init_runtime_init_default_alarm_pool
 .preinit_array.YYYYY
                0x0000000010006f5c        0x4 CMakeFiles/robot.dir/home/daltro/pico-sdk/src/rp2_common/pico_runtime/runtime.c.o
                0x0000000010006f5c                __pre_init_first_per_core_initializer
 .preinit_array.ZZZZZ.01200
                0x0000000010006f60        0x4 CMakeFiles/robot.dir/home/daltro/pico-sdk/src/rp2_common/hardware_irq/irq.c.o
                0x0000000010006f60                __pre_init_runtime_init_per_core_irq_priorities
 *(.preinit_array)
                0x0000000010006f64                PROVIDE (__preinit_array_end = .)
                0x0000000010006f64                . = ALIGN (0x4)
                0x0000000010006f64                PROVIDE (__init_array_start = .)
 *(SORT_BY_NAME(.init_array.*))
 *(.init_array)
 .init_array    0x0000000010006f64        0x4 /usr/lib/gcc/arm-none-eabi/10.3.1/thumb/v6-m/nofp/crtbegin.o
 .init_array    0x0000000010006f68        0x4 CMakeFiles/robot.dir/home/daltro/pico-sdk/src/rp2_common/pico_unique_id/unique_id.c.o
                0x0000000010006f6c                PROVIDE (__init_array_end = .)
                0x0000000010006f6c                . = ALIGN (0x4)
                0x0000000010006f6c                PROVIDE (__fini_array_start = .)
 *(SORT_BY_NAME(.fini_array.*))
 *(.fini_array)
                0x0000000010006f6c                PROVIDE (__fini_array_end = .)
 *(.eh_frame*)
 .eh_frame      0x0000000010006f6c        0x0 /usr/lib/gcc/arm-none-eabi/10.3.1/thumb/v6-m/nofp/crtbegin.o
                0x0000000010006f6c                . = ALIGN (0x4)

.glue_7         0x0000000010006f6c        0x0
 .glue_7        0x0000000010006f6c        0x0 linker stubs

.glue_7t        0x0000000010006f6c        0x0
 .glue_7t       0x0000000010006f6c        0x0 linker stubs

.vfp11_veneer   0x0000000010006f6c        0x0
 .vfp11_veneer  0x0000000010006f6c        0x0 linker stubs

.v4_bx          0x0000000010006f6c        0x0
 .v4_bx         0x0000000010006f6c        0x0 linker stubs

.iplt           0x0000000010006f6c        0x0
 .iplt          0x0000000010006f6c        0x0 /usr/lib/gcc/arm-none-eabi/10.3.1/thumb/v6-m/nofp/crtbegin.o

.rodata         0x0000000010006f70      0x6d8
 *(EXCLUDE_FILE(*libm.a: *libc.a:*lib_a-mem*.o *libgcc.a:) .rodata*)
 .rodata.set_pwm.str1.4
                0x0000000010006f70       0x13 CMakeFiles/robot.dir/main.c.o
 *fill*         0x0000000010006f83        0x1 
 .rodata.main.str1.4
                0x0000000010006f84       0x32 CMakeFiles/robot.dir/main.c.o
 *fill*         0x0000000010006fb6        0x2 
 .rodata.panic.str1.4
                0x0000000010006fb8       0x12 CMakeFiles/robot.dir/home/daltro/pico-sdk/src/rp2_common/pico_platform_panic/panic.c.o
 *fill*         0x0000000010006fca        0x2 
 .rodata.spin_lock_claim_unused.str1.4
                0x0000000010006fcc       0x1b CMakeFiles/robot.dir/home/daltro/pico-sdk/src/rp2_common/hardware_sync/sync.c.o
 *fill*         0x0000000010006fe7        0x1 
 .rodata.user_irq_claim_unused.str1.4
                0x0000000010006fe8       0x1b CMakeFiles/robot.dir/home/daltro/pico-sdk/src/rp2_common/hardware_irq/irq.c.o
 *fill*         0x0000000010007003        0x1 
 .rodata.timer_hardware_alarm_claim.str1.4
                0x0000000010007004       0x22 CMakeFiles/robot.dir/home/daltro/pico-sdk/src/rp2_common/hardware_timer/timer.c.o
 *fill*         0x0000000010007026        0x2 
 .rodata.hard_assertion_failure.str1.4
                0x0000000010007028        0xc CMakeFiles/robot.dir/home/daltro/pico-sdk/src/rp2_common/pico_runtime/runtime.c.o
 .rodata.missing_double_func_shim.str1.4
                0x0000000010007034       0x18 CMakeFiles/robot.dir/home/daltro/pico-sdk/src/rp2_common/pico_double/double_init_rom_rp2040.c.o
 .rodata.missing_float_func_shim.str1.4
                0x000000001000704c       0x18 CMakeFiles/robot.dir/home/daltro/pico-sdk/src/rp2_common/pico_float/float_init_rom_rp2040.c.o
                                          0x1 (size before relaxing)
 .rodata.__wrap_malloc.str1.4
                0x000000001000704c        0xe CMakeFiles/robot.dir/home/daltro/pico-sdk/src/rp2_common/pico_malloc/malloc.c.o
 *fill*         0x000000001000705a        0x2 
 .rodata.str1.4
                0x000000001000705c       0x40 CMakeFiles/robot.dir/home/daltro/pico-sdk/src/rp2_common/pico_standard_binary_info/standard_binary_info.c.o
 .rodata.__bi_26
                0x000000001000709c        0xc CMakeFiles/robot.dir/home/daltro/pico-sdk/src/rp2_common/pico_standard_binary_info/standard_binary_info.c.o
 .rodata.__bi_34
                0x00000000100070a8        0xc CMakeFiles/robot.dir/home/daltro/pico-sdk/src/rp2_common/pico_standard_binary_info/standard_binary_info.c.o
 .rodata.__bi_42
                0x00000000100070b4        0xc CMakeFiles/robot.dir/home/daltro/pico-sdk/src/rp2_common/pico_standard_binary_info/standard_binary_info.c.o
 .rodata.__bi_48
                0x00000000100070c0        0xc CMakeFiles/robot.dir/home/daltro/pico-sdk/src/rp2_common/pico_standard_binary_info/standard_binary_info.c.o
 .rodata.__bi_54
                0x00000000100070cc        0xc CMakeFiles/robot.dir/home/daltro/pico-sdk/src/rp2_common/pico_standard_binary_info/standard_binary_info.c.o
 .rodata.__bi_60
                0x00000000100070d8        0xc CMakeFiles/robot.dir/home/daltro/pico-sdk/src/rp2_common/pico_standard_binary_info/standard_binary_info.c.o
 .rodata.__bi_78
                0x00000000100070e4        0xc CMakeFiles/robot.dir/home/daltro/pico-sdk/src/rp2_common/pico_standard_binary_info/standard_binary_info.c.o
 .rodata.__bi_84
                0x00000000100070f0        0xc CMakeFiles/robot.dir/home/daltro/pico-sdk/src/rp2_common/pico_standard_binary_info/standard_binary_info.c.o
 .rodata._ftoa.str1.4
                0x00000000100070fc       0x15 CMakeFiles/robot.dir/home/daltro/pico-sdk/src/rp2_common/pico_printf/printf.c.o
 *fill*         0x0000000010007111        0x3 
 .rodata._vsnprintf
                0x0000000010007114      0x1e0 CMakeFiles/robot.dir/home/daltro/pico-sdk/src/rp2_common/pico_printf/printf.c.o
 *fill*         0x00000000100072f4        0x4 
 .rodata.pow10.0
                0x00000000100072f8       0x50 CMakeFiles/robot.dir/home/daltro/pico-sdk/src/rp2_common/pico_printf/printf.c.o
 .rodata.crlf_str.0
                0x0000000010007348        0x2 CMakeFiles/robot.dir/home/daltro/pico-sdk/src/rp2_common/pico_stdio/stdio.c.o
 *fill*         0x000000001000734a        0x2 
 .rodata._resetd_driver
                0x000000001000734c       0x20 CMakeFiles/robot.dir/home/daltro/pico-sdk/src/rp2_common/pico_stdio_usb/reset_interface.c.o
 .rodata.desc_bos
                0x000000001000736c       0x21 CMakeFiles/robot.dir/home/daltro/pico-sdk/src/rp2_common/pico_stdio_usb/reset_interface.c.o
                0x000000001000736c                desc_bos
 *fill*         0x000000001000738d        0x3 
 .rodata.desc_ms_os_20
                0x0000000010007390       0xa6 CMakeFiles/robot.dir/home/daltro/pico-sdk/src/rp2_common/pico_stdio_usb/reset_interface.c.o
 *fill*         0x0000000010007436        0x2 
 .rodata.str1.4
                0x0000000010007438       0x13 CMakeFiles/robot.dir/home/daltro/pico-sdk/src/rp2_common/pico_stdio_usb/stdio_usb.c.o
 *fill*         0x000000001000744b        0x1 
 .rodata.__bi_197.0
                0x000000001000744c        0xc CMakeFiles/robot.dir/home/daltro/pico-sdk/src/rp2_common/pico_stdio_usb/stdio_usb.c.o
 .rodata.str1.4
                0x0000000010007458       0x2a CMakeFiles/robot.dir/home/daltro/pico-sdk/src/rp2_common/pico_stdio_usb/stdio_usb_descriptors.c.o
 *fill*         0x0000000010007482        0x2 
 .rodata.usbd_desc_cfg
                0x0000000010007484       0x54 CMakeFiles/robot.dir/home/daltro/pico-sdk/src/rp2_common/pico_stdio_usb/stdio_usb_descriptors.c.o
 .rodata.usbd_desc_device
                0x00000000100074d8       0x12 CMakeFiles/robot.dir/home/daltro/pico-sdk/src/rp2_common/pico_stdio_usb/stdio_usb_descriptors.c.o
 *fill*         0x00000000100074ea        0x2 
 .rodata.usbd_desc_str
                0x00000000100074ec       0x18 CMakeFiles/robot.dir/home/daltro/pico-sdk/src/rp2_common/pico_stdio_usb/stdio_usb_descriptors.c.o
 .rodata.str1.4
                0x0000000010007504       0x14 CMakeFiles/robot.dir/home/daltro/pico-sdk/lib/tinyusb/src/portable/raspberrypi/rp2040/dcd_rp2040.c.o
 .rodata.str1.4
                0x0000000010007518       0x48 CMakeFiles/robot.dir/home/daltro/pico-sdk/lib/tinyusb/src/portable/raspberrypi/rp2040/rp2040_usb.c.o
 .rodata.tud_task_ext
                0x0000000010007560       0x8c CMakeFiles/robot.dir/home/daltro/pico-sdk/lib/tinyusb/src/device/usbd.c.o
 .rodata        0x00000000100075ec       0x1c CMakeFiles/robot.dir/home/daltro/pico-sdk/lib/tinyusb/src/device/usbd.c.o
 .rodata._usbd_driver
                0x0000000010007608       0x40 CMakeFiles/robot.dir/home/daltro/pico-sdk/lib/tinyusb/src/device/usbd.c.o
                0x0000000010007648                . = ALIGN (0x4)
 *(SORT_BY_ALIGNMENT(SORT_BY_NAME(.flashdata*)))
                0x0000000010007648                . = ALIGN (0x4)

.ARM.extab
 *(.ARM.extab* .gnu.linkonce.armextab.*)
                0x0000000010007648                __exidx_start = .

.ARM.exidx
 *(.ARM.exidx* .gnu.linkonce.armexidx.*)
                0x0000000010007648                __exidx_end = .
                0x0000000010007648                . = ALIGN (0x4)
                0x0000000010007648                __binary_info_start = .

.binary_info    0x0000000010007648       0x24
 *(.binary_info.keep.*)
 .binary_info.keep.__bi_ptr26
                0x0000000010007648        0x4 CMakeFiles/robot.dir/home/daltro/pico-sdk/src/rp2_common/pico_standard_binary_info/standard_binary_info.c.o
 .binary_info.keep.__bi_ptr34
                0x000000001000764c        0x4 CMakeFiles/robot.dir/home/daltro/pico-sdk/src/rp2_common/pico_standard_binary_info/standard_binary_info.c.o
 .binary_info.keep.__bi_ptr42
                0x0000000010007650        0x4 CMakeFiles/robot.dir/home/daltro/pico-sdk/src/rp2_common/pico_standard_binary_info/standard_binary_info.c.o
 .binary_info.keep.__bi_ptr48
                0x0000000010007654        0x4 CMakeFiles/robot.dir/home/daltro/pico-sdk/src/rp2_common/pico_standard_binary_info/standard_binary_info.c.o
 .binary_info.keep.__bi_ptr54
                0x0000000010007658        0x4 CMakeFiles/robot.dir/home/daltro/pico-sdk/src/rp2_common/pico_standard_binary_info/standard_binary_info.c.o
 .binary_info.keep.__bi_ptr60
                0x000000001000765c        0x4 CMakeFiles/robot.dir/home/daltro/pico-sdk/src/rp2_common/pico_standard_binary_info/standard_binary_info.c.o
 .binary_info.keep.__bi_ptr78
                0x0000000010007660        0x4 CMakeFiles/robot.dir/home/daltro/pico-sdk/src/rp2_common/pico_standard_binary_info/standard_binary_info.c.o
 .binary_info.keep.__bi_ptr84
                0x0000000010007664        0x4 CMakeFiles/robot.dir/home/daltro/pico-sdk/src/rp2_common/pico_standard_binary_info/standard_binary_info.c.o
 *(.binary_info.*)
 .binary_info.__bi_ptr197
                0x0000000010007668        0x4 CMakeFiles/robot.dir/home/daltro/pico-sdk/src/rp2_common/pico_stdio_usb/stdio_usb.c.o
                0x000000001000766c                __binary_info_end = .

.rel.dyn        0x000000001000766c        0x0
 .rel.iplt      0x000000001000766c        0x0 /usr/lib/gcc/arm-none-eabi/10.3.1/thumb/v6-m/nofp/crtbegin.o
                0x000000001000766c                . = ALIGN (0x4)

.ram_vector_table
                0x0000000020000000       0xc0
 *(.ram_vector_table)
 .ram_vector_table
                0x0000000020000000       0xc0 CMakeFiles/robot.dir/home/daltro/pico-sdk/src/rp2_common/pico_runtime_init/runtime_init.c.o
                0x0000000020000000                ram_vector_table

.uninitialized_data
                0x00000000200000c0        0x0
                0x00000000200000c0                . = ALIGN (0x4)
 *(.uninitialized_data*)

.data           0x00000000200000c0     0x1820 load address 0x000000001000766c
                0x00000000200000c0                __data_start__ = .
 *(vtable)
 *(.time_critical*)
 .time_critical.mutex_try_enter
                0x00000000200000c0       0x44 CMakeFiles/robot.dir/home/daltro/pico-sdk/src/common/pico_sync/mutex.c.o
                0x00000000200000c0                mutex_try_enter
 .time_critical.mutex_try_enter_block_until
                0x0000000020000104       0x9c CMakeFiles/robot.dir/home/daltro/pico-sdk/src/common/pico_sync/mutex.c.o
                0x0000000020000104                mutex_try_enter_block_until
 .time_critical.mutex_enter_timeout_ms
                0x00000000200001a0       0x90 CMakeFiles/robot.dir/home/daltro/pico-sdk/src/common/pico_sync/mutex.c.o
                0x00000000200001a0                mutex_enter_timeout_ms
 .time_critical.mutex_exit
                0x0000000020000230       0x28 CMakeFiles/robot.dir/home/daltro/pico-sdk/src/common/pico_sync/mutex.c.o
                0x0000000020000230                mutex_exit
 .time_critical.flash_init_boot2_copyout
                0x0000000020000258       0x30 CMakeFiles/robot.dir/home/daltro/pico-sdk/src/rp2_common/hardware_flash/flash.c.o
 .time_critical.flash_enable_xip_via_boot2
                0x0000000020000288       0x10 CMakeFiles/robot.dir/home/daltro/pico-sdk/src/rp2_common/hardware_flash/flash.c.o
 .time_critical.flash_cs_force
                0x0000000020000298       0x38 CMakeFiles/robot.dir/home/daltro/pico-sdk/src/rp2_common/hardware_flash/flash.c.o
 .time_critical.flash_do_cmd
                0x00000000200002d0       0xc4 CMakeFiles/robot.dir/home/daltro/pico-sdk/src/rp2_common/hardware_flash/flash.c.o
                0x00000000200002d0                flash_do_cmd
 .time_critical.reset_non_control_endpoints
                0x0000000020000394       0xbc CMakeFiles/robot.dir/home/daltro/pico-sdk/lib/tinyusb/src/portable/raspberrypi/rp2040/dcd_rp2040.c.o
 .time_critical.hw_handle_buff_status
                0x0000000020000450       0x98 CMakeFiles/robot.dir/home/daltro/pico-sdk/lib/tinyusb/src/portable/raspberrypi/rp2040/dcd_rp2040.c.o
 .time_critical.dcd_rp2040_irq
                0x00000000200004e8      0x530 CMakeFiles/robot.dir/home/daltro/pico-sdk/lib/tinyusb/src/portable/raspberrypi/rp2040/dcd_rp2040.c.o
 .time_critical.prepare_ep_buffer
                0x0000000020000a18       0xf4 CMakeFiles/robot.dir/home/daltro/pico-sdk/lib/tinyusb/src/portable/raspberrypi/rp2040/rp2040_usb.c.o
 .time_critical.sync_ep_buffer
                0x0000000020000b0c       0xb4 CMakeFiles/robot.dir/home/daltro/pico-sdk/lib/tinyusb/src/portable/raspberrypi/rp2040/rp2040_usb.c.o
 .time_critical._hw_endpoint_xfer_sync
                0x0000000020000bc0       0x28 CMakeFiles/robot.dir/home/daltro/pico-sdk/lib/tinyusb/src/portable/raspberrypi/rp2040/rp2040_usb.c.o
 .time_critical.e15_is_bulkin_ep
                0x0000000020000be8       0x28 CMakeFiles/robot.dir/home/daltro/pico-sdk/lib/tinyusb/src/portable/raspberrypi/rp2040/rp2040_usb.c.o
 .time_critical.e15_is_critical_frame_period
                0x0000000020000c10       0x34 CMakeFiles/robot.dir/home/daltro/pico-sdk/lib/tinyusb/src/portable/raspberrypi/rp2040/rp2040_usb.c.o
 .time_critical.hw_endpoint_reset_transfer
                0x0000000020000c44        0xc CMakeFiles/robot.dir/home/daltro/pico-sdk/lib/tinyusb/src/portable/raspberrypi/rp2040/rp2040_usb.c.o
                0x0000000020000c44                hw_endpoint_reset_transfer
 .time_critical._hw_endpoint_buffer_control_update32
                0x0000000020000c50       0x50 CMakeFiles/robot.dir/home/daltro/pico-sdk/lib/tinyusb/src/portable/raspberrypi/rp2040/rp2040_usb.c.o
                0x0000000020000c50                _hw_endpoint_buffer_control_update32
 .time_critical.hw_endpoint_start_next_buffer
                0x0000000020000ca0       0x6c CMakeFiles/robot.dir/home/daltro/pico-sdk/lib/tinyusb/src/portable/raspberrypi/rp2040/rp2040_usb.c.o
                0x0000000020000ca0                hw_endpoint_start_next_buffer
 .time_critical.hw_endpoint_xfer_continue
                0x0000000020000d0c       0x40 CMakeFiles/robot.dir/home/daltro/pico-sdk/lib/tinyusb/src/portable/raspberrypi/rp2040/rp2040_usb.c.o
                0x0000000020000d0c                hw_endpoint_xfer_continue
 .time_critical.tinyusb
                0x0000000020000d4c      0x1f0 CMakeFiles/robot.dir/home/daltro/pico-sdk/lib/tinyusb/src/device/usbd.c.o
                0x0000000020000d4c                dcd_event_handler
 *(.text*)
 .text          0x0000000020000f3c        0x4 /usr/lib/gcc/arm-none-eabi/10.3.1/thumb/v6-m/nofp/libgcc.a(_dvmd_tls.o)
                0x0000000020000f3c                __aeabi_ldiv0
                0x0000000020000f3c                __aeabi_idiv0
 .text.__stub   0x0000000020000f40       0x80 linker stubs
                0x0000000020000fc0                . = ALIGN (0x4)
 *(.rodata*)
                0x0000000020000fc0                . = ALIGN (0x4)
 *(.data*)
 .data.gpio_input1
                0x0000000020000fc0        0x4 CMakeFiles/robot.dir/main.c.o
                0x0000000020000fc0                gpio_input1
 .data.gpio_input2
                0x0000000020000fc4        0x4 CMakeFiles/robot.dir/main.c.o
                0x0000000020000fc4                gpio_input2
 .data.gpio_input3
                0x0000000020000fc8        0x4 CMakeFiles/robot.dir/main.c.o
                0x0000000020000fc8                gpio_input3
 .data.gpio_input4
                0x0000000020000fcc        0x4 CMakeFiles/robot.dir/main.c.o
                0x0000000020000fcc                gpio_input4
 .data.gpio_pwm
                0x0000000020000fd0        0x4 CMakeFiles/robot.dir/main.c.o
                0x0000000020000fd0                gpio_pwm
 .data.gpio_pwm2
                0x0000000020000fd4        0x4 CMakeFiles/robot.dir/main.c.o
                0x0000000020000fd4                gpio_pwm2
 .data.gpio_stdby
                0x0000000020000fd8        0x4 CMakeFiles/robot.dir/main.c.o
                0x0000000020000fd8                gpio_stdby
 .data.striped_spin_lock_num
                0x0000000020000fdc        0x1 CMakeFiles/robot.dir/home/daltro/pico-sdk/src/rp2_common/hardware_sync/sync.c.o
 *fill*         0x0000000020000fdd        0x3 
 .data          0x0000000020000fe0       0x48 CMakeFiles/robot.dir/home/daltro/pico-sdk/src/rp2_common/hardware_irq/irq_handler_chain.S.o
                0x0000000020000fe0                irq_handler_chain_slots
                0x0000000020001010                irq_handler_chain_first_slot
                0x000000002000101a                irq_handler_chain_remove_tail
 .data.default_alarm_pool
                0x0000000020001028       0x18 CMakeFiles/robot.dir/home/daltro/pico-sdk/src/common/pico_time/time.c.o
 .data.aeabi_bits_funcs
                0x0000000020001040       0x10 CMakeFiles/robot.dir/home/daltro/pico-sdk/src/rp2_common/pico_bit_ops/bit_ops_aeabi.S.o
                0x0000000020001040                aeabi_bits_funcs
                0x0000000020001050                aeabi_bits_funcs_end
 .data.aeabi_mem_funcs
                0x0000000020001050       0x10 CMakeFiles/robot.dir/home/daltro/pico-sdk/src/rp2_common/pico_mem_ops/mem_ops_aeabi.S.o
                0x0000000020001050                aeabi_mem_funcs
                0x0000000020001060                aeabi_mem_funcs_end
 .data.stdio_usb
                0x0000000020001060       0x18 CMakeFiles/robot.dir/home/daltro/pico-sdk/src/rp2_common/pico_stdio_usb/stdio_usb.c.o
                0x0000000020001060                stdio_usb
 .data._usbd_qdef
                0x0000000020001078       0x1c CMakeFiles/robot.dir/home/daltro/pico-sdk/lib/tinyusb/src/device/usbd.c.o
                0x0000000020001078                _usbd_qdef
 .data._usbd_rhport
                0x0000000020001094        0x1 CMakeFiles/robot.dir/home/daltro/pico-sdk/lib/tinyusb/src/device/usbd.c.o
 *fill*         0x0000000020001095        0x3 
 .data          0x0000000020001098      0x430 /usr/lib/gcc/arm-none-eabi/10.3.1/../../../arm-none-eabi/lib/thumb/v6-m/nofp/libg.a(lib_a-impure.o)
                0x0000000020001098                _impure_ptr
 .data          0x00000000200014c8      0x410 /usr/lib/gcc/arm-none-eabi/10.3.1/../../../arm-none-eabi/lib/thumb/v6-m/nofp/libg.a(lib_a-mallocr.o)
                0x00000000200014c8                __malloc_sbrk_base
                0x00000000200014cc                __malloc_trim_threshold
                0x00000000200014d0                __malloc_av_
                0x00000000200018d8                . = ALIGN (0x4)
 *(.after_data.*)
                0x00000000200018d8                . = ALIGN (0x4)
                0x00000000200018d8                PROVIDE (__mutex_array_start = .)
 *(SORT_BY_NAME(.mutex_array.*))
 *(.mutex_array)
 .mutex_array   0x00000000200018d8        0x8 CMakeFiles/robot.dir/home/daltro/pico-sdk/src/rp2_common/pico_stdio/stdio.c.o
                0x00000000200018e0                PROVIDE (__mutex_array_end = .)
                0x00000000200018e0                . = ALIGN (0x4)
 *(.jcr)
                0x00000000200018e0                . = ALIGN (0x4)

.tm_clone_table
                0x00000000200018e0        0x0 load address 0x0000000010008e8c
 .tm_clone_table
                0x00000000200018e0        0x0 /usr/lib/gcc/arm-none-eabi/10.3.1/thumb/v6-m/nofp/crtbegin.o
 .tm_clone_table
                0x00000000200018e0        0x0 /usr/lib/gcc/arm-none-eabi/10.3.1/thumb/v6-m/nofp/crtend.o

.igot.plt       0x00000000200018e0        0x0 load address 0x0000000010008e8c
 .igot.plt      0x00000000200018e0        0x0 /usr/lib/gcc/arm-none-eabi/10.3.1/thumb/v6-m/nofp/crtbegin.o

.tdata          0x00000000200018e0        0x0 load address 0x0000000010008e8c
                0x00000000200018e0                . = ALIGN (0x4)
 *(.tdata .tdata.* .gnu.linkonce.td.*)
                0x00000000200018e0                __tdata_end = .
                0x00000000200018e0                PROVIDE (__data_end__ = .)
                0x000000001000766c                __etext = LOADADDR (.data)

.tbss           0x00000000200018e0        0x0 load address 0x0000000010008e8c
                0x00000000200018e0                . = ALIGN (0x4)
                0x00000000200018e0                __bss_start__ = .
                0x00000000200018e0                __tls_base = .
 *(.tbss .tbss.* .gnu.linkonce.tb.*)
 *(.tcommon)
                0x00000000200018e0                __tls_end = .

.bss            0x00000000200018e0      0xf3c load address 0x0000000010008e8c
                0x00000000200018e0                . = ALIGN (0x4)
                0x00000000200018e0                __tbss_end = .
 *(SORT_BY_ALIGNMENT(SORT_BY_NAME(.bss*)))
 .bss.default_alarm_pool_entries
                0x00000000200018e0      0x180 CMakeFiles/robot.dir/home/daltro/pico-sdk/src/common/pico_time/time.c.o
 .bss.last_avail_time.1
                0x0000000020001a60        0x8 CMakeFiles/robot.dir/home/daltro/pico-sdk/src/rp2_common/pico_stdio_usb/stdio_usb.c.o
 .bss.sd_table  0x0000000020001a68      0x100 CMakeFiles/robot.dir/home/daltro/pico-sdk/src/rp2_common/pico_double/double_init_rom_rp2040.c.o
                0x0000000020001a68                sd_table
 .bss           0x0000000020001b68       0x1c /usr/lib/gcc/arm-none-eabi/10.3.1/thumb/v6-m/nofp/crtbegin.o
 .bss           0x0000000020001b84       0x34 /usr/lib/gcc/arm-none-eabi/10.3.1/../../../arm-none-eabi/lib/thumb/v6-m/nofp/libg.a(lib_a-mallocr.o)
                0x0000000020001b84                __malloc_top_pad
                0x0000000020001b88                __malloc_current_mallinfo
                0x0000000020001bb0                __malloc_max_sbrked_mem
                0x0000000020001bb4                __malloc_max_total_mem
 .bss           0x0000000020001bb8        0x4 /usr/lib/gcc/arm-none-eabi/10.3.1/../../../arm-none-eabi/lib/thumb/v6-m/nofp/libg.a(lib_a-reent.o)
                0x0000000020001bb8                errno
 .bss._app_driver
                0x0000000020001bbc        0x4 CMakeFiles/robot.dir/home/daltro/pico-sdk/lib/tinyusb/src/device/usbd.c.o
 .bss._cdcd_epbuf
                0x0000000020001bc0       0x80 CMakeFiles/robot.dir/home/daltro/pico-sdk/lib/tinyusb/src/class/cdc/cdc_device.c.o
 .bss._cdcd_fifo_cfg
                0x0000000020001c40        0x1 CMakeFiles/robot.dir/home/daltro/pico-sdk/lib/tinyusb/src/class/cdc/cdc_device.c.o
 *fill*         0x0000000020001c41        0x3 
 .bss._cdcd_itf
                0x0000000020001c44       0xc8 CMakeFiles/robot.dir/home/daltro/pico-sdk/lib/tinyusb/src/class/cdc/cdc_device.c.o
 .bss._ctrl_epbuf
                0x0000000020001d0c       0x40 CMakeFiles/robot.dir/home/daltro/pico-sdk/lib/tinyusb/src/device/usbd_control.c.o
 .bss._ctrl_xfer
                0x0000000020001d4c       0x14 CMakeFiles/robot.dir/home/daltro/pico-sdk/lib/tinyusb/src/device/usbd_control.c.o
 .bss._tusb_rhport_role
                0x0000000020001d60        0x2 CMakeFiles/robot.dir/home/daltro/pico-sdk/lib/tinyusb/src/tusb.c.o
                0x0000000020001d60                _tusb_rhport_role
 *fill*         0x0000000020001d62        0x2 
 .bss._ubsd_mutexdef
                0x0000000020001d64        0x8 CMakeFiles/robot.dir/home/daltro/pico-sdk/lib/tinyusb/src/device/usbd.c.o
 .bss._usbd_dev
                0x0000000020001d6c       0x54 CMakeFiles/robot.dir/home/daltro/pico-sdk/lib/tinyusb/src/device/usbd.c.o
 .bss._usbd_mutex
                0x0000000020001dc0        0x4 CMakeFiles/robot.dir/home/daltro/pico-sdk/lib/tinyusb/src/device/usbd.c.o
 .bss._usbd_q   0x0000000020001dc4        0x4 CMakeFiles/robot.dir/home/daltro/pico-sdk/lib/tinyusb/src/device/usbd.c.o
 .bss._usbd_qdef_buf
                0x0000000020001dc8       0xc0 CMakeFiles/robot.dir/home/daltro/pico-sdk/lib/tinyusb/src/device/usbd.c.o
                0x0000000020001dc8                _usbd_qdef_buf
 .bss._vendord_epbuf
                0x0000000020001e88       0x80 CMakeFiles/robot.dir/home/daltro/pico-sdk/lib/tinyusb/src/class/vendor/vendor_device.c.o
 .bss._vendord_itf
                0x0000000020001f08      0x24c CMakeFiles/robot.dir/home/daltro/pico-sdk/lib/tinyusb/src/class/vendor/vendor_device.c.o
 .bss.boot2_copyout
                0x0000000020002154      0x100 CMakeFiles/robot.dir/home/daltro/pico-sdk/src/rp2_common/hardware_flash/flash.c.o
 .bss.chars_available_callback
                0x0000000020002254        0x4 CMakeFiles/robot.dir/home/daltro/pico-sdk/src/rp2_common/pico_stdio_usb/stdio_usb.c.o
 .bss.chars_available_param
                0x0000000020002258        0x4 CMakeFiles/robot.dir/home/daltro/pico-sdk/src/rp2_common/pico_stdio_usb/stdio_usb.c.o
 .bss.claimed   0x000000002000225c        0x4 CMakeFiles/robot.dir/home/daltro/pico-sdk/src/rp2_common/hardware_sync/sync.c.o
 .bss.claimed   0x0000000020002260        0x1 CMakeFiles/robot.dir/home/daltro/pico-sdk/src/rp2_common/hardware_timer/timer.c.o
 *fill*         0x0000000020002261        0x3 
 .bss.configured_freq
                0x0000000020002264       0x28 CMakeFiles/robot.dir/home/daltro/pico-sdk/src/rp2_common/hardware_clocks/clocks.c.o
 .bss.desc_str.0
                0x000000002000228c       0x28 CMakeFiles/robot.dir/home/daltro/pico-sdk/src/rp2_common/pico_stdio_usb/stdio_usb_descriptors.c.o
 .bss.drivers   0x00000000200022b4        0x4 CMakeFiles/robot.dir/home/daltro/pico-sdk/src/rp2_common/pico_stdio/stdio.c.o
 .bss.e15_last_sof
                0x00000000200022b8        0x4 CMakeFiles/robot.dir/home/daltro/pico-sdk/lib/tinyusb/src/portable/raspberrypi/rp2040/rp2040_usb.c.o
                0x00000000200022b8                e15_last_sof
 .bss.filter    0x00000000200022bc        0x4 CMakeFiles/robot.dir/home/daltro/pico-sdk/src/rp2_common/pico_stdio/stdio.c.o
 .bss.heap_end.0
                0x00000000200022c0        0x4 CMakeFiles/robot.dir/home/daltro/pico-sdk/src/rp2_common/pico_clib_interface/newlib_interface.c.o
 .bss.hw_endpoints
                0x00000000200022c4      0x400 CMakeFiles/robot.dir/home/daltro/pico-sdk/lib/tinyusb/src/portable/raspberrypi/rp2040/dcd_rp2040.c.o
 .bss.lazy_vsnprintf
                0x00000000200026c4        0x4 CMakeFiles/robot.dir/home/daltro/pico-sdk/src/rp2_common/pico_printf/printf.c.o
 .bss.load_value
                0x00000000200026c8        0x4 CMakeFiles/robot.dir/home/daltro/pico-sdk/src/rp2_common/hardware_watchdog/watchdog.c.o
 .bss.next_buffer_ptr
                0x00000000200026cc        0x4 CMakeFiles/robot.dir/home/daltro/pico-sdk/lib/tinyusb/src/portable/raspberrypi/rp2040/dcd_rp2040.c.o
 .bss.one_shot_timer_crit_sec
                0x00000000200026d0        0x8 CMakeFiles/robot.dir/home/daltro/pico-sdk/src/rp2_common/pico_stdio_usb/stdio_usb.c.o
 .bss.pools     0x00000000200026d8       0x10 CMakeFiles/robot.dir/home/daltro/pico-sdk/src/common/pico_time/time.c.o
 .bss.retrieved_id
                0x00000000200026e8        0x8 CMakeFiles/robot.dir/home/daltro/pico-sdk/src/rp2_common/pico_unique_id/unique_id.c.o
 .bss.sf_clz_func
                0x00000000200026f0        0x4 CMakeFiles/robot.dir/home/daltro/pico-sdk/src/rp2_common/pico_double/double_init_rom_rp2040.c.o
                0x00000000200026f0                sf_clz_func
 .bss.sf_table  0x00000000200026f4      0x100 CMakeFiles/robot.dir/home/daltro/pico-sdk/src/rp2_common/pico_float/float_init_rom_rp2040.c.o
                0x00000000200026f4                sf_table
 .bss.sleep_notifier
                0x00000000200027f4        0x4 CMakeFiles/robot.dir/home/daltro/pico-sdk/src/common/pico_time/time.c.o
 .bss.stdio_usb_mutex
                0x00000000200027f8        0x8 CMakeFiles/robot.dir/home/daltro/pico-sdk/src/rp2_common/pico_stdio_usb/stdio_usb.c.o
 .bss.usbd_serial_str
                0x0000000020002800       0x11 CMakeFiles/robot.dir/home/daltro/pico-sdk/src/rp2_common/pico_stdio_usb/stdio_usb_descriptors.c.o
 .bss._app_driver_count
                0x0000000020002811        0x1 CMakeFiles/robot.dir/home/daltro/pico-sdk/lib/tinyusb/src/device/usbd.c.o
 .bss._sof_enable
                0x0000000020002812        0x1 CMakeFiles/robot.dir/home/daltro/pico-sdk/lib/tinyusb/src/portable/raspberrypi/rp2040/dcd_rp2040.c.o
 .bss._usbd_queued_setup
                0x0000000020002813        0x1 CMakeFiles/robot.dir/home/daltro/pico-sdk/lib/tinyusb/src/device/usbd.c.o
 .bss.boot2_copyout_valid
                0x0000000020002814        0x1 CMakeFiles/robot.dir/home/daltro/pico-sdk/src/rp2_common/hardware_flash/flash.c.o
 .bss.irq_handler_chain_free_slot_head
                0x0000000020002815        0x1 CMakeFiles/robot.dir/home/daltro/pico-sdk/src/rp2_common/hardware_irq/irq.c.o
 .bss.itf_num   0x0000000020002816        0x1 CMakeFiles/robot.dir/home/daltro/pico-sdk/src/rp2_common/pico_stdio_usb/reset_interface.c.o
 .bss.low_priority_irq_num
                0x0000000020002817        0x1 CMakeFiles/robot.dir/home/daltro/pico-sdk/src/rp2_common/pico_stdio_usb/stdio_usb.c.o
 .bss.one_shot_timer_pending
                0x0000000020002818        0x1 CMakeFiles/robot.dir/home/daltro/pico-sdk/src/rp2_common/pico_stdio_usb/stdio_usb.c.o
 .bss.user_irq_claimed
                0x0000000020002819        0x1 CMakeFiles/robot.dir/home/daltro/pico-sdk/src/rp2_common/hardware_irq/irq.c.o
 *(COMMON)
                0x000000002000281c                . = ALIGN (0x4)
 *fill*         0x000000002000281a        0x2 
                0x000000002000281c                __bss_end__ = .

.heap           0x000000002000281c      0x800 load address 0x0000000010008e8c
                0x000000002000281c                __end__ = .
                0x000000002000281c                end = __end__
 *(.heap*)
 .heap          0x000000002000281c      0x800 CMakeFiles/robot.dir/home/daltro/pico-sdk/src/rp2_common/pico_crt0/crt0.S.o
                0x0000000020040000                __HeapLimit = (ORIGIN (RAM) + LENGTH (RAM))

.scratch_x      0x0000000020040000        0x0 load address 0x0000000010008e8c
                0x0000000020040000                __scratch_x_start__ = .
 *(.scratch_x.*)
                0x0000000020040000                . = ALIGN (0x4)
                0x0000000020040000                __scratch_x_end__ = .
                0x0000000010008e8c                __scratch_x_source__ = LOADADDR (.scratch_x)

.scratch_y      0x0000000020041000        0x0 load address 0x0000000010008e8c
                0x0000000020041000                __scratch_y_start__ = .
 *(.scratch_y.*)
                0x0000000020041000                . = ALIGN (0x4)
                0x0000000020041000                __scratch_y_end__ = .
                0x0000000010008e8c                __scratch_y_source__ = LOADADDR (.scratch_y)

.stack1_dummy   0x0000000020040000        0x0
 *(.stack1*)

.stack_dummy    0x0000000020041000      0x800
 *(.stack*)
 .stack         0x0000000020041000      0x800 CMakeFiles/robot.dir/home/daltro/pico-sdk/src/rp2_common/pico_crt0/crt0.S.o

.flash_end      0x0000000010008e8c        0x0
 *(.embedded_end_block*)
                0x0000000010008e8c                PROVIDE (__flash_binary_end = .)
                0x0000000020040000                __StackLimit = (ORIGIN (RAM) + LENGTH (RAM))
                0x0000000020041000                __StackOneTop = (ORIGIN (SCRATCH_X) + LENGTH (SCRATCH_X))
                0x0000000020042000                __StackTop = (ORIGIN (SCRATCH_Y) + LENGTH (SCRATCH_Y))
                0x0000000020041000                __StackOneBottom = (__StackOneTop - SIZEOF (.stack1_dummy))
                0x0000000020041800                __StackBottom = (__StackTop - SIZEOF (.stack_dummy))
                0x0000000020042000                PROVIDE (__stack = __StackTop)
                [!provide]                        PROVIDE (__heap_start = __end__)
                [!provide]                        PROVIDE (__heap_end = __HeapLimit)
                [!provide]                        PROVIDE (__tls_align = MAX (ALIGNOF (.tdata), ALIGNOF (.tbss)))
                [!provide]                        PROVIDE (__tls_size_align = (((__tls_size + __tls_align) - 0x1) & ~ ((__tls_align - 0x1))))
                [!provide]                        PROVIDE (__arm32_tls_tcb_offset = MAX (0x8, __tls_align))
                [!provide]                        PROVIDE (_end = __end__)
                [!provide]                        PROVIDE (__llvm_libc_heap_limit = __HeapLimit)
                0x0000000000000001                ASSERT ((__StackLimit >= __HeapLimit), region RAM overflowed)
                0x0000000000000001                ASSERT (((__binary_info_header_end - __logical_binary_start) <= 0x100), Binary info must be in first 256 bytes of the binary)
LOAD CMakeFiles/robot.dir/src/basic.c.o
LOAD CMakeFiles/robot.dir/main.c.o
LOAD CMakeFiles/robot.dir/include/ssd1306_i2c.c.o
LOAD CMakeFiles/robot.dir/home/daltro/pico-sdk/src/rp2_common/pico_stdlib/stdlib.c.o
LOAD CMakeFiles/robot.dir/home/daltro/pico-sdk/src/rp2_common/hardware_gpio/gpio.c.o
LOAD CMakeFiles/robot.dir/home/daltro/pico-sdk/src/rp2040/pico_platform/platform.c.o
LOAD CMakeFiles/robot.dir/home/daltro/pico-sdk/src/rp2_common/pico_platform_panic/panic.c.o
LOAD CMakeFiles/robot.dir/home/daltro/pico-sdk/src/common/hardware_claim/claim.c.o
LOAD CMakeFiles/robot.dir/home/daltro/pico-sdk/src/rp2_common/hardware_sync/sync.c.o
LOAD CMakeFiles/robot.dir/home/daltro/pico-sdk/src/rp2_common/hardware_sync_spin_lock/sync_spin_lock.c.o
LOAD CMakeFiles/robot.dir/home/daltro/pico-sdk/src/rp2_common/hardware_irq/irq.c.o
LOAD CMakeFiles/robot.dir/home/daltro/pico-sdk/src/rp2_common/hardware_irq/irq_handler_chain.S.o
LOAD CMakeFiles/robot.dir/home/daltro/pico-sdk/src/common/pico_sync/sem.c.o
LOAD CMakeFiles/robot.dir/home/daltro/pico-sdk/src/common/pico_sync/lock_core.c.o
LOAD CMakeFiles/robot.dir/home/daltro/pico-sdk/src/common/pico_sync/mutex.c.o
LOAD CMakeFiles/robot.dir/home/daltro/pico-sdk/src/common/pico_sync/critical_section.c.o
LOAD CMakeFiles/robot.dir/home/daltro/pico-sdk/src/common/pico_time/time.c.o
LOAD CMakeFiles/robot.dir/home/daltro/pico-sdk/src/common/pico_time/timeout_helper.c.o
LOAD CMakeFiles/robot.dir/home/daltro/pico-sdk/src/rp2_common/hardware_timer/timer.c.o
LOAD CMakeFiles/robot.dir/home/daltro/pico-sdk/src/common/pico_util/datetime.c.o
LOAD CMakeFiles/robot.dir/home/daltro/pico-sdk/src/common/pico_util/pheap.c.o
LOAD CMakeFiles/robot.dir/home/daltro/pico-sdk/src/common/pico_util/queue.c.o
LOAD CMakeFiles/robot.dir/home/daltro/pico-sdk/src/rp2_common/hardware_uart/uart.c.o
LOAD CMakeFiles/robot.dir/home/daltro/pico-sdk/src/rp2_common/hardware_clocks/clocks.c.o
LOAD CMakeFiles/robot.dir/home/daltro/pico-sdk/src/rp2_common/hardware_pll/pll.c.o
LOAD CMakeFiles/robot.dir/home/daltro/pico-sdk/src/rp2_common/hardware_vreg/vreg.c.o
LOAD CMakeFiles/robot.dir/home/daltro/pico-sdk/src/rp2_common/hardware_watchdog/watchdog.c.o
LOAD CMakeFiles/robot.dir/home/daltro/pico-sdk/src/rp2_common/hardware_ticks/ticks.c.o
LOAD CMakeFiles/robot.dir/home/daltro/pico-sdk/src/rp2_common/pico_bootrom/bootrom.c.o
LOAD CMakeFiles/robot.dir/home/daltro/pico-sdk/src/rp2_common/pico_bootrom/bootrom_lock.c.o