Archive member included to satisfy reference by file (symbol)

/usr/lib/gcc/arm-none-eabi/10.3.1/thumb/v6-m/nofp/libgcc.a(_dvmd_tls.o)
                              CMakeFiles/iot_security_lab.dir/home/daltro/pico-sdk/src/rp2_common/pico_divider/divider_hardware.S.o (__aeabi_idiv0)
/usr/lib/gcc/arm-none-eabi/10.3.1/../../../arm-none-eabi/lib/thumb/v6-m/nofp/libg.a(lib_a-atexit.o)
                              /usr/lib/gcc/arm-none-eabi/10.3.1/../../../arm-none-eabi/lib/thumb/v6-m/nofp/crt0.o (atexit)
/usr/lib/gcc/arm-none-eabi/10.3.1/../../../arm-none-eabi/lib/thumb/v6-m/nofp/libg.a(lib_a-atoi.o)
                              CMakeFiles/iot_security_lab.dir/home/daltro/pico-sdk/lib/lwip/src/core/netif.c.o (atoi)
/usr/lib/gcc/arm-none-eabi/10.3.1/../../../arm-none-eabi/lib/thumb/v6-m/nofp/libg.a(lib_a-calloc.o)
                              CMakeFiles/iot_security_lab.dir/home/daltro/pico-sdk/src/rp2_common/pico_malloc/malloc.c.o (calloc)
/usr/lib/gcc/arm-none-eabi/10.3.1/../../../arm-none-eabi/lib/thumb/v6-m/nofp/libg.a(lib_a-callocr.o)
                              /usr/lib/gcc/arm-none-eabi/10.3.1/../../../arm-none-eabi/lib/thumb/v6-m/nofp/libg.a(lib_a-calloc.o) (_calloc_r)
/usr/lib/gcc/arm-none-eabi/10.3.1/../../../arm-none-eabi/lib/thumb/v6-m/nofp/libg.a(lib_a-ctype_.o)
                              CMakeFiles/iot_security_lab.dir/home/daltro/pico-sdk/lib/lwip/src/core/dns.c.o (_ctype_)
/usr/lib/gcc/arm-none-eabi/10.3.1/../../../arm-none-eabi/lib/thumb/v6-m/nofp/libg.a(lib_a-fini.o)
                              /usr/lib/gcc/arm-none-eabi/10.3.1/../../../arm-none-eabi/lib/thumb/v6-m/nofp/crt0.o (__libc_fini_array)
/usr/lib/gcc/arm-none-eabi/10.3.1/../../../arm-none-eabi/lib/thumb/v6-m/nofp/libg.a(lib_a-impure.o)
                              /usr/lib/gcc/arm-none-eabi/10.3.1/../../../arm-none-eabi/lib/thumb/v6-m/nofp/libg.a(lib_a-calloc.o) (_impure_ptr)
/usr/lib/gcc/arm-none-eabi/10.3.1/../../../arm-none-eabi/lib/thumb/v6-m/nofp/libg.a(lib_a-init.o)
                              /usr/lib/gcc/arm-none-eabi/10.3.1/../../../arm-none-eabi/lib/thumb/v6-m/nofp/crt0.o (__libc_init_array)
/usr/lib/gcc/arm-none-eabi/10.3.1/../../../arm-none-eabi/lib/thumb/v6-m/nofp/libg.a(lib_a-lcltime_r.o)
                              CMakeFiles/iot_security_lab.dir/home/daltro/pico-sdk/src/common/pico_util/datetime.c.o (localtime_r)
/usr/lib/gcc/arm-none-eabi/10.3.1/../../../arm-none-eabi/lib/thumb/v6-m/nofp/libg.a(lib_a-malloc.o)
                              CMakeFiles/iot_security_lab.dir/home/daltro/pico-sdk/src/rp2_common/pico_malloc/malloc.c.o (malloc)
/usr/lib/gcc/arm-none-eabi/10.3.1/../../../arm-none-eabi/lib/thumb/v6-m/nofp/libg.a(lib_a-mallocr.o)
                              /usr/lib/gcc/arm-none-eabi/10.3.1/../../../arm-none-eabi/lib/thumb/v6-m/nofp/libg.a(lib_a-callocr.o) (_malloc_r)
/usr/lib/gcc/arm-none-eabi/10.3.1/../../../arm-none-eabi/lib/thumb/v6-m/nofp/libg.a(lib_a-memcmp.o)
                              CMakeFiles/iot_security_lab.dir/home/daltro/pico-sdk/src/rp2_common/pico_atomic/atomic.c.o (memcmp)
/usr/lib/gcc/arm-none-eabi/10.3.1/../../../arm-none-eabi/lib/thumb/v6-m/nofp/libg.a(lib_a-memmove.o)
                              CMakeFiles/iot_security_lab.dir/home/daltro/pico-sdk/lib/lwip/src/core/def.c.o (memmove)
/usr/lib/gcc/arm-none-eabi/10.3.1/../../../arm-none-eabi/lib/thumb/v6-m/nofp/libg.a(lib_a-mktime.o)
                              CMakeFiles/iot_security_lab.dir/home/daltro/pico-sdk/src/common/pico_util/datetime.c.o (mktime)
/usr/lib/gcc/arm-none-eabi/10.3.1/../../../arm-none-eabi/lib/thumb/v6-m/nofp/libg.a(lib_a-mlock.o)
                              /usr/lib/gcc/arm-none-eabi/10.3.1/../../../arm-none-eabi/lib/thumb/v6-m/nofp/libg.a(lib_a-mallocr.o) (__malloc_lock)
/usr/lib/gcc/arm-none-eabi/10.3.1/../../../arm-none-eabi/lib/thumb/v6-m/nofp/libg.a(lib_a-month_lengths.o)
                              /usr/lib/gcc/arm-none-eabi/10.3.1/../../../arm-none-eabi/lib/thumb/v6-m/nofp/libg.a(lib_a-lcltime_r.o) (__month_lengths)
/usr/lib/gcc/arm-none-eabi/10.3.1/../../../arm-none-eabi/lib/thumb/v6-m/nofp/libg.a(lib_a-realloc.o)
                              CMakeFiles/iot_security_lab.dir/home/daltro/pico-sdk/src/rp2_common/pico_malloc/malloc.c.o (realloc)
/usr/lib/gcc/arm-none-eabi/10.3.1/../../../arm-none-eabi/lib/thumb/v6-m/nofp/libg.a(lib_a-reallocr.o)
                              /usr/lib/gcc/arm-none-eabi/10.3.1/../../../arm-none-eabi/lib/thumb/v6-m/nofp/libg.a(lib_a-realloc.o) (_realloc_r)
/usr/lib/gcc/arm-none-eabi/10.3.1/../../../arm-none-eabi/lib/thumb/v6-m/nofp/libg.a(lib_a-sbrkr.o)
                              /usr/lib/gcc/arm-none-eabi/10.3.1/../../../arm-none-eabi/lib/thumb/v6-m/nofp/libg.a(lib_a-mallocr.o) (_sbrk_r)
/usr/lib/gcc/arm-none-eabi/10.3.1/../../../arm-none-eabi/lib/thumb/v6-m/nofp/libg.a(lib_a-sscanf.o)
                              CMakeFiles/iot_security_lab.dir/src/mqtt_comm.c.o (sscanf)
[...]
Memory Configuration

Name             Origin             Length             Attributes
FLASH            0x0000000010000000 0x0000000000200000 xr
RAM              0x0000000020000000 0x0000000000040000 xrw
SCRATCH_X        0x0000000020040000 0x0000000000001000 xrw
SCRATCH_Y        0x0000000020041000 0x0000000000001000 xrw
*default*        0x0000000000000000 0xffffffffffffffff

Linker script and memory map

LOAD /usr/lib/gcc/arm-none-eabi/10.3.1/thumb/v6-m/nofp/crti.o
LOAD /usr/lib/gcc/arm-none-eabi/10.3.1/thumb/v6-m/nofp/crtbegin.o
LOAD /usr/lib/gcc/arm-none-eabi/10.3.1/../../../arm-none-eabi/lib/thumb/v6-m/nofp/crt0.o

.flash_begin    0x0000000010000000        0x0
                0x0000000010000000                __flash_binary_start = .

.boot2          0x0000000010000000      0x100
                0x0000000010000000                __boot2_start__ = .
 *(.boot2)
 .boot2         0x0000000010000000      0x100 pico-sdk/src/rp2040/boot_stage2/CMakeFiles/bs2_default_library.dir/bs2_default_padded_checksummed.S.o
                0x0000000010000100                __boot2_end__ = .
                0x0000000000000001                ASSERT (((__boot2_end__ - __boot2_start__) == 0x100), ERROR: Pico second stage bootloader must be 256 bytes in size)

.text           0x0000000010000100    0x1987c
                0x0000000010000100                __logical_binary_start = .
 *(.vectors)
 .vectors       0x0000000010000100       0xd4 CMakeFiles/iot_security_lab.dir/home/daltro/pico-sdk/src/rp2_common/pico_crt0/crt0.S.o
                0x0000000010000100                __vectors
                0x0000000010000100                __VECTOR_TABLE
                0x00000000100001c0                isr_invalid
                0x00000000100001c0                __default_isrs_start
                0x00000000100001c2                isr_nmi
                0x00000000100001c4                isr_hardfault
                0x00000000100001c6                isr_svcall
                0x00000000100001c8                isr_pendsv
                0x00000000100001ca                isr_systick
                0x00000000100001cc                isr_irq30
                0x00000000100001cc                __unhandled_user_irq
                0x00000000100001cc                isr_irq13
                0x00000000100001cc                isr_irq27
                0x00000000100001cc                isr_irq31
                0x00000000100001cc                isr_irq5
                0x00000000100001cc                isr_irq11
                0x00000000100001cc                isr_irq23
                0x00000000100001cc                isr_irq18
                0x00000000100001cc                isr_irq28
                0x00000000100001cc                isr_irq19
                0x00000000100001cc                isr_irq0
                0x00000000100001cc                isr_irq6
                0x00000000100001cc                isr_irq22
                0x00000000100001cc                isr_irq17
                0x00000000100001cc                isr_irq14
                0x00000000100001cc                isr_irq2
                0x00000000100001cc                isr_irq10
                0x00000000100001cc                isr_irq8
                0x00000000100001cc                isr_irq24
                0x00000000100001cc                isr_irq1
                0x00000000100001cc                isr_irq7
                0x00000000100001cc                isr_irq21
                0x00000000100001cc                isr_irq20
                0x00000000100001cc                isr_irq15
                0x00000000100001cc                isr_irq25
                0x00000000100001cc                isr_irq4
                0x00000000100001cc                isr_irq16
                0x00000000100001cc                isr_irq29
                0x00000000100001cc                isr_irq26
                0x00000000100001cc                __default_isrs_end
                0x00000000100001cc                isr_irq3
                0x00000000100001cc                isr_irq12
                0x00000000100001cc                isr_irq9
                0x00000000100001d2                unhandled_user_irq_num_in_r0
 *(.binary_info_header)
 .binary_info_header
                0x00000000100001d4       0x14 CMakeFiles/iot_security_lab.dir/home/daltro/pico-sdk/src/rp2_common/pico_crt0/crt0.S.o
                0x00000000100001e8                __binary_info_header_end = .
 *(.embedded_block)
                0x00000000100001e8                __embedded_block_end = .
 *(.reset)
 .reset         0x00000000100001e8       0x9c CMakeFiles/iot_security_lab.dir/home/daltro/pico-sdk/src/rp2_common/pico_crt0/crt0.S.o
                0x00000000100001e8                _entry_point
 *(.init)
 .init          0x0000000010000284        0x4 /usr/lib/gcc/arm-none-eabi/10.3.1/thumb/v6-m/nofp/crti.o
                0x0000000010000284                _init
 *(EXCLUDE_FILE(*libm.a: *libc.a:*lib_a-mem*.o *libgcc.a:) .text*)
 .text          0x0000000010000288       0x98 /usr/lib/gcc/arm-none-eabi/10.3.1/thumb/v6-m/nofp/crtbegin.o
 .text.startup.main
                0x0000000010000320      0x11c CMakeFiles/iot_security_lab.dir/iot_security_lab.c.o
                0x0000000010000320                main
 .text.mqtt_pub_request_cb
                0x000000001000043c       0x20 CMakeFiles/iot_security_lab.dir/src/mqtt_comm.c.o
 .text.mqtt_connection_cb
                0x000000001000045c       0x20 CMakeFiles/iot_security_lab.dir/src/mqtt_comm.c.o
 .text.mqtt_comm_publish
                0x000000001000047c       0x3c CMakeFiles/iot_security_lab.dir/src/mqtt_comm.c.o
                0x000000001000047c                mqtt_comm_publish
 .text.mqtt_setup_publish
                0x00000000100004b8       0x78 CMakeFiles/iot_security_lab.dir/src/mqtt_comm.c.o
                0x00000000100004b8                mqtt_setup_publish
 .text.connect_to_wifi
                0x0000000010000530       0x50 CMakeFiles/iot_security_lab.dir/src/wifi_conn.c.o
                0x0000000010000530                connect_to_wifi
 .text.xor_encrypt
                0x0000000010000580       0x84 CMakeFiles/iot_security_lab.dir/src/xor_cipher.c.o
                0x0000000010000580                xor_encrypt
 .text.gpio_set_function
                0x0000000010000604       0x34 CMakeFiles/iot_security_lab.dir/home/daltro/pico-sdk/src/rp2_common/hardware_gpio/gpio.c.o
                0x0000000010000604                gpio_set_function
 .text.gpio_set_pulls
                0x0000000010000638       0x34 CMakeFiles/iot_security_lab.dir/home/daltro/pico-sdk/src/rp2_common/hardware_gpio/gpio.c.o
                0x0000000010000638                gpio_set_pulls
 .text.gpio_set_input_hysteresis_enabled
                0x000000001000066c       0x28 CMakeFiles/iot_security_lab.dir/home/daltro/pico-sdk/src/rp2_common/hardware_gpio/gpio.c.o
                0x000000001000066c                gpio_set_input_hysteresis_enabled
 .text.gpio_set_irq_enabled
                0x0000000010000694       0x58 CMakeFiles/iot_security_lab.dir/home/daltro/pico-sdk/src/rp2_common/hardware_gpio/gpio.c.o
                0x0000000010000694                gpio_set_irq_enabled
 .text.gpio_add_raw_irq_handler_with_order_priority_masked
                0x00000000100006ec       0x44 CMakeFiles/iot_security_lab.dir/home/daltro/pico-sdk/src/rp2_common/hardware_gpio/gpio.c.o
                0x00000000100006ec                gpio_add_raw_irq_handler_with_order_priority_masked
 .text.gpio_remove_raw_irq_handler_masked
                0x0000000010000730       0x20 CMakeFiles/iot_security_lab.dir/home/daltro/pico-sdk/src/rp2_common/hardware_gpio/gpio.c.o
                0x0000000010000730                gpio_remove_raw_irq_handler_masked
 .text.gpio_init
                0x0000000010000750       0x40 CMakeFiles/iot_security_lab.dir/home/daltro/pico-sdk/src/rp2_common/hardware_gpio/gpio.c.o
                0x0000000010000750                gpio_init
 .text.rp2040_chip_version
                0x0000000010000790        0xc CMakeFiles/iot_security_lab.dir/home/daltro/pico-sdk/src/rp2040/pico_platform/platform.c.o
                0x0000000010000790                rp2040_chip_version
 .text.panic    0x000000001000079c       0x30 CMakeFiles/iot_security_lab.dir/home/daltro/pico-sdk/src/rp2_common/pico_platform_panic/panic.c.o
                0x000000001000079c                panic
 .text.hw_claim_lock
                0x00000000100007cc       0x18 CMakeFiles/iot_security_lab.dir/home/daltro/pico-sdk/src/common/hardware_claim/claim.c.o
                0x00000000100007cc                hw_claim_lock
 .text.hw_claim_unlock
                0x00000000100007e4       0x14 CMakeFiles/iot_security_lab.dir/home/daltro/pico-sdk/src/common/hardware_claim/claim.c.o
                0x00000000100007e4                hw_claim_unlock
 .text.hw_claim_or_assert
                0x00000000100007f8       0x44 CMakeFiles/iot_security_lab.dir/home/daltro/pico-sdk/src/common/hardware_claim/claim.c.o
                0x00000000100007f8                hw_claim_or_assert
 .text.hw_claim_unused_from_range
                0x000000001000083c       0x9c CMakeFiles/iot_security_lab.dir/home/daltro/pico-sdk/src/common/hardware_claim/claim.c.o
                0x000000001000083c                hw_claim_unused_from_range
 .text.hw_claim_clear
                0x00000000100008d8       0x38 CMakeFiles/iot_security_lab.dir/home/daltro/pico-sdk/src/common/hardware_claim/claim.c.o
                0x00000000100008d8                hw_claim_clear
 .text.next_striped_spin_lock_num
                0x0000000010000910       0x18 CMakeFiles/iot_security_lab.dir/home/daltro/pico-sdk/src/rp2_common/hardware_sync/sync.c.o
                0x0000000010000910                next_striped_spin_lock_num
 .text.spin_lock_claim_unused
                0x0000000010000928       0x20 CMakeFiles/iot_security_lab.dir/home/daltro/pico-sdk/src/rp2_common/hardware_sync/sync.c.o
                0x0000000010000928                spin_lock_claim_unused
 .text.spin_locks_reset
                0x0000000010000948       0x1c CMakeFiles/iot_security_lab.dir/home/daltro/pico-sdk/src/rp2_common/hardware_sync_spin_lock/sync_spin_lock.c.o
                0x0000000010000948                spin_locks_reset
 .text.runtime_init_per_core_irq_priorities
                0x0000000010000964       0x24 CMakeFiles/iot_security_lab.dir/home/daltro/pico-sdk/src/rp2_common/hardware_irq/irq.c.o
                0x0000000010000964                runtime_init_per_core_irq_priorities
 .text.irq_set_enabled
                0x0000000010000988       0x24 CMakeFiles/iot_security_lab.dir/home/daltro/pico-sdk/src/rp2_common/hardware_irq/irq.c.o
                0x0000000010000988                irq_set_enabled
 .text.irq_is_enabled
                0x00000000100009ac       0x18 CMakeFiles/iot_security_lab.dir/home/daltro/pico-sdk/src/rp2_common/hardware_irq/irq.c.o
                0x00000000100009ac                irq_is_enabled
 .text.irq_set_pending
                0x00000000100009c4       0x10 CMakeFiles/iot_security_lab.dir/home/daltro/pico-sdk/src/rp2_common/hardware_irq/irq.c.o
                0x00000000100009c4                irq_set_pending
 .text.irq_has_shared_handler
                0x00000000100009d4       0x24 CMakeFiles/iot_security_lab.dir/home/daltro/pico-sdk/src/rp2_common/hardware_irq/irq.c.o
                0x00000000100009d4                irq_has_shared_handler
 .text.irq_set_exclusive_handler
                0x00000000100009f8       0x54 CMakeFiles/iot_security_lab.dir/home/daltro/pico-sdk/src/rp2_common/hardware_irq/irq.c.o
                0x00000000100009f8                irq_set_exclusive_handler
 .text.irq_add_shared_handler
                0x0000000010000a4c      0x1e8 CMakeFiles/iot_security_lab.dir/home/daltro/pico-sdk/src/rp2_common/hardware_irq/irq.c.o
                0x0000000010000a4c                irq_add_shared_handler
 .text.irq_remove_handler
                0x0000000010000c34      0x1c4 CMakeFiles/iot_security_lab.dir/home/daltro/pico-sdk/src/rp2_common/hardware_irq/irq.c.o
                0x0000000010000c34                irq_remove_handler
 .text.irq_set_priority
                0x0000000010000df8       0x28 CMakeFiles/iot_security_lab.dir/home/daltro/pico-sdk/src/rp2_common/hardware_irq/irq.c.o
                0x0000000010000df8                irq_set_priority
 .text.irq_add_tail_to_free_list
                0x0000000010000e20       0xb4 CMakeFiles/iot_security_lab.dir/home/daltro/pico-sdk/src/rp2_common/hardware_irq/irq.c.o
                0x0000000010000e20                irq_add_tail_to_free_list
 .text.user_irq_unclaim
                0x0000000010000ed4       0x14 CMakeFiles/iot_security_lab.dir/home/daltro/pico-sdk/src/rp2_common/hardware_irq/irq.c.o
                0x0000000010000ed4                user_irq_unclaim
 .text.user_irq_claim_unused
                0x0000000010000ee8       0x28 CMakeFiles/iot_security_lab.dir/home/daltro/pico-sdk/src/rp2_common/hardware_irq/irq.c.o
                0x0000000010000ee8                user_irq_claim_unused
 .text.sem_init
                0x0000000010000f10       0x20 CMakeFiles/iot_security_lab.dir/home/daltro/pico-sdk/src/common/pico_sync/sem.c.o
                0x0000000010000f10                sem_init
 .text.lock_init
                0x0000000010000f30       0x10 CMakeFiles/iot_security_lab.dir/home/daltro/pico-sdk/src/common/pico_sync/lock_core.c.o
                0x0000000010000f30                lock_init
 .text.runtime_init_mutex
                0x0000000010000f40       0x58 CMakeFiles/iot_security_lab.dir/home/daltro/pico-sdk/src/common/pico_sync/mutex.c.o
                0x0000000010000f40                runtime_init_mutex
 .text.mutex_init
                0x0000000010000f98       0x1c CMakeFiles/iot_security_lab.dir/home/daltro/pico-sdk/src/common/pico_sync/mutex.c.o
                0x0000000010000f98                mutex_init
 .text.recursive_mutex_init
                0x0000000010000fb4       0x1c CMakeFiles/iot_security_lab.dir/home/daltro/pico-sdk/src/common/pico_sync/mutex.c.o
                0x0000000010000fb4                recursive_mutex_init
 .text.critical_section_init
                0x0000000010000fd0       0x20 CMakeFiles/iot_security_lab.dir/home/daltro/pico-sdk/src/common/pico_sync/critical_section.c.o
                0x0000000010000fd0                critical_section_init
 .text.critical_section_init_with_lock_num
                0x0000000010000ff0       0x14 CMakeFiles/iot_security_lab.dir/home/daltro/pico-sdk/src/common/pico_sync/critical_section.c.o
                0x0000000010000ff0                critical_section_init_with_lock_num
 .text.sleep_until_callback
                0x0000000010001004       0x30 CMakeFiles/iot_security_lab.dir/home/daltro/pico-sdk/src/common/pico_time/time.c.o
 .text.alarm_pool_irq_handler
                0x0000000010001034      0x308 CMakeFiles/iot_security_lab.dir/home/daltro/pico-sdk/src/common/pico_time/time.c.o
 .text.runtime_init_default_alarm_pool
                0x000000001000133c       0xdc CMakeFiles/iot_security_lab.dir/home/daltro/pico-sdk/src/common/pico_time/time.c.o
                0x000000001000133c                runtime_init_default_alarm_pool
 .text.alarm_pool_get_default
                0x0000000010001418        0x8 CMakeFiles/iot_security_lab.dir/home/daltro/pico-sdk/src/common/pico_time/time.c.o
                0x0000000010001418                alarm_pool_get_default
 .text.alarm_pool_add_alarm_at
                0x0000000010001420       0xc8 CMakeFiles/iot_security_lab.dir/home/daltro/pico-sdk/src/common/pico_time/time.c.o
                0x0000000010001420                alarm_pool_add_alarm_at
 .text.alarm_pool_add_alarm_at_force_in_context
                0x00000000100014e8       0xb0 CMakeFiles/iot_security_lab.dir/home/daltro/pico-sdk/src/common/pico_time/time.c.o
                0x00000000100014e8                alarm_pool_add_alarm_at_force_in_context
 .text.alarm_pool_cancel_alarm
                0x0000000010001598       0x7c CMakeFiles/iot_security_lab.dir/home/daltro/pico-sdk/src/common/pico_time/time.c.o
                0x0000000010001598                alarm_pool_cancel_alarm
 .text.alarm_pool_core_num
                0x0000000010001614        0x4 CMakeFiles/iot_security_lab.dir/home/daltro/pico-sdk/src/common/pico_time/time.c.o
                0x0000000010001614                alarm_pool_core_num
 .text.sleep_until
                0x0000000010001618       0xd0 CMakeFiles/iot_security_lab.dir/home/daltro/pico-sdk/src/common/pico_time/time.c.o
                0x0000000010001618                sleep_until
 .text.sleep_ms
                0x00000000100016e8       0x34 CMakeFiles/iot_security_lab.dir/home/daltro/pico-sdk/src/common/pico_time/time.c.o
                0x00000000100016e8                sleep_ms
 .text.best_effort_wfe_or_timeout
                0x000000001000171c       0xfc CMakeFiles/iot_security_lab.dir/home/daltro/pico-sdk/src/common/pico_time/time.c.o
                0x000000001000171c                best_effort_wfe_or_timeout
 .text.timer_hardware_alarm_claim
                0x0000000010001818       0x14 CMakeFiles/iot_security_lab.dir/home/daltro/pico-sdk/src/rp2_common/hardware_timer/timer.c.o
                0x0000000010001818                timer_hardware_alarm_claim
 .text.timer_time_us_64
                0x000000001000182c       0x10 CMakeFiles/iot_security_lab.dir/home/daltro/pico-sdk/src/rp2_common/hardware_timer/timer.c.o
                0x000000001000182c                timer_time_us_64
 .text.time_us_64
                0x000000001000183c       0x14 CMakeFiles/iot_security_lab.dir/home/daltro/pico-sdk/src/rp2_common/hardware_timer/timer.c.o
                0x000000001000183c                time_us_64
 .text.busy_wait_until
                0x0000000010001850       0x20 CMakeFiles/iot_security_lab.dir/home/daltro/pico-sdk/src/rp2_common/hardware_timer/timer.c.o
                0x0000000010001850                busy_wait_until
 .text.clock_configure_int_divider
                0x0000000010001870       0xf4 CMakeFiles/iot_security_lab.dir/home/daltro/pico-sdk/src/rp2_common/hardware_clocks/clocks.c.o
                0x0000000010001870                clock_configure_int_divider
 .text.clock_configure_undivided
                0x0000000010001964       0xe8 CMakeFiles/iot_security_lab.dir/home/daltro/pico-sdk/src/rp2_common/hardware_clocks/clocks.c.o
                0x0000000010001964                clock_configure_undivided
 .text.clock_get_hz
                0x0000000010001a4c        0xc CMakeFiles/iot_security_lab.dir/home/daltro/pico-sdk/src/rp2_common/hardware_clocks/clocks.c.o
                0x0000000010001a4c                clock_get_hz
 .text.pll_init
                0x0000000010001a58       0xa0 CMakeFiles/iot_security_lab.dir/home/daltro/pico-sdk/src/rp2_common/hardware_pll/pll.c.o
                0x0000000010001a58                pll_init
 .text.watchdog_reboot
                0x0000000010001af8       0x98 CMakeFiles/iot_security_lab.dir/home/daltro/pico-sdk/src/rp2_common/hardware_watchdog/watchdog.c.o
                0x0000000010001af8                watchdog_reboot
 .text.tick_start
                0x0000000010001b90       0x10 CMakeFiles/iot_security_lab.dir/home/daltro/pico-sdk/src/rp2_common/hardware_ticks/ticks.c.o
                0x0000000010001b90                tick_start
 .text.rom_func_lookup
                0x0000000010001ba0       0x10 CMakeFiles/iot_security_lab.dir/home/daltro/pico-sdk/src/rp2_common/pico_bootrom/bootrom.c.o
                0x0000000010001ba0                rom_func_lookup
 .text.rom_data_lookup
                0x0000000010001bb0       0x10 CMakeFiles/iot_security_lab.dir/home/daltro/pico-sdk/src/rp2_common/pico_bootrom/bootrom.c.o
                0x0000000010001bb0                rom_data_lookup
 .text.rom_funcs_lookup
                0x0000000010001bc0       0x44 CMakeFiles/iot_security_lab.dir/home/daltro/pico-sdk/src/rp2_common/pico_bootrom/bootrom.c.o
                0x0000000010001bc0                rom_funcs_lookup
 .text.rom_reset_usb_boot_extra
                0x0000000010001c04       0x28 CMakeFiles/iot_security_lab.dir/home/daltro/pico-sdk/src/rp2_common/pico_bootrom/bootrom.c.o
                0x0000000010001c04                rom_reset_usb_boot_extra
 .text.xosc_init
                0x0000000010001c2c       0x28 CMakeFiles/iot_security_lab.dir/home/daltro/pico-sdk/src/rp2_common/hardware_xosc/xosc.c.o
                0x0000000010001c2c                xosc_init
 .text.first_per_core_initializer
                0x0000000010001c54        0x4 CMakeFiles/iot_security_lab.dir/home/daltro/pico-sdk/src/rp2_common/pico_runtime/runtime.c.o
 .text.hard_assertion_failure
                0x0000000010001c58        0xc CMakeFiles/iot_security_lab.dir/home/daltro/pico-sdk/src/rp2_common/pico_runtime/runtime.c.o
                0x0000000010001c58                hard_assertion_failure
 .text.runtime_run_initializers
                0x0000000010001c64       0x28 CMakeFiles/iot_security_lab.dir/home/daltro/pico-sdk/src/rp2_common/pico_runtime/runtime.c.o
                0x0000000010001c64                runtime_run_initializers
 .text.runtime_init_early_resets
                0x0000000010001c8c       0x2c CMakeFiles/iot_security_lab.dir/home/daltro/pico-sdk/src/rp2_common/pico_runtime_init/runtime_init.c.o
                0x0000000010001c8c                runtime_init_early_resets
 .text.runtime_init_usb_power_down
                0x0000000010001cb8       0x1c CMakeFiles/iot_security_lab.dir/home/daltro/pico-sdk/src/rp2_common/pico_runtime_init/runtime_init.c.o
                0x0000000010001cb8                runtime_init_usb_power_down
 .text.runtime_init_post_clock_resets
                0x0000000010001cd4       0x20 CMakeFiles/iot_security_lab.dir/home/daltro/pico-sdk/src/rp2_common/pico_runtime_init/runtime_init.c.o
                0x0000000010001cd4                runtime_init_post_clock_resets
 .text.runtime_init_rp2040_gpio_ie_disable
                0x0000000010001cf4       0x14 CMakeFiles/iot_security_lab.dir/home/daltro/pico-sdk/src/rp2_common/pico_runtime_init/runtime_init.c.o
                0x0000000010001cf4                runtime_init_rp2040_gpio_ie_disable
 .text.runtime_init_spin_locks_reset
                0x0000000010001d08        0x8 CMakeFiles/iot_security_lab.dir/home/daltro/pico-sdk/src/rp2_common/pico_runtime_init/runtime_init.c.o
                0x0000000010001d08                runtime_init_spin_locks_reset
 .text.runtime_init_install_ram_vector_table
                0x0000000010001d10       0x1c CMakeFiles/iot_security_lab.dir/home/daltro/pico-sdk/src/rp2_common/pico_runtime_init/runtime_init.c.o
                0x0000000010001d10                runtime_init_install_ram_vector_table
 .text.runtime_init_clocks
                0x0000000010001d2c       0xd8 CMakeFiles/iot_security_lab.dir/home/daltro/pico-sdk/src/rp2_common/pico_runtime_init/runtime_init_clocks.c.o
                0x0000000010001d2c                runtime_init_clocks
 .text          0x0000000010001e04       0x10 CMakeFiles/iot_security_lab.dir/home/daltro/pico-sdk/src/rp2_common/pico_bit_ops/bit_ops_aeabi.S.o
 .text.ctzsi    0x0000000010001e14        0xc CMakeFiles/iot_security_lab.dir/home/daltro/pico-sdk/src/rp2_common/pico_bit_ops/bit_ops_aeabi.S.o
                0x0000000010001e14                __wrap___ctzsi2
 .text.__wrap___aeabi_idiv
                0x0000000010001e20       0x50 CMakeFiles/iot_security_lab.dir/home/daltro/pico-sdk/src/rp2_common/pico_divider/divider_hardware.S.o
                0x0000000010001e20                __wrap___aeabi_idivmod
                0x0000000010001e20                divmod_s32s32
                0x0000000010001e20                div_s32s32
                0x0000000010001e20                __wrap___aeabi_idiv
                0x0000000010001e28                divmod_s32s32_unsafe
                0x0000000010001e54                divmod_s32s32_savestate
 .text.__wrap___aeabi_uidiv
                0x0000000010001e70       0x4c CMakeFiles/iot_security_lab.dir/home/daltro/pico-sdk/src/rp2_common/pico_divider/divider_hardware.S.o
                0x0000000010001e70                __wrap___aeabi_uidiv
                0x0000000010001e70                __wrap___aeabi_uidivmod
                0x0000000010001e70                div_u32u32
                0x0000000010001e70                divmod_u32u32
                0x0000000010001e78                divmod_u32u32_unsafe
                0x0000000010001ea0                divmod_u32u32_savestate
 .text.__wrap___aeabi_ldiv
                0x0000000010001ebc      0x424 CMakeFiles/iot_security_lab.dir/home/daltro/pico-sdk/src/rp2_common/pico_divider/divider_hardware.S.o
                0x0000000010001ebc                div_s64s64
                0x0000000010001ebc                divmod_s64s64
                0x0000000010001ebc                __wrap___aeabi_ldivmod
                0x0000000010001eec                div_u64u64
                0x0000000010001eec                divmod_u64u64
                0x0000000010001eec                __wrap___aeabi_uldivmod
                0x0000000010001efc                divmod_u64u64_savestate
                0x0000000010001f1c                divmod_s64s64_unsafe
                0x0000000010001fa4                divmod_u64u64_unsafe
 .text.__wrap___aeabi_darithmetic
                0x00000000100022e0       0x60 CMakeFiles/iot_security_lab.dir/home/daltro/pico-sdk/src/rp2_common/pico_double/double_aeabi_rp2040.S.o
                0x00000000100022e0                __wrap___aeabi_drsub
                0x00000000100022e6                __wrap___aeabi_dsub
                0x00000000100022f0                __wrap___aeabi_dadd
                0x00000000100022fa                __wrap___aeabi_ddiv
                0x000000001000232e                __wrap___aeabi_dmul
 .text.__wrap___aeabi_cdcmple
                0x0000000010002340       0x6c CMakeFiles/iot_security_lab.dir/home/daltro/pico-sdk/src/rp2_common/pico_double/double_aeabi_rp2040.S.o
                0x0000000010002340                __wrap___aeabi_cdrcmple
                0x0000000010002350                __wrap___aeabi_cdcmple
                0x0000000010002350                __wrap___aeabi_cdcmpeq
 .text.__wrap___aeabi_dcmplt
                0x00000000100023ac        0xc CMakeFiles/iot_security_lab.dir/home/daltro/pico-sdk/src/rp2_common/pico_double/double_aeabi_rp2040.S.o
                0x00000000100023ac                __wrap___aeabi_dcmplt
 .text.__wrap___aeabi_dcmple
                0x00000000100023b8       0x10 CMakeFiles/iot_security_lab.dir/home/daltro/pico-sdk/src/rp2_common/pico_double/double_aeabi_rp2040.S.o
                0x00000000100023b8                __wrap___aeabi_dcmple
 .text.__wrap___aeabi_dcmpge
                0x00000000100023c8       0x10 CMakeFiles/iot_security_lab.dir/home/daltro/pico-sdk/src/rp2_common/pico_double/double_aeabi_rp2040.S.o
                0x00000000100023c8                __wrap___aeabi_dcmpge
 .text.__wrap___aeabi_dcmpgt
                0x00000000100023d8        0xa CMakeFiles/iot_security_lab.dir/home/daltro/pico-sdk/src/rp2_common/pico_double/double_aeabi_rp2040.S.o
                0x00000000100023d8                __wrap___aeabi_dcmpgt
 .text.__wrap___aeabi_dcmpun
                0x00000000100023e2       0x18 CMakeFiles/iot_security_lab.dir/home/daltro/pico-sdk/src/rp2_common/pico_double/double_aeabi_rp2040.S.o
                0x00000000100023e2                __wrap___aeabi_dcmpun
 *fill*         0x00000000100023fa        0x2 
 .text.__wrap___aeabi_i2d
                0x00000000100023fc       0x38 CMakeFiles/iot_security_lab.dir/home/daltro/pico-sdk/src/rp2_common/pico_double/double_aeabi_rp2040.S.o
                0x00000000100023fc                __wrap___aeabi_ui2d
                0x00000000100023fc                uint2double
                0x0000000010002404                __wrap___aeabi_i2d
                0x0000000010002404                int2double
 .text.__wrap___aeabi_d2iz
                0x0000000010002434       0x48 CMakeFiles/iot_security_lab.dir/home/daltro/pico-sdk/src/rp2_common/pico_double/double_aeabi_rp2040.S.o
                0x0000000010002434                __wrap___aeabi_d2iz
                0x0000000010002434                double2int_z
 .text.__wrap___aeabi_d2uiz
                0x000000001000247c       0x10 CMakeFiles/iot_security_lab.dir/home/daltro/pico-sdk/src/rp2_common/pico_double/double_aeabi_rp2040.S.o
                0x000000001000247c                double2uint_z
                0x000000001000247c                double2uint
                0x000000001000247c                __wrap___aeabi_d2uiz
 .text.missing_double_func_shim
                0x000000001000248c        0xc CMakeFiles/iot_security_lab.dir/home/daltro/pico-sdk/src/rp2_common/pico_double/double_init_rom_rp2040.c.o
 .text.__aeabi_double_init
                0x0000000010002498       0xa4 CMakeFiles/iot_security_lab.dir/home/daltro/pico-sdk/src/rp2_common/pico_double/double_init_rom_rp2040.c.o
                0x0000000010002498                __aeabi_double_init
 .text.double_table_shim_on_use_helper
                0x000000001000253c       0x2c CMakeFiles/iot_security_lab.dir/home/daltro/pico-sdk/src/rp2_common/pico_double/double_v1_rom_shim_rp2040.S.o
                0x000000001000253c                double_table_shim_on_use_helper
 .text.__aeabi_lmul
                0x0000000010002568       0x32 CMakeFiles/iot_security_lab.dir/home/daltro/pico-sdk/src/rp2_common/pico_int64_ops/pico_int64_ops_aeabi.S.o
                0x0000000010002568                __wrap___aeabi_lmul
 *fill*         0x000000001000259a        0x2 
 .text.missing_float_func_shim
                0x000000001000259c        0xc CMakeFiles/iot_security_lab.dir/home/daltro/pico-sdk/src/rp2_common/pico_float/float_init_rom_rp2040.c.o
 .text.__aeabi_float_init
                0x00000000100025a8       0x5c CMakeFiles/iot_security_lab.dir/home/daltro/pico-sdk/src/rp2_common/pico_float/float_init_rom_rp2040.c.o
                0x00000000100025a8                __aeabi_float_init
 .text          0x0000000010002604       0x10 CMakeFiles/iot_security_lab.dir/home/daltro/pico-sdk/src/rp2_common/pico_mem_ops/mem_ops_aeabi.S.o
                0x0000000010002604                __aeabi_mem_init
 .text.memset   0x0000000010002614        0xc CMakeFiles/iot_security_lab.dir/home/daltro/pico-sdk/src/rp2_common/pico_mem_ops/mem_ops_aeabi.S.o
                0x0000000010002614                __wrap_memset
 .text.memcpy   0x0000000010002620        0xc CMakeFiles/iot_security_lab.dir/home/daltro/pico-sdk/src/rp2_common/pico_mem_ops/mem_ops_aeabi.S.o
                0x0000000010002620                __wrap___aeabi_memcpy
                0x0000000010002620                __wrap_memcpy
 .text._out_buffer
                0x000000001000262c        0x8 CMakeFiles/iot_security_lab.dir/home/daltro/pico-sdk/src/rp2_common/pico_printf/printf.c.o
 .text._out_null
                0x0000000010002634        0x4 CMakeFiles/iot_security_lab.dir/home/daltro/pico-sdk/src/rp2_common/pico_printf/printf.c.o
 .text._out_rev
                0x0000000010002638       0x9c CMakeFiles/iot_security_lab.dir/home/daltro/pico-sdk/src/rp2_common/pico_printf/printf.c.o
 .text._ntoa_format
                0x00000000100026d4      0x1cc CMakeFiles/iot_security_lab.dir/home/daltro/pico-sdk/src/rp2_common/pico_printf/printf.c.o
 .text._out_char
                0x00000000100028a0       0x10 CMakeFiles/iot_security_lab.dir/home/daltro/pico-sdk/src/rp2_common/pico_printf/printf.c.o
 .text._out_fct
                0x00000000100028b0       0x10 CMakeFiles/iot_security_lab.dir/home/daltro/pico-sdk/src/rp2_common/pico_printf/printf.c.o
 .text._etoa    0x00000000100028c0      0x44c CMakeFiles/iot_security_lab.dir/home/daltro/pico-sdk/src/rp2_common/pico_printf/printf.c.o
 .text._ftoa    0x0000000010002d0c      0x398 CMakeFiles/iot_security_lab.dir/home/daltro/pico-sdk/src/rp2_common/pico_printf/printf.c.o
 .text._vsnprintf
                0x00000000100030a4      0xb04 CMakeFiles/iot_security_lab.dir/home/daltro/pico-sdk/src/rp2_common/pico_printf/printf.c.o
 .text.__wrap_sprintf
                0x0000000010003ba8       0x28 CMakeFiles/iot_security_lab.dir/home/daltro/pico-sdk/src/rp2_common/pico_printf/printf.c.o
                0x0000000010003ba8                __wrap_sprintf
 .text.vfctprintf
                0x0000000010003bd0       0x20 CMakeFiles/iot_security_lab.dir/home/daltro/pico-sdk/src/rp2_common/pico_printf/printf.c.o
                0x0000000010003bd0                vfctprintf
 .text.weak_raw_vprintf
                0x0000000010003bf0       0x30 CMakeFiles/iot_security_lab.dir/home/daltro/pico-sdk/src/rp2_common/pico_printf/printf.c.o
                0x0000000010003bf0                weak_raw_vprintf
 .text._exit    0x0000000010003c20        0x4 CMakeFiles/iot_security_lab.dir/home/daltro/pico-sdk/src/rp2_common/pico_clib_interface/newlib_interface.c.o
                0x0000000010003c20                _exit
 .text._gettimeofday
                0x0000000010003c24       0x40 CMakeFiles/iot_security_lab.dir/home/daltro/pico-sdk/src/rp2_common/pico_clib_interface/newlib_interface.c.o
                0x0000000010003c24                _gettimeofday
 .text.exit     0x0000000010003c64        0x8 CMakeFiles/iot_security_lab.dir/home/daltro/pico-sdk/src/rp2_common/pico_clib_interface/newlib_interface.c.o
                0x0000000010003c64                exit
 .text.runtime_init
                0x0000000010003c6c       0x2c CMakeFiles/iot_security_lab.dir/home/daltro/pico-sdk/src/rp2_common/pico_clib_interface/newlib_interface.c.o
                0x0000000010003c6c                runtime_init
 .text.stdio_out_chars_no_crlf
                0x0000000010003c98       0x10 CMakeFiles/iot_security_lab.dir/home/daltro/pico-sdk/src/rp2_common/pico_stdio/stdio.c.o
 .text.stdio_out_chars_crlf
                0x0000000010003ca8       0xb4 CMakeFiles/iot_security_lab.dir/home/daltro/pico-sdk/src/rp2_common/pico_stdio/stdio.c.o
 .text.stdio_buffered_printer
                0x0000000010003d5c       0x64 CMakeFiles/iot_security_lab.dir/home/daltro/pico-sdk/src/rp2_common/pico_stdio/stdio.c.o
 .text.stdio_put_string
                0x0000000010003dc0      0x100 CMakeFiles/iot_security_lab.dir/home/daltro/pico-sdk/src/rp2_common/pico_stdio/stdio.c.o
                0x0000000010003dc0                stdio_put_string
 .text.stdio_set_driver_enabled
                0x0000000010003ec0       0x30 CMakeFiles/iot_security_lab.dir/home/daltro/pico-sdk/src/rp2_common/pico_stdio/stdio.c.o
                0x0000000010003ec0                stdio_set_driver_enabled
 .text.stdio_init_all
                0x0000000010003ef0        0x8 CMakeFiles/iot_security_lab.dir/home/daltro/pico-sdk/src/rp2_common/pico_stdio/stdio.c.o
                0x0000000010003ef0                stdio_init_all
 .text.__wrap_putchar
                0x0000000010003ef8       0x98 CMakeFiles/iot_security_lab.dir/home/daltro/pico-sdk/src/rp2_common/pico_stdio/stdio.c.o
                0x0000000010003ef8                stdio_putchar
                0x0000000010003ef8                __wrap_putchar
 .text.__wrap_puts
                0x0000000010003f90       0x3c CMakeFiles/iot_security_lab.dir/home/daltro/pico-sdk/src/rp2_common/pico_stdio/stdio.c.o
                0x0000000010003f90                __wrap_puts
                0x0000000010003f90                stdio_puts
 .text.__wrap_vprintf
                0x0000000010003fcc       0xd8 CMakeFiles/iot_security_lab.dir/home/daltro/pico-sdk/src/rp2_common/pico_stdio/stdio.c.o
                0x0000000010003fcc                __wrap_vprintf
                0x0000000010003fcc                stdio_vprintf
 .text.__wrap_printf
                0x00000000100040a4       0x18 CMakeFiles/iot_security_lab.dir/home/daltro/pico-sdk/src/rp2_common/pico_stdio/stdio.c.o
                0x00000000100040a4                stdio_printf
                0x00000000100040a4                __wrap_printf
 .text.resetd_init
                0x00000000100040bc        0x4 CMakeFiles/iot_security_lab.dir/home/daltro/pico-sdk/src/rp2_common/pico_stdio_usb/reset_interface.c.o
 .text.resetd_reset
                0x00000000100040c0        0xc CMakeFiles/iot_security_lab.dir/home/daltro/pico-sdk/src/rp2_common/pico_stdio_usb/reset_interface.c.o
 .text.resetd_open
                0x00000000100040cc       0x28 CMakeFiles/iot_security_lab.dir/home/daltro/pico-sdk/src/rp2_common/pico_stdio_usb/reset_interface.c.o
 .text.resetd_xfer_cb
                0x00000000100040f4        0x4 CMakeFiles/iot_security_lab.dir/home/daltro/pico-sdk/src/rp2_common/pico_stdio_usb/reset_interface.c.o
 .text.resetd_control_xfer_cb
                0x00000000100040f8       0x60 CMakeFiles/iot_security_lab.dir/home/daltro/pico-sdk/src/rp2_common/pico_stdio_usb/reset_interface.c.o
 .text.tud_descriptor_bos_cb
                0x0000000010004158        0x8 CMakeFiles/iot_security_lab.dir/home/daltro/pico-sdk/src/rp2_common/pico_stdio_usb/reset_interface.c.o
                0x0000000010004158                tud_descriptor_bos_cb
 .text.tud_vendor_control_xfer_cb
                0x0000000010004160       0x34 CMakeFiles/iot_security_lab.dir/home/daltro/pico-sdk/src/rp2_common/pico_stdio_usb/reset_interface.c.o
                0x0000000010004160                tud_vendor_control_xfer_cb
 .text.usbd_app_driver_get_cb
                0x0000000010004194        0xc CMakeFiles/iot_security_lab.dir/home/daltro/pico-sdk/src/rp2_common/pico_stdio_usb/reset_interface.c.o
                0x0000000010004194                usbd_app_driver_get_cb
 .text.tud_cdc_line_coding_cb
                0x00000000100041a0       0x2c CMakeFiles/iot_security_lab.dir/home/daltro/pico-sdk/src/rp2_common/pico_stdio_usb/reset_interface.c.o
                0x00000000100041a0                tud_cdc_line_coding_cb
 .text.stdio_usb_set_chars_available_callback
                0x00000000100041cc       0x14 CMakeFiles/iot_security_lab.dir/home/daltro/pico-sdk/src/rp2_common/pico_stdio_usb/stdio_usb.c.o
                0x00000000100041cc                stdio_usb_set_chars_available_callback
 .text.usb_irq  0x00000000100041e0       0x10 CMakeFiles/iot_security_lab.dir/home/daltro/pico-sdk/src/rp2_common/pico_stdio_usb/stdio_usb.c.o
 .text.timer_task
                0x00000000100041f0       0x64 CMakeFiles/iot_security_lab.dir/home/daltro/pico-sdk/src/rp2_common/pico_stdio_usb/stdio_usb.c.o
 .text.stdio_usb_in_chars
                0x0000000010004254       0x90 CMakeFiles/iot_security_lab.dir/home/daltro/pico-sdk/src/rp2_common/pico_stdio_usb/stdio_usb.c.o
                0x0000000010004254                stdio_usb_in_chars
 .text.stdio_usb_out_flush
                0x00000000100042e4       0x50 CMakeFiles/iot_security_lab.dir/home/daltro/pico-sdk/src/rp2_common/pico_stdio_usb/stdio_usb.c.o
 .text.stdio_usb_out_chars
                0x0000000010004334      0x100 CMakeFiles/iot_security_lab.dir/home/daltro/pico-sdk/src/rp2_common/pico_stdio_usb/stdio_usb.c.o
 .text.low_priority_worker_irq
                0x0000000010004434       0xc8 CMakeFiles/iot_security_lab.dir/home/daltro/pico-sdk/src/rp2_common/pico_stdio_usb/stdio_usb.c.o
 .text.stdio_usb_init
                0x00000000100044fc       0xe8 CMakeFiles/iot_security_lab.dir/home/daltro/pico-sdk/src/rp2_common/pico_stdio_usb/stdio_usb.c.o
                0x00000000100044fc                stdio_usb_init
 .text.tud_descriptor_device_cb
                0x00000000100045e4        0x8 CMakeFiles/iot_security_lab.dir/home/daltro/pico-sdk/src/rp2_common/pico_stdio_usb/stdio_usb_descriptors.c.o
                0x00000000100045e4                tud_descriptor_device_cb
 .text.tud_descriptor_configuration_cb
                0x00000000100045ec        0x8 CMakeFiles/iot_security_lab.dir/home/daltro/pico-sdk/src/rp2_common/pico_stdio_usb/stdio_usb_descriptors.c.o
                0x00000000100045ec                tud_descriptor_configuration_cb
 .text.tud_descriptor_string_cb
                0x00000000100045f4       0x74 CMakeFiles/iot_security_lab.dir/home/daltro/pico-sdk/src/rp2_common/pico_stdio_usb/stdio_usb_descriptors.c.o
                0x00000000100045f4                tud_descriptor_string_cb
 .text.startup._retrieve_unique_id_on_boot
                0x0000000010004668       0x10 CMakeFiles/iot_security_lab.dir/home/daltro/pico-sdk/src/rp2_common/pico_unique_id/unique_id.c.o
 .text.pico_get_unique_board_id
                0x0000000010004678       0x10 CMakeFiles/iot_security_lab.dir/home/daltro/pico-sdk/src/rp2_common/pico_unique_id/unique_id.c.o
                0x0000000010004678                pico_get_unique_board_id
 .text.pico_get_unique_board_id_string
                0x0000000010004688      0x1a8 CMakeFiles/iot_security_lab.dir/home/daltro/pico-sdk/src/rp2_common/pico_unique_id/unique_id.c.o
                0x0000000010004688                pico_get_unique_board_id_string
 .text.flash_get_unique_id
                0x0000000010004830       0x40 CMakeFiles/iot_security_lab.dir/home/daltro/pico-sdk/src/rp2_common/hardware_flash/flash.c.o
                0x0000000010004830                flash_get_unique_id
 .text.dcd_init
                0x0000000010004870       0x90 CMakeFiles/iot_security_lab.dir/home/daltro/pico-sdk/lib/tinyusb/src/portable/raspberrypi/rp2040/dcd_rp2040.c.o
                0x0000000010004870                dcd_init
 .text.dcd_int_enable
                0x0000000010004900        0xc CMakeFiles/iot_security_lab.dir/home/daltro/pico-sdk/lib/tinyusb/src/portable/raspberrypi/rp2040/dcd_rp2040.c.o
                0x0000000010004900                dcd_int_enable
 .text.dcd_set_address
                0x000000001000490c       0x14 CMakeFiles/iot_security_lab.dir/home/daltro/pico-sdk/lib/tinyusb/src/portable/raspberrypi/rp2040/dcd_rp2040.c.o
                0x000000001000490c                dcd_set_address
 .text.dcd_sof_enable
                0x0000000010004920       0x1c CMakeFiles/iot_security_lab.dir/home/daltro/pico-sdk/lib/tinyusb/src/portable/raspberrypi/rp2040/dcd_rp2040.c.o
                0x0000000010004920                dcd_sof_enable
 .text.dcd_edpt0_status_complete
                0x000000001000493c       0x1c CMakeFiles/iot_security_lab.dir/home/daltro/pico-sdk/lib/tinyusb/src/portable/raspberrypi/rp2040/dcd_rp2040.c.o
                0x000000001000493c                dcd_edpt0_status_complete
 .text.dcd_edpt_open
                0x0000000010004958      0x114 CMakeFiles/iot_security_lab.dir/home/daltro/pico-sdk/lib/tinyusb/src/portable/raspberrypi/rp2040/dcd_rp2040.c.o
                0x0000000010004958                dcd_edpt_open
 .text.dcd_edpt_close_all
                0x0000000010004a6c        0x8 CMakeFiles/iot_security_lab.dir/home/daltro/pico-sdk/lib/tinyusb/src/portable/raspberrypi/rp2040/dcd_rp2040.c.o
                0x0000000010004a6c                dcd_edpt_close_all
 .text.dcd_edpt_xfer
                0x0000000010004a74       0x24 CMakeFiles/iot_security_lab.dir/home/daltro/pico-sdk/lib/tinyusb/src/portable/raspberrypi/rp2040/dcd_rp2040.c.o
                0x0000000010004a74                dcd_edpt_xfer
 .text.dcd_edpt_stall
                0x0000000010004a98       0x38 CMakeFiles/iot_security_lab.dir/home/daltro/pico-sdk/lib/tinyusb/src/portable/raspberrypi/rp2040/dcd_rp2040.c.o
                0x0000000010004a98                dcd_edpt_stall
 .text.dcd_edpt_clear_stall
                0x0000000010004ad0       0x30 CMakeFiles/iot_security_lab.dir/home/daltro/pico-sdk/lib/tinyusb/src/portable/raspberrypi/rp2040/dcd_rp2040.c.o
                0x0000000010004ad0                dcd_edpt_clear_stall
 .text.rp2040_usb_init
                0x0000000010004b00       0x40 CMakeFiles/iot_security_lab.dir/home/daltro/pico-sdk/lib/tinyusb/src/portable/raspberrypi/rp2040/rp2040_usb.c.o
                0x0000000010004b00                rp2040_usb_init
 .text.hw_endpoint_xfer_start
                0x0000000010004b40       0x50 CMakeFiles/iot_security_lab.dir/home/daltro/pico-sdk/lib/tinyusb/src/portable/raspberrypi/rp2040/rp2040_usb.c.o
                0x0000000010004b40                hw_endpoint_xfer_start
 .text.tud_event_hook_cb
                0x0000000010004b90        0x4 CMakeFiles/iot_security_lab.dir/home/daltro/pico-sdk/lib/tinyusb/src/device/usbd.c.o
                0x0000000010004b90                tud_event_hook_cb
 .text.tud_sof_cb
                0x0000000010004b94        0x4 CMakeFiles/iot_security_lab.dir/home/daltro/pico-sdk/lib/tinyusb/src/device/usbd.c.o
                0x0000000010004b94                tud_sof_cb
 .text.tud_descriptor_device_qualifier_cb
                0x0000000010004b98        0x4 CMakeFiles/iot_security_lab.dir/home/daltro/pico-sdk/lib/tinyusb/src/device/usbd.c.o
                0x0000000010004b98                tud_descriptor_device_qualifier_cb
 .text.tud_descriptor_other_speed_configuration_cb
                0x0000000010004b9c        0x4 CMakeFiles/iot_security_lab.dir/home/daltro/pico-sdk/lib/tinyusb/src/device/usbd.c.o
                0x0000000010004b9c                tud_descriptor_other_speed_configuration_cb
 .text.tud_mount_cb
                0x0000000010004ba0        0x4 CMakeFiles/iot_security_lab.dir/home/daltro/pico-sdk/lib/tinyusb/src/device/usbd.c.o
                0x0000000010004ba0                tud_mount_cb
 .text.tud_umount_cb
                0x0000000010004ba4        0x4 CMakeFiles/iot_security_lab.dir/home/daltro/pico-sdk/lib/tinyusb/src/device/usbd.c.o
                0x0000000010004ba4                tud_umount_cb
 .text.tud_suspend_cb
                0x0000000010004ba8        0x4 CMakeFiles/iot_security_lab.dir/home/daltro/pico-sdk/lib/tinyusb/src/device/usbd.c.o
                0x0000000010004ba8                tud_suspend_cb
 .text.tud_resume_cb
                0x0000000010004bac        0x4 CMakeFiles/iot_security_lab.dir/home/daltro/pico-sdk/lib/tinyusb/src/device/usbd.c.o
                0x0000000010004bac                tud_resume_cb
 .text.tud_mounted
                0x0000000010004bb0       0x10 CMakeFiles/iot_security_lab.dir/home/daltro/pico-sdk/lib/tinyusb/src/device/usbd.c.o
                0x0000000010004bb0                tud_mounted
 .text.tud_suspended
                0x0000000010004bc0       0x10 CMakeFiles/iot_security_lab.dir/home/daltro/pico-sdk/lib/tinyusb/src/device/usbd.c.o
                0x0000000010004bc0                tud_suspended
 .text.tud_rhport_init
                0x0000000010004bd0       0xf4 CMakeFiles/iot_security_lab.dir/home/daltro/pico-sdk/lib/tinyusb/src/device/usbd.c.o
                0x0000000010004bd0                tud_rhport_init
 .text.tud_task_ext
                0x0000000010004cc4      0x800 CMakeFiles/iot_security_lab.dir/home/daltro/pico-sdk/lib/tinyusb/src/device/usbd.c.o
                0x0000000010004cc4                tud_task_ext
 .text.usbd_open_edpt_pair
                0x00000000100054c4       0x9c CMakeFiles/iot_security_lab.dir/home/daltro/pico-sdk/lib/tinyusb/src/device/usbd.c.o
                0x00000000100054c4                usbd_open_edpt_pair
 .text.usbd_edpt_open
                0x0000000010005560       0x34 CMakeFiles/iot_security_lab.dir/home/daltro/pico-sdk/lib/tinyusb/src/device/usbd.c.o
                0x0000000010005560                usbd_edpt_open
 .text.usbd_edpt_claim
                0x0000000010005594       0x28 CMakeFiles/iot_security_lab.dir/home/daltro/pico-sdk/lib/tinyusb/src/device/usbd.c.o
                0x0000000010005594                usbd_edpt_claim
 .text.usbd_edpt_release
                0x00000000100055bc       0x28 CMakeFiles/iot_security_lab.dir/home/daltro/pico-sdk/lib/tinyusb/src/device/usbd.c.o
                0x00000000100055bc                usbd_edpt_release
 .text.usbd_edpt_xfer
                0x00000000100055e4       0x4c CMakeFiles/iot_security_lab.dir/home/daltro/pico-sdk/lib/tinyusb/src/device/usbd.c.o
                0x00000000100055e4                usbd_edpt_xfer
 .text.tud_control_status
                0x0000000010005630       0x30 CMakeFiles/iot_security_lab.dir/home/daltro/pico-sdk/lib/tinyusb/src/device/usbd_control.c.o
                0x0000000010005630                tud_control_status
 .text.tud_control_xfer
                0x0000000010005660       0xbc CMakeFiles/iot_security_lab.dir/home/daltro/pico-sdk/lib/tinyusb/src/device/usbd_control.c.o
                0x0000000010005660                tud_control_xfer
 .text.usbd_control_reset
                0x000000001000571c       0x14 CMakeFiles/iot_security_lab.dir/home/daltro/pico-sdk/lib/tinyusb/src/device/usbd_control.c.o
                0x000000001000571c                usbd_control_reset
 .text.usbd_control_set_complete_callback
                0x0000000010005730        0xc CMakeFiles/iot_security_lab.dir/home/daltro/pico-sdk/lib/tinyusb/src/device/usbd_control.c.o
                0x0000000010005730                usbd_control_set_complete_callback
 .text.usbd_control_set_request
                0x000000001000573c       0x1c CMakeFiles/iot_security_lab.dir/home/daltro/pico-sdk/lib/tinyusb/src/device/usbd_control.c.o
                0x000000001000573c                usbd_control_set_request
 .text.usbd_control_xfer_cb
                0x0000000010005758       0xf0 CMakeFiles/iot_security_lab.dir/home/daltro/pico-sdk/lib/tinyusb/src/device/usbd_control.c.o
                0x0000000010005758                usbd_control_xfer_cb
 .text._prep_out_transaction.isra.0
                0x0000000010005848       0x6c CMakeFiles/iot_security_lab.dir/home/daltro/pico-sdk/lib/tinyusb/src/class/cdc/cdc_device.c.o
 .text.tud_cdc_n_connected
                0x00000000100058b4       0x2c CMakeFiles/iot_security_lab.dir/home/daltro/pico-sdk/lib/tinyusb/src/class/cdc/cdc_device.c.o
                0x00000000100058b4                tud_cdc_n_connected
 .text.tud_cdc_n_available
                0x00000000100058e0       0x18 CMakeFiles/iot_security_lab.dir/home/daltro/pico-sdk/lib/tinyusb/src/class/cdc/cdc_device.c.o
                0x00000000100058e0                tud_cdc_n_available
 .text.tud_cdc_n_read
                0x00000000100058f8       0x94 CMakeFiles/iot_security_lab.dir/home/daltro/pico-sdk/lib/tinyusb/src/class/cdc/cdc_device.c.o
                0x00000000100058f8                tud_cdc_n_read
 .text.tud_cdc_n_write_flush
                0x000000001000598c       0x78 CMakeFiles/iot_security_lab.dir/home/daltro/pico-sdk/lib/tinyusb/src/class/cdc/cdc_device.c.o
                0x000000001000598c                tud_cdc_n_write_flush
 .text.tud_cdc_n_write
                0x0000000010005a04       0x44 CMakeFiles/iot_security_lab.dir/home/daltro/pico-sdk/lib/tinyusb/src/class/cdc/cdc_device.c.o
                0x0000000010005a04                tud_cdc_n_write
 .text.tud_cdc_n_write_available
                0x0000000010005a48       0x18 CMakeFiles/iot_security_lab.dir/home/daltro/pico-sdk/lib/tinyusb/src/class/cdc/cdc_device.c.o
                0x0000000010005a48                tud_cdc_n_write_available
 .text.cdcd_init
                0x0000000010005a60       0x70 CMakeFiles/iot_security_lab.dir/home/daltro/pico-sdk/lib/tinyusb/src/class/cdc/cdc_device.c.o
                0x0000000010005a60                cdcd_init
 .text.cdcd_deinit
                0x0000000010005ad0       0x24 CMakeFiles/iot_security_lab.dir/home/daltro/pico-sdk/lib/tinyusb/src/class/cdc/cdc_device.c.o
                0x0000000010005ad0                cdcd_deinit
 .text.cdcd_reset
                0x0000000010005af4       0x4c CMakeFiles/iot_security_lab.dir/home/daltro/pico-sdk/lib/tinyusb/src/class/cdc/cdc_device.c.o
                0x0000000010005af4                cdcd_reset
 .text.cdcd_open
                0x0000000010005b40       0xa8 CMakeFiles/iot_security_lab.dir/home/daltro/pico-sdk/lib/tinyusb/src/class/cdc/cdc_device.c.o
                0x0000000010005b40                cdcd_open
 .text.cdcd_control_xfer_cb
                0x0000000010005be8       0xe8 CMakeFiles/iot_security_lab.dir/home/daltro/pico-sdk/lib/tinyusb/src/class/cdc/cdc_device.c.o
                0x0000000010005be8                cdcd_control_xfer_cb
 .text.cdcd_xfer_cb
                0x0000000010005cd0       0xfc CMakeFiles/iot_security_lab.dir/home/daltro/pico-sdk/lib/tinyusb/src/class/cdc/cdc_device.c.o
                0x0000000010005cd0                cdcd_xfer_cb
 .text.vendord_init
                0x0000000010005dcc       0x5c CMakeFiles/iot_security_lab.dir/home/daltro/pico-sdk/lib/tinyusb/src/class/vendor/vendor_device.c.o
                0x0000000010005dcc                vendord_init
 .text.vendord_deinit
                0x0000000010005e28       0x1c CMakeFiles/iot_security_lab.dir/home/daltro/pico-sdk/lib/tinyusb/src/class/vendor/vendor_device.c.o
                0x0000000010005e28                vendord_deinit
 .text.vendord_reset
                0x0000000010005e44       0x28 CMakeFiles/iot_security_lab.dir/home/daltro/pico-sdk/lib/tinyusb/src/class/vendor/vendor_device.c.o
                0x0000000010005e44                vendord_reset
 .text.vendord_open
                0x0000000010005e6c      0x128 CMakeFiles/iot_security_lab.dir/home/daltro/pico-sdk/lib/tinyusb/src/class/vendor/vendor_device.c.o
                0x0000000010005e6c                vendord_open
 .text.vendord_xfer_cb
                0x0000000010005f94       0x9c CMakeFiles/iot_security_lab.dir/home/daltro/pico-sdk/lib/tinyusb/src/class/vendor/vendor_device.c.o
                0x0000000010005f94                vendord_xfer_cb
 .text.tusb_rhport_init
                0x0000000010006030       0x48 CMakeFiles/iot_security_lab.dir/home/daltro/pico-sdk/lib/tinyusb/src/tusb.c.o
                0x0000000010006030                tusb_rhport_init
 .text.tu_edpt_claim
                0x0000000010006078       0x50 CMakeFiles/iot_security_lab.dir/home/daltro/pico-sdk/lib/tinyusb/src/tusb.c.o
                0x0000000010006078                tu_edpt_claim
 .text.tu_edpt_release
                0x00000000100060c8       0x38 CMakeFiles/iot_security_lab.dir/home/daltro/pico-sdk/lib/tinyusb/src/tusb.c.o
                0x00000000100060c8                tu_edpt_release
 .text.tu_edpt_validate
                0x0000000010006100       0x78 CMakeFiles/iot_security_lab.dir/home/daltro/pico-sdk/lib/tinyusb/src/tusb.c.o
                0x0000000010006100                tu_edpt_validate
 .text.tu_edpt_bind_driver
                0x0000000010006178       0x34 CMakeFiles/iot_security_lab.dir/home/daltro/pico-sdk/lib/tinyusb/src/tusb.c.o
                0x0000000010006178                tu_edpt_bind_driver
 .text.tu_edpt_stream_init
                0x00000000100061ac       0x6c CMakeFiles/iot_security_lab.dir/home/daltro/pico-sdk/lib/tinyusb/src/tusb.c.o
                0x00000000100061ac                tu_edpt_stream_init
 .text.tu_edpt_stream_deinit
                0x0000000010006218        0x4 CMakeFiles/iot_security_lab.dir/home/daltro/pico-sdk/lib/tinyusb/src/tusb.c.o
                0x0000000010006218                tu_edpt_stream_deinit
 .text.tu_edpt_stream_write_zlp_if_needed
                0x000000001000621c       0x58 CMakeFiles/iot_security_lab.dir/home/daltro/pico-sdk/lib/tinyusb/src/tusb.c.o
                0x000000001000621c                tu_edpt_stream_write_zlp_if_needed
 .text.tu_edpt_stream_write_xfer
                0x0000000010006274       0x64 CMakeFiles/iot_security_lab.dir/home/daltro/pico-sdk/lib/tinyusb/src/tusb.c.o
                0x0000000010006274                tu_edpt_stream_write_xfer
 .text.tu_edpt_stream_read_xfer
                0x00000000100062d8       0xdc CMakeFiles/iot_security_lab.dir/home/daltro/pico-sdk/lib/tinyusb/src/tusb.c.o
                0x00000000100062d8                tu_edpt_stream_read_xfer
 .text.tu_fifo_config
                0x00000000100063b4       0x70 CMakeFiles/iot_security_lab.dir/home/daltro/pico-sdk/lib/tinyusb/src/common/tusb_fifo.c.o
                0x00000000100063b4                tu_fifo_config
 .text.tu_fifo_count
                0x0000000010006424       0x2c CMakeFiles/iot_security_lab.dir/home/daltro/pico-sdk/lib/tinyusb/src/common/tusb_fifo.c.o
                0x0000000010006424                tu_fifo_count
 .text.tu_fifo_empty
                0x0000000010006450       0x10 CMakeFiles/iot_security_lab.dir/home/daltro/pico-sdk/lib/tinyusb/src/common/tusb_fifo.c.o
                0x0000000010006450                tu_fifo_empty
 .text.tu_fifo_remaining
                0x0000000010006460       0x2c CMakeFiles/iot_security_lab.dir/home/daltro/pico-sdk/lib/tinyusb/src/common/tusb_fifo.c.o
                0x0000000010006460                tu_fifo_remaining
 .text.tu_fifo_read
                0x000000001000648c       0xa0 CMakeFiles/iot_security_lab.dir/home/daltro/pico-sdk/lib/tinyusb/src/common/tusb_fifo.c.o
                0x000000001000648c                tu_fifo_read
 .text.tu_fifo_read_n
                0x000000001000652c       0xec CMakeFiles/iot_security_lab.dir/home/daltro/pico-sdk/lib/tinyusb/src/common/tusb_fifo.c.o
                0x000000001000652c                tu_fifo_read_n
 .text.tu_fifo_write
                0x0000000010006618       0x88 CMakeFiles/iot_security_lab.dir/home/daltro/pico-sdk/lib/tinyusb/src/common/tusb_fifo.c.o
                0x0000000010006618                tu_fifo_write
 .text.tu_fifo_write_n
                0x00000000100066a0      0x168 CMakeFiles/iot_security_lab.dir/home/daltro/pico-sdk/lib/tinyusb/src/common/tusb_fifo.c.o
                0x00000000100066a0                tu_fifo_write_n
 .text.tu_fifo_clear
                0x0000000010006808       0x40 CMakeFiles/iot_security_lab.dir/home/daltro/pico-sdk/lib/tinyusb/src/common/tusb_fifo.c.o
                0x0000000010006808                tu_fifo_clear
 .text.tu_fifo_set_overwritable
                0x0000000010006848       0x48 CMakeFiles/iot_security_lab.dir/home/daltro/pico-sdk/lib/tinyusb/src/common/tusb_fifo.c.o
                0x0000000010006848                tu_fifo_set_overwritable
 .text.lwip_timeout_reached
                0x0000000010006890        0x8 CMakeFiles/iot_security_lab.dir/home/daltro/pico-sdk/src/rp2_common/pico_lwip/lwip_nosys.c.o
 .text.update_next_timeout
                0x0000000010006898       0x6c CMakeFiles/iot_security_lab.dir/home/daltro/pico-sdk/src/rp2_common/pico_lwip/lwip_nosys.c.o
 .text.lwip_nosys_init
                0x0000000010006904       0x30 CMakeFiles/iot_security_lab.dir/home/daltro/pico-sdk/src/rp2_common/pico_lwip/lwip_nosys.c.o
                0x0000000010006904                lwip_nosys_init
 .text.lwip_nosys_deinit
                0x0000000010006934       0x20 CMakeFiles/iot_security_lab.dir/home/daltro/pico-sdk/src/rp2_common/pico_lwip/lwip_nosys.c.o
                0x0000000010006934                lwip_nosys_deinit
 .text.sys_arch_protect
                0x0000000010006954        0x4 CMakeFiles/iot_security_lab.dir/home/daltro/pico-sdk/src/rp2_common/pico_lwip/lwip_nosys.c.o
                0x0000000010006954                sys_arch_protect
 .text.sys_arch_unprotect
                0x0000000010006958        0x4 CMakeFiles/iot_security_lab.dir/home/daltro/pico-sdk/src/rp2_common/pico_lwip/lwip_nosys.c.o
                0x0000000010006958                sys_arch_unprotect
 .text.sys_now  0x000000001000695c       0x20 CMakeFiles/iot_security_lab.dir/home/daltro/pico-sdk/src/rp2_common/pico_lwip/lwip_nosys.c.o
                0x000000001000695c                sys_now
 .text.async_context_base_add_at_time_worker
                0x000000001000697c       0x28 CMakeFiles/iot_security_lab.dir/home/daltro/pico-sdk/src/rp2_common/pico_async_context/async_context_base.c.o
                0x000000001000697c                async_context_base_add_at_time_worker
 .text.async_context_base_remove_at_time_worker
                0x00000000100069a4       0x28 CMakeFiles/iot_security_lab.dir/home/daltro/pico-sdk/src/rp2_common/pico_async_context/async_context_base.c.o
                0x00000000100069a4                async_context_base_remove_at_time_worker
 .text.async_context_base_add_when_pending_worker
                0x00000000100069cc       0x24 CMakeFiles/iot_security_lab.dir/home/daltro/pico-sdk/src/rp2_common/pico_async_context/async_context_base.c.o
                0x00000000100069cc                async_context_base_add_when_pending_worker
 .text.async_context_base_remove_when_pending_worker
                0x00000000100069f0       0x28 CMakeFiles/iot_security_lab.dir/home/daltro/pico-sdk/src/rp2_common/pico_async_context/async_context_base.c.o
                0x00000000100069f0                async_context_base_remove_when_pending_worker
 .text.async_context_base_execute_once
                0x0000000010006a18       0xe8 CMakeFiles/iot_security_lab.dir/home/daltro/pico-sdk/src/rp2_common/pico_async_context/async_context_base.c.o
                0x0000000010006a18                async_context_base_execute_once
 .text.splitmix64
                0x0000000010006b00       0x5c CMakeFiles/iot_security_lab.dir/home/daltro/pico-sdk/src/rp2_common/pico_rand/rand.c.o
 .text.xoroshiro128ss
                0x0000000010006b5c       0x90 CMakeFiles/iot_security_lab.dir/home/daltro/pico-sdk/src/rp2_common/pico_rand/rand.c.o
 .text.get_rand_64
                0x0000000010006bec      0x484 CMakeFiles/iot_security_lab.dir/home/daltro/pico-sdk/src/rp2_common/pico_rand/rand.c.o
                0x0000000010006bec                get_rand_64
 .text.get_rand_32
                0x0000000010007070        0x8 CMakeFiles/iot_security_lab.dir/home/daltro/pico-sdk/src/rp2_common/pico_rand/rand.c.o
                0x0000000010007070                get_rand_32
 .text.lwip_init
                0x0000000010007078       0x24 CMakeFiles/iot_security_lab.dir/home/daltro/pico-sdk/lib/lwip/src/core/init.c.o
                0x0000000010007078                lwip_init
 .text.lwip_htons
                0x000000001000709c        0x8 CMakeFiles/iot_security_lab.dir/home/daltro/pico-sdk/lib/lwip/src/core/def.c.o
                0x000000001000709c                lwip_htons
 .text.lwip_htonl
                0x00000000100070a4        0x4 CMakeFiles/iot_security_lab.dir/home/daltro/pico-sdk/lib/lwip/src/core/def.c.o
                0x00000000100070a4                lwip_htonl
 .text.dns_call_found
                0x00000000100070a8      0x134 CMakeFiles/iot_security_lab.dir/home/daltro/pico-sdk/lib/lwip/src/core/dns.c.o
 .text.dns_send.isra.0
                0x00000000100071dc      0x168 CMakeFiles/iot_security_lab.dir/home/daltro/pico-sdk/lib/lwip/src/core/dns.c.o
 .text.dns_init
                0x0000000010007344        0x4 CMakeFiles/iot_security_lab.dir/home/daltro/pico-sdk/lib/lwip/src/core/dns.c.o
                0x0000000010007344                dns_init
 .text.dns_setserver
                0x0000000010007348       0x2c CMakeFiles/iot_security_lab.dir/home/daltro/pico-sdk/lib/lwip/src/core/dns.c.o
                0x0000000010007348                dns_setserver
 .text.dns_tmr  0x0000000010007374      0x138 CMakeFiles/iot_security_lab.dir/home/daltro/pico-sdk/lib/lwip/src/core/dns.c.o
                0x0000000010007374                dns_tmr
 .text.lwip_standard_chksum
                0x00000000100074ac       0xd8 CMakeFiles/iot_security_lab.dir/home/daltro/pico-sdk/lib/lwip/src/core/inet_chksum.c.o
                0x00000000100074ac                lwip_standard_chksum
 .text.inet_chksum_pseudo
                0x0000000010007584       0xb4 CMakeFiles/iot_security_lab.dir/home/daltro/pico-sdk/lib/lwip/src/core/inet_chksum.c.o
                0x0000000010007584                inet_chksum_pseudo
 .text.ip_chksum_pseudo
                0x0000000010007638       0x10 CMakeFiles/iot_security_lab.dir/home/daltro/pico-sdk/lib/lwip/src/core/inet_chksum.c.o
                0x0000000010007638                ip_chksum_pseudo
 .text.inet_chksum
                0x0000000010007648        0xc CMakeFiles/iot_security_lab.dir/home/daltro/pico-sdk/lib/lwip/src/core/inet_chksum.c.o
                0x0000000010007648                inet_chksum
 .text.inet_chksum_pbuf
                0x0000000010007654       0x6c CMakeFiles/iot_security_lab.dir/home/daltro/pico-sdk/lib/lwip/src/core/inet_chksum.c.o
                0x0000000010007654                inet_chksum_pbuf
 .text.mem_init
                0x00000000100076c0       0x40 CMakeFiles/iot_security_lab.dir/home/daltro/pico-sdk/lib/lwip/src/core/mem.c.o
                0x00000000100076c0                mem_init
 .text.mem_free
                0x0000000010007700      0x11c CMakeFiles/iot_security_lab.dir/home/daltro/pico-sdk/lib/lwip/src/core/mem.c.o
                0x0000000010007700                mem_free
 .text.mem_trim
                0x000000001000781c      0x110 CMakeFiles/iot_security_lab.dir/home/daltro/pico-sdk/lib/lwip/src/core/mem.c.o
                0x000000001000781c                mem_trim
 .text.mem_malloc
                0x000000001000792c      0x120 CMakeFiles/iot_security_lab.dir/home/daltro/pico-sdk/lib/lwip/src/core/mem.c.o
                0x000000001000792c                mem_malloc
 .text.mem_calloc
                0x0000000010007a4c       0x28 CMakeFiles/iot_security_lab.dir/home/daltro/pico-sdk/lib/lwip/src/core/mem.c.o
                0x0000000010007a4c                mem_calloc
 .text.memp_init
                0x0000000010007a74       0x6c CMakeFiles/iot_security_lab.dir/home/daltro/pico-sdk/lib/lwip/src/core/memp.c.o
                0x0000000010007a74                memp_init
 .text.memp_malloc
                0x0000000010007ae0       0x3c CMakeFiles/iot_security_lab.dir/home/daltro/pico-sdk/lib/lwip/src/core/memp.c.o
                0x0000000010007ae0                memp_malloc
 .text.memp_free
                0x0000000010007b1c       0x38 CMakeFiles/iot_security_lab.dir/home/daltro/pico-sdk/lib/lwip/src/core/memp.c.o
                0x0000000010007b1c                memp_free
 .text.netif_null_output_ip4
                0x0000000010007b54        0x8 CMakeFiles/iot_security_lab.dir/home/daltro/pico-sdk/lib/lwip/src/core/netif.c.o
 .text.netif_do_set_ipaddr.isra.0
                0x0000000010007b5c       0x70 CMakeFiles/iot_security_lab.dir/home/daltro/pico-sdk/lib/lwip/src/core/netif.c.o
 .text.netif_init
                0x0000000010007bcc        0x4 CMakeFiles/iot_security_lab.dir/home/daltro/pico-sdk/lib/lwip/src/core/netif.c.o
                0x0000000010007bcc                netif_init
 .text.netif_add
                0x0000000010007bd0      0x144 CMakeFiles/iot_security_lab.dir/home/daltro/pico-sdk/lib/lwip/src/core/netif.c.o
                0x0000000010007bd0                netif_add
 .text.netif_set_addr
                0x0000000010007d14       0xb8 CMakeFiles/iot_security_lab.dir/home/daltro/pico-sdk/lib/lwip/src/core/netif.c.o
                0x0000000010007d14                netif_set_addr
 .text.netif_remove
                0x0000000010007dcc       0x94 CMakeFiles/iot_security_lab.dir/home/daltro/pico-sdk/lib/lwip/src/core/netif.c.o
                0x0000000010007dcc                netif_remove
 .text.netif_set_default
                0x0000000010007e60        0xc CMakeFiles/iot_security_lab.dir/home/daltro/pico-sdk/lib/lwip/src/core/netif.c.o
                0x0000000010007e60                netif_set_default
 .text.netif_set_up
                0x0000000010007e6c       0x40 CMakeFiles/iot_security_lab.dir/home/daltro/pico-sdk/lib/lwip/src/core/netif.c.o
                0x0000000010007e6c                netif_set_up
 .text.netif_set_link_up
                0x0000000010007eac       0x44 CMakeFiles/iot_security_lab.dir/home/daltro/pico-sdk/lib/lwip/src/core/netif.c.o
                0x0000000010007eac                netif_set_link_up
 .text.netif_set_link_down
                0x0000000010007ef0       0x20 CMakeFiles/iot_security_lab.dir/home/daltro/pico-sdk/lib/lwip/src/core/netif.c.o
                0x0000000010007ef0                netif_set_link_down
 .text.netif_get_by_index
                0x0000000010007f10       0x2c CMakeFiles/iot_security_lab.dir/home/daltro/pico-sdk/lib/lwip/src/core/netif.c.o
                0x0000000010007f10                netif_get_by_index
 .text.pbuf_free.part.0
                0x0000000010007f3c       0x7c CMakeFiles/iot_security_lab.dir/home/daltro/pico-sdk/lib/lwip/src/core/pbuf.c.o
 .text.pbuf_free_ooseq
                0x0000000010007fb8       0x34 CMakeFiles/iot_security_lab.dir/home/daltro/pico-sdk/lib/lwip/src/core/pbuf.c.o
                0x0000000010007fb8                pbuf_free_ooseq
 .text.pbuf_alloc
                0x0000000010007fec      0x130 CMakeFiles/iot_security_lab.dir/home/daltro/pico-sdk/lib/lwip/src/core/pbuf.c.o
                0x0000000010007fec                pbuf_alloc
 .text.pbuf_realloc
                0x000000001000811c       0x88 CMakeFiles/iot_security_lab.dir/home/daltro/pico-sdk/lib/lwip/src/core/pbuf.c.o
                0x000000001000811c                pbuf_realloc
 .text.pbuf_add_header
                0x00000000100081a4       0x54 CMakeFiles/iot_security_lab.dir/home/daltro/pico-sdk/lib/lwip/src/core/pbuf.c.o
                0x00000000100081a4                pbuf_add_header
 .text.pbuf_remove_header
                0x00000000100081f8       0x44 CMakeFiles/iot_security_lab.dir/home/daltro/pico-sdk/lib/lwip/src/core/pbuf.c.o
                0x00000000100081f8                pbuf_remove_header
 .text.pbuf_header_force
                0x000000001000823c       0x74 CMakeFiles/iot_security_lab.dir/home/daltro/pico-sdk/lib/lwip/src/core/pbuf.c.o
                0x000000001000823c                pbuf_header_force
 .text.pbuf_free
                0x00000000100082b0       0x18 CMakeFiles/iot_security_lab.dir/home/daltro/pico-sdk/lib/lwip/src/core/pbuf.c.o
                0x00000000100082b0                pbuf_free
 .text.pbuf_clen
                0x00000000100082c8       0x14 CMakeFiles/iot_security_lab.dir/home/daltro/pico-sdk/lib/lwip/src/core/pbuf.c.o
                0x00000000100082c8                pbuf_clen
 .text.pbuf_ref
                0x00000000100082dc       0x28 CMakeFiles/iot_security_lab.dir/home/daltro/pico-sdk/lib/lwip/src/core/pbuf.c.o
                0x00000000100082dc                pbuf_ref
 .text.pbuf_cat
                0x0000000010008304       0x3c CMakeFiles/iot_security_lab.dir/home/daltro/pico-sdk/lib/lwip/src/core/pbuf.c.o
                0x0000000010008304                pbuf_cat
 .text.pbuf_chain
                0x0000000010008340       0x64 CMakeFiles/iot_security_lab.dir/home/daltro/pico-sdk/lib/lwip/src/core/pbuf.c.o
                0x0000000010008340                pbuf_chain
 .text.pbuf_copy_partial_pbuf
                0x00000000100083a4      0x13c CMakeFiles/iot_security_lab.dir/home/daltro/pico-sdk/lib/lwip/src/core/pbuf.c.o
                0x00000000100083a4                pbuf_copy_partial_pbuf
 .text.pbuf_copy
                0x00000000100084e0       0x18 CMakeFiles/iot_security_lab.dir/home/daltro/pico-sdk/lib/lwip/src/core/pbuf.c.o
                0x00000000100084e0                pbuf_copy
 .text.pbuf_copy_partial
                0x00000000100084f8       0x70 CMakeFiles/iot_security_lab.dir/home/daltro/pico-sdk/lib/lwip/src/core/pbuf.c.o
                0x00000000100084f8                pbuf_copy_partial
 .text.pbuf_get_contiguous
                0x0000000010008568       0xa0 CMakeFiles/iot_security_lab.dir/home/daltro/pico-sdk/lib/lwip/src/core/pbuf.c.o
                0x0000000010008568                pbuf_get_contiguous
 .text.pbuf_take
                0x0000000010008608       0x78 CMakeFiles/iot_security_lab.dir/home/daltro/pico-sdk/lib/lwip/src/core/pbuf.c.o
                0x0000000010008608                pbuf_take
 .text.pbuf_take_at
                0x0000000010008680       0xc0 CMakeFiles/iot_security_lab.dir/home/daltro/pico-sdk/lib/lwip/src/core/pbuf.c.o
                0x0000000010008680                pbuf_take_at
 .text.pbuf_clone
                0x0000000010008740       0x30 CMakeFiles/iot_security_lab.dir/home/daltro/pico-sdk/lib/lwip/src/core/pbuf.c.o
                0x0000000010008740                pbuf_clone
 .text.pbuf_get_at
                0x0000000010008770       0x20 CMakeFiles/iot_security_lab.dir/home/daltro/pico-sdk/lib/lwip/src/core/pbuf.c.o
                0x0000000010008770                pbuf_get_at
 .text.pbuf_put_at
                0x0000000010008790       0x1c CMakeFiles/iot_security_lab.dir/home/daltro/pico-sdk/lib/lwip/src/core/pbuf.c.o
                0x0000000010008790                pbuf_put_at
 .text.raw_input
                0x00000000100087ac       0xf0 CMakeFiles/iot_security_lab.dir/home/daltro/pico-sdk/lib/lwip/src/core/raw.c.o
                0x00000000100087ac                raw_input
 .text.raw_netif_ip_addr_changed
                0x000000001000889c       0x40 CMakeFiles/iot_security_lab.dir/home/daltro/pico-sdk/lib/lwip/src/core/raw.c.o
                0x000000001000889c                raw_netif_ip_addr_changed
 .text.stats_init
                0x00000000100088dc        0x4 CMakeFiles/iot_security_lab.dir/home/daltro/pico-sdk/lib/lwip/src/core/stats.c.o
                0x00000000100088dc                stats_init
 .text.tcp_close_shutdown_fin
                0x00000000100088e0       0x58 CMakeFiles/iot_security_lab.dir/home/daltro/pico-sdk/lib/lwip/src/core/tcp.c.o
 .text.tcp_pcb_purge.part.0
                0x0000000010008938       0xc4 CMakeFiles/iot_security_lab.dir/home/daltro/pico-sdk/lib/lwip/src/core/tcp.c.o
 .text.tcp_init
                0x00000000100089fc       0x20 CMakeFiles/iot_security_lab.dir/home/daltro/pico-sdk/lib/lwip/src/core/tcp.c.o
                0x00000000100089fc                tcp_init
 .text.tcp_free
                0x0000000010008a1c       0x1c CMakeFiles/iot_security_lab.dir/home/daltro/pico-sdk/lib/lwip/src/core/tcp.c.o
                0x0000000010008a1c                tcp_free
 .text.tcp_bind
                0x0000000010008a38       0xf8 CMakeFiles/iot_security_lab.dir/home/daltro/pico-sdk/lib/lwip/src/core/tcp.c.o
                0x0000000010008a38                tcp_bind
 .text.tcp_update_rcv_ann_wnd
                0x0000000010008b30       0x60 CMakeFiles/iot_security_lab.dir/home/daltro/pico-sdk/lib/lwip/src/core/tcp.c.o
                0x0000000010008b30                tcp_update_rcv_ann_wnd
 .text.tcp_recved
                0x0000000010008b90       0x98 CMakeFiles/iot_security_lab.dir/home/daltro/pico-sdk/lib/lwip/src/core/tcp.c.o
                0x0000000010008b90                tcp_recved
 .text.tcp_connect
                0x0000000010008c28      0x1a8 CMakeFiles/iot_security_lab.dir/home/daltro/pico-sdk/lib/lwip/src/core/tcp.c.o
                0x0000000010008c28                tcp_connect
 .text.tcp_slowtmr
                0x0000000010008dd0      0x4dc CMakeFiles/iot_security_lab.dir/home/daltro/pico-sdk/lib/lwip/src/core/tcp.c.o
                0x0000000010008dd0                tcp_slowtmr
 .text.tcp_segs_free
                0x00000000100092ac       0x38 CMakeFiles/iot_security_lab.dir/home/daltro/pico-sdk/lib/lwip/src/core/tcp.c.o
                0x00000000100092ac                tcp_segs_free
 .text.tcp_seg_free
                0x00000000100092e4       0x1c CMakeFiles/iot_security_lab.dir/home/daltro/pico-sdk/lib/lwip/src/core/tcp.c.o
                0x00000000100092e4                tcp_seg_free
 .text.tcp_seg_copy
                0x0000000010009300       0x2c CMakeFiles/iot_security_lab.dir/home/daltro/pico-sdk/lib/lwip/src/core/tcp.c.o
                0x0000000010009300                tcp_seg_copy
 .text.tcp_arg  0x000000001000932c        0x8 CMakeFiles/iot_security_lab.dir/home/daltro/pico-sdk/lib/lwip/src/core/tcp.c.o
                0x000000001000932c                tcp_arg
 .text.tcp_recv
                0x0000000010009334       0x1c CMakeFiles/iot_security_lab.dir/home/daltro/pico-sdk/lib/lwip/src/core/tcp.c.o
                0x0000000010009334                tcp_recv
 .text.tcp_sent
                0x0000000010009350       0x1c CMakeFiles/iot_security_lab.dir/home/daltro/pico-sdk/lib/lwip/src/core/tcp.c.o
                0x0000000010009350                tcp_sent
 .text.tcp_err  0x000000001000936c       0x1c CMakeFiles/iot_security_lab.dir/home/daltro/pico-sdk/lib/lwip/src/core/tcp.c.o
                0x000000001000936c                tcp_err
 .text.tcp_poll
                0x0000000010009388       0x20 CMakeFiles/iot_security_lab.dir/home/daltro/pico-sdk/lib/lwip/src/core/tcp.c.o
                0x0000000010009388                tcp_poll
 .text.tcp_pcb_purge
                0x00000000100093a8       0x18 CMakeFiles/iot_security_lab.dir/home/daltro/pico-sdk/lib/lwip/src/core/tcp.c.o
                0x00000000100093a8                tcp_pcb_purge
 .text.tcp_pcb_remove
                0x00000000100093c0       0xc8 CMakeFiles/iot_security_lab.dir/home/daltro/pico-sdk/lib/lwip/src/core/tcp.c.o
                0x00000000100093c0                tcp_pcb_remove
 .text.tcp_abandon
                0x0000000010009488      0x1ac CMakeFiles/iot_security_lab.dir/home/daltro/pico-sdk/lib/lwip/src/core/tcp.c.o
                0x0000000010009488                tcp_abandon
 .text.tcp_abort
                0x0000000010009634        0xc CMakeFiles/iot_security_lab.dir/home/daltro/pico-sdk/lib/lwip/src/core/tcp.c.o
                0x0000000010009634                tcp_abort
 .text.tcp_alloc
                0x0000000010009640      0x1cc CMakeFiles/iot_security_lab.dir/home/daltro/pico-sdk/lib/lwip/src/core/tcp.c.o
                0x0000000010009640                tcp_alloc
 .text.tcp_new_ip_type
                0x000000001000980c      0x1ac CMakeFiles/iot_security_lab.dir/home/daltro/pico-sdk/lib/lwip/src/core/tcp.c.o
                0x000000001000980c                tcp_new_ip_type
 .text.tcp_close_shutdown
                0x00000000100099b8      0x18c CMakeFiles/iot_security_lab.dir/home/daltro/pico-sdk/lib/lwip/src/core/tcp.c.o
 .text.tcp_recv_null
                0x0000000010009b44       0xd4 CMakeFiles/iot_security_lab.dir/home/daltro/pico-sdk/lib/lwip/src/core/tcp.c.o
                0x0000000010009b44                tcp_recv_null
 .text.tcp_process_refused_data
                0x0000000010009c18       0x78 CMakeFiles/iot_security_lab.dir/home/daltro/pico-sdk/lib/lwip/src/core/tcp.c.o
                0x0000000010009c18                tcp_process_refused_data
 .text.tcp_fasttmr
                0x0000000010009c90       0x98 CMakeFiles/iot_security_lab.dir/home/daltro/pico-sdk/lib/lwip/src/core/tcp.c.o
                0x0000000010009c90                tcp_fasttmr
 .text.tcp_tmr  0x0000000010009d28       0x20 CMakeFiles/iot_security_lab.dir/home/daltro/pico-sdk/lib/lwip/src/core/tcp.c.o
                0x0000000010009d28                tcp_tmr
 .text.tcp_close
                0x0000000010009d48      0x174 CMakeFiles/iot_security_lab.dir/home/daltro/pico-sdk/lib/lwip/src/core/tcp.c.o
                0x0000000010009d48                tcp_close
 .text.tcp_next_iss
                0x0000000010009ebc       0x28 CMakeFiles/iot_security_lab.dir/home/daltro/pico-sdk/lib/lwip/src/core/tcp.c.o
                0x0000000010009ebc                tcp_next_iss
 .text.tcp_eff_send_mss_netif
                0x0000000010009ee4       0x38 CMakeFiles/iot_security_lab.dir/home/daltro/pico-sdk/lib/lwip/src/core/tcp.c.o
                0x0000000010009ee4                tcp_eff_send_mss_netif
 .text.tcp_netif_ip_addr_changed
                0x0000000010009f1c       0x9c CMakeFiles/iot_security_lab.dir/home/daltro/pico-sdk/lib/lwip/src/core/tcp.c.o
                0x0000000010009f1c                tcp_netif_ip_addr_changed
 .text.tcp_free_ooseq
                0x0000000010009fb8       0x40 CMakeFiles/iot_security_lab.dir/home/daltro/pico-sdk/lib/lwip/src/core/tcp.c.o
                0x0000000010009fb8                tcp_free_ooseq
 .text.tcp_parseopt
                0x0000000010009ff8      0x190 CMakeFiles/iot_security_lab.dir/home/daltro/pico-sdk/lib/lwip/src/core/tcp_in.c.o
 .text.tcp_oos_insert_segment
                0x000000001000a188       0xe0 CMakeFiles/iot_security_lab.dir/home/daltro/pico-sdk/lib/lwip/src/core/tcp_in.c.o
 .text.tcp_free_acked_segments.constprop.0
                0x000000001000a268       0xdc CMakeFiles/iot_security_lab.dir/home/daltro/pico-sdk/lib/lwip/src/core/tcp_in.c.o
 .text.tcp_receive
                0x000000001000a344      0xa4c CMakeFiles/iot_security_lab.dir/home/daltro/pico-sdk/lib/lwip/src/core/tcp_in.c.o
 .text.tcp_input
                0x000000001000ad90      0xda4 CMakeFiles/iot_security_lab.dir/home/daltro/pico-sdk/lib/lwip/src/core/tcp_in.c.o
                0x000000001000ad90                tcp_input
 .text.tcp_trigger_input_pcb_close
                0x000000001000bb34       0x10 CMakeFiles/iot_security_lab.dir/home/daltro/pico-sdk/lib/lwip/src/core/tcp_in.c.o
                0x000000001000bb34                tcp_trigger_input_pcb_close
 .text.tcp_create_segment
                0x000000001000bb44       0xf8 CMakeFiles/iot_security_lab.dir/home/daltro/pico-sdk/lib/lwip/src/core/tcp_out.c.o
 .text.tcp_output_control_segment
                0x000000001000bc3c       0xc0 CMakeFiles/iot_security_lab.dir/home/daltro/pico-sdk/lib/lwip/src/core/tcp_out.c.o
 .text.tcp_output_alloc_header.constprop.0
                0x000000001000bcfc       0xcc CMakeFiles/iot_security_lab.dir/home/daltro/pico-sdk/lib/lwip/src/core/tcp_out.c.o
 .text.tcp_write
                0x000000001000bdc8      0x494 CMakeFiles/iot_security_lab.dir/home/daltro/pico-sdk/lib/lwip/src/core/tcp_out.c.o
                0x000000001000bdc8                tcp_write
 .text.tcp_split_unsent_seg
                0x000000001000c25c      0x1c4 CMakeFiles/iot_security_lab.dir/home/daltro/pico-sdk/lib/lwip/src/core/tcp_out.c.o
                0x000000001000c25c                tcp_split_unsent_seg
 .text.tcp_send_fin
                0x000000001000c420      0x12c CMakeFiles/iot_security_lab.dir/home/daltro/pico-sdk/lib/lwip/src/core/tcp_out.c.o
                0x000000001000c420                tcp_send_fin
 .text.tcp_enqueue_flags
                0x000000001000c54c      0x124 CMakeFiles/iot_security_lab.dir/home/daltro/pico-sdk/lib/lwip/src/core/tcp_out.c.o
                0x000000001000c54c                tcp_enqueue_flags
 .text.tcp_rexmit_rto_prepare
                0x000000001000c670       0x9c CMakeFiles/iot_security_lab.dir/home/daltro/pico-sdk/lib/lwip/src/core/tcp_out.c.o
                0x000000001000c670                tcp_rexmit_rto_prepare
 .text.tcp_rexmit
                0x000000001000c70c       0x9c CMakeFiles/iot_security_lab.dir/home/daltro/pico-sdk/lib/lwip/src/core/tcp_out.c.o
                0x000000001000c70c                tcp_rexmit
 .text.tcp_rexmit_fast
                0x000000001000c7a8       0x64 CMakeFiles/iot_security_lab.dir/home/daltro/pico-sdk/lib/lwip/src/core/tcp_out.c.o
                0x000000001000c7a8                tcp_rexmit_fast
 .text.tcp_rst  0x000000001000c80c       0xe8 CMakeFiles/iot_security_lab.dir/home/daltro/pico-sdk/lib/lwip/src/core/tcp_out.c.o
                0x000000001000c80c                tcp_rst
 .text.tcp_rst_netif
                0x000000001000c8f4      0x130 CMakeFiles/iot_security_lab.dir/home/daltro/pico-sdk/lib/lwip/src/core/tcp_out.c.o
                0x000000001000c8f4                tcp_rst_netif
 .text.tcp_send_empty_ack
                0x000000001000ca24       0x54 CMakeFiles/iot_security_lab.dir/home/daltro/pico-sdk/lib/lwip/src/core/tcp_out.c.o
                0x000000001000ca24                tcp_send_empty_ack
 .text.tcp_output
                0x000000001000ca78      0x46c CMakeFiles/iot_security_lab.dir/home/daltro/pico-sdk/lib/lwip/src/core/tcp_out.c.o
                0x000000001000ca78                tcp_output
 .text.tcp_rexmit_rto_commit
                0x000000001000cee4       0x24 CMakeFiles/iot_security_lab.dir/home/daltro/pico-sdk/lib/lwip/src/core/tcp_out.c.o
                0x000000001000cee4                tcp_rexmit_rto_commit
 .text.tcp_rexmit_rto
                0x000000001000cf08       0xa4 CMakeFiles/iot_security_lab.dir/home/daltro/pico-sdk/lib/lwip/src/core/tcp_out.c.o
                0x000000001000cf08                tcp_rexmit_rto
 .text.tcp_keepalive
                0x000000001000cfac       0xe0 CMakeFiles/iot_security_lab.dir/home/daltro/pico-sdk/lib/lwip/src/core/tcp_out.c.o
                0x000000001000cfac                tcp_keepalive
 .text.tcp_zero_window_probe
                0x000000001000d08c      0x108 CMakeFiles/iot_security_lab.dir/home/daltro/pico-sdk/lib/lwip/src/core/tcp_out.c.o
                0x000000001000d08c                tcp_zero_window_probe
 .text.sys_timeout_abs
                0x000000001000d194       0x48 CMakeFiles/iot_security_lab.dir/home/daltro/pico-sdk/lib/lwip/src/core/timeouts.c.o
 .text.lwip_cyclic_timer
                0x000000001000d1dc       0x38 CMakeFiles/iot_security_lab.dir/home/daltro/pico-sdk/lib/lwip/src/core/timeouts.c.o
 .text.tcpip_tcp_timer
                0x000000001000d214       0x3c CMakeFiles/iot_security_lab.dir/home/daltro/pico-sdk/lib/lwip/src/core/timeouts.c.o
 .text.tcp_timer_needed
                0x000000001000d250       0x40 CMakeFiles/iot_security_lab.dir/home/daltro/pico-sdk/lib/lwip/src/core/timeouts.c.o
                0x000000001000d250                tcp_timer_needed
 .text.sys_timeouts_init
                0x000000001000d290       0x90 CMakeFiles/iot_security_lab.dir/home/daltro/pico-sdk/lib/lwip/src/core/timeouts.c.o
                0x000000001000d290                sys_timeouts_init
 .text.sys_timeout
                0x000000001000d320       0x60 CMakeFiles/iot_security_lab.dir/home/daltro/pico-sdk/lib/lwip/src/core/timeouts.c.o
                0x000000001000d320                sys_timeout
 .text.sys_untimeout
                0x000000001000d380       0x40 CMakeFiles/iot_security_lab.dir/home/daltro/pico-sdk/lib/lwip/src/core/timeouts.c.o
                0x000000001000d380                sys_untimeout
 .text.sys_check_timeouts
                0x000000001000d3c0       0x68 CMakeFiles/iot_security_lab.dir/home/daltro/pico-sdk/lib/lwip/src/core/timeouts.c.o
                0x000000001000d3c0                sys_check_timeouts
 .text.sys_timeouts_sleeptime
                0x000000001000d428       0x28 CMakeFiles/iot_security_lab.dir/home/daltro/pico-sdk/lib/lwip/src/core/timeouts.c.o
                0x000000001000d428                sys_timeouts_sleeptime
 .text.udp_init
                0x000000001000d450       0x20 CMakeFiles/iot_security_lab.dir/home/daltro/pico-sdk/lib/lwip/src/core/udp.c.o
                0x000000001000d450                udp_init
 .text.udp_input
                0x000000001000d470      0x24c CMakeFiles/iot_security_lab.dir/home/daltro/pico-sdk/lib/lwip/src/core/udp.c.o
                0x000000001000d470                udp_input
 .text.udp_bind
                0x000000001000d6bc      0x10c CMakeFiles/iot_security_lab.dir/home/daltro/pico-sdk/lib/lwip/src/core/udp.c.o
                0x000000001000d6bc                udp_bind
 .text.udp_sendto_if_src
                0x000000001000d7c8      0x130 CMakeFiles/iot_security_lab.dir/home/daltro/pico-sdk/lib/lwip/src/core/udp.c.o
                0x000000001000d7c8                udp_sendto_if_src
 .text.udp_sendto_if
                0x000000001000d8f8       0x48 CMakeFiles/iot_security_lab.dir/home/daltro/pico-sdk/lib/lwip/src/core/udp.c.o
                0x000000001000d8f8                udp_sendto_if
 .text.udp_sendto
                0x000000001000d940       0x7c CMakeFiles/iot_security_lab.dir/home/daltro/pico-sdk/lib/lwip/src/core/udp.c.o
                0x000000001000d940                udp_sendto
 .text.udp_connect
                0x000000001000d9bc       0x64 CMakeFiles/iot_security_lab.dir/home/daltro/pico-sdk/lib/lwip/src/core/udp.c.o
                0x000000001000d9bc                udp_connect
 .text.udp_recv
                0x000000001000da20        0xc CMakeFiles/iot_security_lab.dir/home/daltro/pico-sdk/lib/lwip/src/core/udp.c.o
                0x000000001000da20                udp_recv
 .text.udp_remove
                0x000000001000da2c       0x3c CMakeFiles/iot_security_lab.dir/home/daltro/pico-sdk/lib/lwip/src/core/udp.c.o
                0x000000001000da2c                udp_remove
 .text.udp_new  0x000000001000da68       0x1c CMakeFiles/iot_security_lab.dir/home/daltro/pico-sdk/lib/lwip/src/core/udp.c.o
                0x000000001000da68                udp_new
 .text.udp_netif_ip_addr_changed
                0x000000001000da84       0x40 CMakeFiles/iot_security_lab.dir/home/daltro/pico-sdk/lib/lwip/src/core/udp.c.o
                0x000000001000da84                udp_netif_ip_addr_changed
 .text.dhcp_create_msg
                0x000000001000dac4      0x16c CMakeFiles/iot_security_lab.dir/home/daltro/pico-sdk/lib/lwip/src/core/ipv4/dhcp.c.o
 .text.dhcp_inc_pcb_refcount
                0x000000001000dc30       0x6c CMakeFiles/iot_security_lab.dir/home/daltro/pico-sdk/lib/lwip/src/core/ipv4/dhcp.c.o
 .text.dhcp_bind
                0x000000001000dc9c      0x11c CMakeFiles/iot_security_lab.dir/home/daltro/pico-sdk/lib/lwip/src/core/ipv4/dhcp.c.o
 .text.dhcp_option_hostname.isra.0
                0x000000001000ddb8       0x8c CMakeFiles/iot_security_lab.dir/home/daltro/pico-sdk/lib/lwip/src/core/ipv4/dhcp.c.o
 .text.dhcp_handle_ack.isra.0
                0x000000001000de44       0xcc CMakeFiles/iot_security_lab.dir/home/daltro/pico-sdk/lib/lwip/src/core/ipv4/dhcp.c.o
 .text.dhcp_reboot.isra.0
                0x000000001000df10      0x1e4 CMakeFiles/iot_security_lab.dir/home/daltro/pico-sdk/lib/lwip/src/core/ipv4/dhcp.c.o
 .text.dhcp_discover
                0x000000001000e0f4      0x198 CMakeFiles/iot_security_lab.dir/home/daltro/pico-sdk/lib/lwip/src/core/ipv4/dhcp.c.o
 .text.dhcp_select.isra.0
                0x000000001000e28c      0x268 CMakeFiles/iot_security_lab.dir/home/daltro/pico-sdk/lib/lwip/src/core/ipv4/dhcp.c.o
 .text.dhcp_recv
                0x000000001000e4f4      0x494 CMakeFiles/iot_security_lab.dir/home/daltro/pico-sdk/lib/lwip/src/core/ipv4/dhcp.c.o
 .text.dhcp_set_struct
                0x000000001000e988       0x44 CMakeFiles/iot_security_lab.dir/home/daltro/pico-sdk/lib/lwip/src/core/ipv4/dhcp.c.o
                0x000000001000e988                dhcp_set_struct
 .text.dhcp_network_changed_link_up
                0x000000001000e9cc       0x40 CMakeFiles/iot_security_lab.dir/home/daltro/pico-sdk/lib/lwip/src/core/ipv4/dhcp.c.o
                0x000000001000e9cc                dhcp_network_changed_link_up
 .text.dhcp_renew
                0x000000001000ea0c      0x1b8 CMakeFiles/iot_security_lab.dir/home/daltro/pico-sdk/lib/lwip/src/core/ipv4/dhcp.c.o
                0x000000001000ea0c                dhcp_renew
 .text.dhcp_release_and_stop
                0x000000001000ebc4      0x180 CMakeFiles/iot_security_lab.dir/home/daltro/pico-sdk/lib/lwip/src/core/ipv4/dhcp.c.o
                0x000000001000ebc4                dhcp_release_and_stop
 .text.dhcp_start
                0x000000001000ed44       0xb0 CMakeFiles/iot_security_lab.dir/home/daltro/pico-sdk/lib/lwip/src/core/ipv4/dhcp.c.o
                0x000000001000ed44                dhcp_start
 .text.dhcp_coarse_tmr
                0x000000001000edf4      0x238 CMakeFiles/iot_security_lab.dir/home/daltro/pico-sdk/lib/lwip/src/core/ipv4/dhcp.c.o
                0x000000001000edf4                dhcp_coarse_tmr
 .text.dhcp_fine_tmr
                0x000000001000f02c       0x78 CMakeFiles/iot_security_lab.dir/home/daltro/pico-sdk/lib/lwip/src/core/ipv4/dhcp.c.o
                0x000000001000f02c                dhcp_fine_tmr
 .text.dhcp_stop
                0x000000001000f0a4      0x180 CMakeFiles/iot_security_lab.dir/home/daltro/pico-sdk/lib/lwip/src/core/ipv4/dhcp.c.o
                0x000000001000f0a4                dhcp_stop
 .text.etharp_find_entry
                0x000000001000f224     0x1fbc CMakeFiles/iot_security_lab.dir/home/daltro/pico-sdk/lib/lwip/src/core/ipv4/etharp.c.o
 .text.etharp_raw
                0x00000000100111e0       0xec CMakeFiles/iot_security_lab.dir/home/daltro/pico-sdk/lib/lwip/src/core/ipv4/etharp.c.o
 .text.etharp_output_to_arp_index
                0x00000000100112cc       0xe4 CMakeFiles/iot_security_lab.dir/home/daltro/pico-sdk/lib/lwip/src/core/ipv4/etharp.c.o
 .text.etharp_tmr
                0x00000000100113b0       0x94 CMakeFiles/iot_security_lab.dir/home/daltro/pico-sdk/lib/lwip/src/core/ipv4/etharp.c.o
                0x00000000100113b0                etharp_tmr
 .text.etharp_cleanup_netif
                0x0000000010011444      0x188 CMakeFiles/iot_security_lab.dir/home/daltro/pico-sdk/lib/lwip/src/core/ipv4/etharp.c.o
                0x0000000010011444                etharp_cleanup_netif
 .text.etharp_input
                0x00000000100115cc      0x1b0 CMakeFiles/iot_security_lab.dir/home/daltro/pico-sdk/lib/lwip/src/core/ipv4/etharp.c.o
                0x00000000100115cc                etharp_input
 .text.etharp_query
                0x000000001001177c      0x1c0 CMakeFiles/iot_security_lab.dir/home/daltro/pico-sdk/lib/lwip/src/core/ipv4/etharp.c.o
                0x000000001001177c                etharp_query
 .text.etharp_output
                0x000000001001193c      0x24c CMakeFiles/iot_security_lab.dir/home/daltro/pico-sdk/lib/lwip/src/core/ipv4/etharp.c.o
                0x000000001001193c                etharp_output
 .text.etharp_request
                0x0000000010011b88       0x2c CMakeFiles/iot_security_lab.dir/home/daltro/pico-sdk/lib/lwip/src/core/ipv4/etharp.c.o
                0x0000000010011b88                etharp_request
 .text.icmp_input
                0x0000000010011bb4      0x1e8 CMakeFiles/iot_security_lab.dir/home/daltro/pico-sdk/lib/lwip/src/core/ipv4/icmp.c.o
                0x0000000010011bb4                icmp_input
 .text.icmp_dest_unreach
                0x0000000010011d9c       0xd0 CMakeFiles/iot_security_lab.dir/home/daltro/pico-sdk/lib/lwip/src/core/ipv4/icmp.c.o
                0x0000000010011d9c                icmp_dest_unreach
 .text.icmp_time_exceeded
                0x0000000010011e6c       0xd0 CMakeFiles/iot_security_lab.dir/home/daltro/pico-sdk/lib/lwip/src/core/ipv4/icmp.c.o
                0x0000000010011e6c                icmp_time_exceeded
 .text.ip_reass_free_complete_datagram
                0x0000000010011f3c      0x114 CMakeFiles/iot_security_lab.dir/home/daltro/pico-sdk/lib/lwip/src/core/ipv4/ip4_frag.c.o
 .text.ip_reass_remove_oldest_datagram
                0x0000000010012050       0xd8 CMakeFiles/iot_security_lab.dir/home/daltro/pico-sdk/lib/lwip/src/core/ipv4/ip4_frag.c.o
 .text.ip_reass_tmr
                0x0000000010012128       0x38 CMakeFiles/iot_security_lab.dir/home/daltro/pico-sdk/lib/lwip/src/core/ipv4/ip4_frag.c.o
                0x0000000010012128                ip_reass_tmr