Archive member included to satisfy reference by file (symbol)

/usr/lib/gcc/arm-none-eabi/10.3.1/thumb/v6-m/nofp/libgcc.a(_dvmd_tls.o)
                              CMakeFiles/code.dir/home/pico-sdk/src/rp2_common/pico_divider/divider_hardware.S.o (__aeabi_idiv0)
/usr/lib/gcc/arm-none-eabi/10.3.1/../../../arm-none-eabi/lib/thumb/v6-m/nofp/libg.a(lib_a-atexit.o)
                              /usr/lib/gcc/arm-none-eabi/10.3.1/../../../arm-none-eabi/lib/thumb/v6-m/nofp/crt0.o (atexit)
/usr/lib/gcc/arm-none-eabi/10.3.1/../../../arm-none-eabi/lib/thumb/v6-m/nofp/libg.a(lib_a-calloc.o)
                              CMakeFiles/code.dir/home/pico-sdk/src/rp2_common/pico_malloc/malloc.c.o (calloc)
/usr/lib/gcc/arm-none-eabi/10.3.1/../../../arm-none-eabi/lib/thumb/v6-m/nofp/libg.a(lib_a-callocr.o)
                              /usr/lib/gcc/arm-none-eabi/10.3.1/../../../arm-none-eabi/lib/thumb/v6-m/nofp/libg.a(lib_a-calloc.o) (_calloc_r)
/usr/lib/gcc/arm-none-eabi/10.3.1/../../../arm-none-eabi/lib/thumb/v6-m/nofp/libg.a(lib_a-ctype_.o)
                              CMakeFiles/code.dir/inc/ssd1306_i2c.c.o (_ctype_)
/usr/lib/gcc/arm-none-eabi/10.3.1/../../../arm-none-eabi/lib/thumb/v6-m/nofp/libg.a(lib_a-fini.o)
                              /usr/lib/gcc/arm-none-eabi/10.3.1/../../../arm-none-eabi/lib/thumb/v6-m/nofp/crt0.o (__libc_fini_array)
/usr/lib/gcc/arm-none-eabi/10.3.1/../../../arm-none-eabi/lib/thumb/v6-m/nofp/libg.a(lib_a-impure.o)
                              /usr/lib/gcc/arm-none-eabi/10.3.1/../../../arm-none-eabi/lib/thumb/v6-m/nofp/libg.a(lib_a-calloc.o) (_impure_ptr)
/usr/lib/gcc/arm-none-eabi/10.3.1/../../../arm-none-eabi/lib/thumb/v6-m/nofp/libg.a(lib_a-init.o)
                              /usr/lib/gcc/arm-none-eabi/10.3.1/../../../arm-none-eabi/lib/thumb/v6-m/nofp/crt0.o (__libc_init_array)
/usr/lib/gcc/arm-none-eabi/10.3.1/../../../arm-none-eabi/lib/thumb/v6-m/nofp/libg.a(lib_a-lcltime_r.o)
                              CMakeFiles/code.dir/home/pico-sdk/src/common/pico_util/datetime.c.o (localtime_r)
/usr/lib/gcc/arm-none-eabi/10.3.1/../../../arm-none-eabi/lib/thumb/v6-m/nofp/libg.a(lib_a-malloc.o)
                              CMakeFiles/code.dir/home/pico-sdk/src/rp2_common/pico_malloc/malloc.c.o (malloc)
/usr/lib/gcc/arm-none-eabi/10.3.1/../../../arm-none-eabi/lib/thumb/v6-m/nofp/libg.a(lib_a-mallocr.o)
                              /usr/lib/gcc/arm-none-eabi/10.3.1/../../../arm-none-eabi/lib/thumb/v6-m/nofp/libg.a(lib_a-callocr.o) (_malloc_r)
/usr/lib/gcc/arm-none-eabi/10.3.1/../../../arm-none-eabi/lib/thumb/v6-m/nofp/libg.a(lib_a-memcmp.o)
                              CMakeFiles/code.dir/home/pico-sdk/src/rp2_common/pico_atomic/atomic.c.o (memcmp)
/usr/lib/gcc/arm-none-eabi/10.3.1/../../../arm-none-eabi/lib/thumb/v6-m/nofp/libg.a(lib_a-mktime.o)
                              CMakeFiles/code.dir/home/pico-sdk/src/common/pico_util/datetime.c.o (mktime)
/usr/lib/gcc/arm-none-eabi/10.3.1/../../../arm-none-eabi/lib/thumb/v6-m/nofp/libg.a(lib_a-mlock.o)
                              /usr/lib/gcc/arm-none-eabi/10.3.1/../../../arm-none-eabi/lib/thumb/v6-m/nofp/libg.a(lib_a-mallocr.o) (__malloc_lock)
/usr/lib/gcc/arm-none-eabi/10.3.1/../../../arm-none-eabi/lib/thumb/v6-m/nofp/libg.a(lib_a-month_lengths.o)
                              /usr/lib/gcc/arm-none-eabi/10.3.1/../../../arm-none-eabi/lib/thumb/v6-m/nofp/libg.a(lib_a-lcltime_r.o) (__month_lengths)
/usr/lib/gcc/arm-none-eabi/10.3.1/../../../arm-none-eabi/lib/thumb/v6-m/nofp/libg.a(lib_a-realloc.o)
                              CMakeFiles/code.dir/home/pico-sdk/src/rp2_common/pico_malloc/malloc.c.o (realloc)
/usr/lib/gcc/arm-none-eabi/10.3.1/../../../arm-none-eabi/lib/thumb/v6-m/nofp/libg.a(lib_a-reallocr.o)
                              /usr/lib/gcc/arm-none-eabi/10.3.1/../../../arm-none-eabi/lib/thumb/v6-m/nofp/libg.a(lib_a-realloc.o) (_realloc_r)
/usr/lib/gcc/arm-none-eabi/10.3.1/../../../arm-none-eabi/lib/thumb/v6-m/nofp/libg.a(lib_a-sbrkr.o)
                              /usr/lib/gcc/arm-none-eabi/10.3.1/../../../arm-none-eabi/lib/thumb/v6-m/nofp/libg.a(lib_a-mallocr.o) (_sbrk_r)
/usr/lib/gcc/arm-none-eabi/10.3.1/../../../arm-none-eabi/lib/thumb/v6-m/nofp/libg.a(lib_a-strlen-stub.o)
                              CMakeFiles/code.dir/home/pico-sdk/src/rp2_common/pico_stdio/stdio.c.o (strlen)
/usr/lib/gcc/arm-none-eabi/10.3.1/../../../arm-none-eabi/lib/thumb/v6-m/nofp/libg.a(lib_a-tzcalc_limits.o)
                              /usr/lib/gcc/arm-none-eabi/10.3.1/../../../arm-none-eabi/lib/thumb/v6-m/nofp/libg.a(lib_a-lcltime_r.o) (__tzcalc_limits)
/usr/lib/gcc/arm-none-eabi/10.3.1/../../../arm-none-eabi/lib/thumb/v6-m/nofp/libg.a(lib_a-tzlock.o)
                              /usr/lib/gcc/arm-none-eabi/10.3.1/../../../arm-none-eabi/lib/thumb/v6-m/nofp/libg.a(lib_a-lcltime_r.o) (__tz_lock)
/usr/lib/gcc/arm-none-eabi/10.3.1/../../../arm-none-eabi/lib/thumb/v6-m/nofp/libg.a(lib_a-tzset.o)
[...]
Memory Configuration

Name             Origin             Length             Attributes
FLASH            0x0000000010000000 0x0000000000200000 xr
RAM              0x0000000020000000 0x0000000000040000 xrw
SCRATCH_X        0x0000000020040000 0x0000000000001000 xrw
SCRATCH_Y        0x0000000020041000 0x0000000000001000 xrw
*default*        0x0000000000000000 0xffffffffffffffff

Linker script and memory map

LOAD /usr/lib/gcc/arm-none-eabi/10.3.1/thumb/v6-m/nofp/crti.o
LOAD /usr/lib/gcc/arm-none-eabi/10.3.1/thumb/v6-m/nofp/crtbegin.o
LOAD /usr/lib/gcc/arm-none-eabi/10.3.1/../../../arm-none-eabi/lib/thumb/v6-m/nofp/crt0.o

.flash_begin    0x0000000010000000        0x0
                0x0000000010000000                __flash_binary_start = .

.boot2          0x0000000010000000      0x100
                0x0000000010000000                __boot2_start__ = .
 *(.boot2)
 .boot2         0x0000000010000000      0x100 pico-sdk/src/rp2040/boot_stage2/CMakeFiles/bs2_default_library.dir/bs2_default_padded_checksummed.S.o
                0x0000000010000100                __boot2_end__ = .
                0x0000000000000001                ASSERT (((__boot2_end__ - __boot2_start__) == 0x100), ERROR: Pico second stage bootloader must be 256 bytes in size)

.text           0x0000000010000100     0x7474
                0x0000000010000100                __logical_binary_start = .
 *(.vectors)
 .vectors       0x0000000010000100       0xd4 CMakeFiles/code.dir/home/pico-sdk/src/rp2_common/pico_crt0/crt0.S.o
                0x0000000010000100                __vectors
                0x0000000010000100                __VECTOR_TABLE
                0x00000000100001c0                isr_invalid
                0x00000000100001c0                __default_isrs_start
                0x00000000100001c2                isr_nmi
                0x00000000100001c4                isr_hardfault
                0x00000000100001c6                isr_svcall
                0x00000000100001c8                isr_pendsv
                0x00000000100001ca                isr_systick
                0x00000000100001cc                isr_irq30
                0x00000000100001cc                __unhandled_user_irq
                0x00000000100001cc                isr_irq13
                0x00000000100001cc                isr_irq27
                0x00000000100001cc                isr_irq31
                0x00000000100001cc                isr_irq5
                0x00000000100001cc                isr_irq11
                0x00000000100001cc                isr_irq23
                0x00000000100001cc                isr_irq18
                0x00000000100001cc                isr_irq28
                0x00000000100001cc                isr_irq19
                0x00000000100001cc                isr_irq0
                0x00000000100001cc                isr_irq6
                0x00000000100001cc                isr_irq22
                0x00000000100001cc                isr_irq17
                0x00000000100001cc                isr_irq14
                0x00000000100001cc                isr_irq2
                0x00000000100001cc                isr_irq10
                0x00000000100001cc                isr_irq8
                0x00000000100001cc                isr_irq24
                0x00000000100001cc                isr_irq1
                0x00000000100001cc                isr_irq7
                0x00000000100001cc                isr_irq21
                0x00000000100001cc                isr_irq20
                0x00000000100001cc                isr_irq15
                0x00000000100001cc                isr_irq25
                0x00000000100001cc                isr_irq4
                0x00000000100001cc                isr_irq16
                0x00000000100001cc                isr_irq29
                0x00000000100001cc                isr_irq26
                0x00000000100001cc                __default_isrs_end
                0x00000000100001cc                isr_irq3
                0x00000000100001cc                isr_irq12
                0x00000000100001cc                isr_irq9
                0x00000000100001d2                unhandled_user_irq_num_in_r0
 *(.binary_info_header)
 .binary_info_header
                0x00000000100001d4       0x14 CMakeFiles/code.dir/home/pico-sdk/src/rp2_common/pico_crt0/crt0.S.o
                0x00000000100001e8                __binary_info_header_end = .
 *(.embedded_block)
                0x00000000100001e8                __embedded_block_end = .
 *(.reset)
 .reset         0x00000000100001e8       0x9c CMakeFiles/code.dir/home/pico-sdk/src/rp2_common/pico_crt0/crt0.S.o
                0x00000000100001e8                _entry_point
 *(.init)
 .init          0x0000000010000284        0x4 /usr/lib/gcc/arm-none-eabi/10.3.1/thumb/v6-m/nofp/crti.o
                0x0000000010000284                _init
 *(EXCLUDE_FILE(*libm.a: *libc.a:*lib_a-mem*.o *libgcc.a:) .text*)
 .text          0x0000000010000288       0x98 /usr/lib/gcc/arm-none-eabi/10.3.1/thumb/v6-m/nofp/crtbegin.o
 .text.repeating_timer_callback
                0x0000000010000320       0x24 CMakeFiles/code.dir/code.c.o
                0x0000000010000320                repeating_timer_callback
 .text.gpio_irq_handler
                0x0000000010000344       0x6c CMakeFiles/code.dir/code.c.o
                0x0000000010000344                gpio_irq_handler
 .text.startup.main
                0x00000000100003b0      0x1c8 CMakeFiles/code.dir/code.c.o
                0x00000000100003b0                main
 .text.calculate_render_area_buffer_length
                0x0000000010000578       0x18 CMakeFiles/code.dir/inc/ssd1306_i2c.c.o
                0x0000000010000578                calculate_render_area_buffer_length
 .text.ssd1306_init
                0x0000000010000590       0x58 CMakeFiles/code.dir/inc/ssd1306_i2c.c.o
                0x0000000010000590                ssd1306_init
 .text.render_on_display
                0x00000000100005e8       0x9c CMakeFiles/code.dir/inc/ssd1306_i2c.c.o
                0x00000000100005e8                render_on_display
 .text.ssd1306_draw_string
                0x0000000010000684       0xd8 CMakeFiles/code.dir/inc/ssd1306_i2c.c.o
                0x0000000010000684                ssd1306_draw_string
 .text.gpio_default_irq_handler
                0x000000001000075c      0x270 CMakeFiles/code.dir/home/pico-sdk/src/rp2_common/hardware_gpio/gpio.c.o
 .text.gpio_set_function
                0x00000000100009cc       0x34 CMakeFiles/code.dir/home/pico-sdk/src/rp2_common/hardware_gpio/gpio.c.o
                0x00000000100009cc                gpio_set_function
 .text.gpio_set_pulls
                0x0000000010000a00       0x34 CMakeFiles/code.dir/home/pico-sdk/src/rp2_common/hardware_gpio/gpio.c.o
                0x0000000010000a00                gpio_set_pulls
 .text.gpio_set_irq_enabled
                0x0000000010000a34       0x58 CMakeFiles/code.dir/home/pico-sdk/src/rp2_common/hardware_gpio/gpio.c.o
                0x0000000010000a34                gpio_set_irq_enabled
 .text.gpio_set_irq_enabled_with_callback
                0x0000000010000a8c       0xd0 CMakeFiles/code.dir/home/pico-sdk/src/rp2_common/hardware_gpio/gpio.c.o
                0x0000000010000a8c                gpio_set_irq_enabled_with_callback
 .text.gpio_init
                0x0000000010000b5c       0x40 CMakeFiles/code.dir/home/pico-sdk/src/rp2_common/hardware_gpio/gpio.c.o
                0x0000000010000b5c                gpio_init
 .text.rp2040_chip_version
                0x0000000010000b9c        0xc CMakeFiles/code.dir/home/pico-sdk/src/rp2040/pico_platform/platform.c.o
                0x0000000010000b9c                rp2040_chip_version
 .text.panic    0x0000000010000ba8       0x30 CMakeFiles/code.dir/home/pico-sdk/src/rp2_common/pico_platform_panic/panic.c.o
                0x0000000010000ba8                panic
 .text.hw_claim_or_assert
                0x0000000010000bd8       0x44 CMakeFiles/code.dir/home/pico-sdk/src/common/hardware_claim/claim.c.o
                0x0000000010000bd8                hw_claim_or_assert
 .text.hw_claim_unused_from_range
                0x0000000010000c1c       0x9c CMakeFiles/code.dir/home/pico-sdk/src/common/hardware_claim/claim.c.o
                0x0000000010000c1c                hw_claim_unused_from_range
 .text.next_striped_spin_lock_num
                0x0000000010000cb8       0x18 CMakeFiles/code.dir/home/pico-sdk/src/rp2_common/hardware_sync/sync.c.o
                0x0000000010000cb8                next_striped_spin_lock_num
 .text.spin_lock_claim_unused
                0x0000000010000cd0       0x20 CMakeFiles/code.dir/home/pico-sdk/src/rp2_common/hardware_sync/sync.c.o
                0x0000000010000cd0                spin_lock_claim_unused
 .text.spin_locks_reset
                0x0000000010000cf0       0x1c CMakeFiles/code.dir/home/pico-sdk/src/rp2_common/hardware_sync_spin_lock/sync_spin_lock.c.o
                0x0000000010000cf0                spin_locks_reset
 .text.runtime_init_per_core_irq_priorities
                0x0000000010000d0c       0x24 CMakeFiles/code.dir/home/pico-sdk/src/rp2_common/hardware_irq/irq.c.o
                0x0000000010000d0c                runtime_init_per_core_irq_priorities
 .text.irq_set_enabled
                0x0000000010000d30       0x24 CMakeFiles/code.dir/home/pico-sdk/src/rp2_common/hardware_irq/irq.c.o
                0x0000000010000d30                irq_set_enabled
 .text.irq_is_enabled
                0x0000000010000d54       0x18 CMakeFiles/code.dir/home/pico-sdk/src/rp2_common/hardware_irq/irq.c.o
                0x0000000010000d54                irq_is_enabled
 .text.irq_set_pending
                0x0000000010000d6c       0x10 CMakeFiles/code.dir/home/pico-sdk/src/rp2_common/hardware_irq/irq.c.o
                0x0000000010000d6c                irq_set_pending
 .text.irq_has_shared_handler
                0x0000000010000d7c       0x2c CMakeFiles/code.dir/home/pico-sdk/src/rp2_common/hardware_irq/irq.c.o
                0x0000000010000d7c                irq_has_shared_handler
 .text.irq_set_exclusive_handler
                0x0000000010000da8       0x54 CMakeFiles/code.dir/home/pico-sdk/src/rp2_common/hardware_irq/irq.c.o
                0x0000000010000da8                irq_set_exclusive_handler
 .text.irq_add_shared_handler
                0x0000000010000dfc      0x1e8 CMakeFiles/code.dir/home/pico-sdk/src/rp2_common/hardware_irq/irq.c.o
                0x0000000010000dfc                irq_add_shared_handler
 .text.irq_remove_handler
                0x0000000010000fe4      0x1c4 CMakeFiles/code.dir/home/pico-sdk/src/rp2_common/hardware_irq/irq.c.o
                0x0000000010000fe4                irq_remove_handler
 .text.irq_add_tail_to_free_list
                0x00000000100011a8       0xb4 CMakeFiles/code.dir/home/pico-sdk/src/rp2_common/hardware_irq/irq.c.o
                0x00000000100011a8                irq_add_tail_to_free_list
 .text.user_irq_claim_unused
                0x000000001000125c       0x28 CMakeFiles/code.dir/home/pico-sdk/src/rp2_common/hardware_irq/irq.c.o
                0x000000001000125c                user_irq_claim_unused
 .text.lock_init
                0x0000000010001284       0x10 CMakeFiles/code.dir/home/pico-sdk/src/common/pico_sync/lock_core.c.o
                0x0000000010001284                lock_init
 .text.runtime_init_mutex
                0x0000000010001294       0x58 CMakeFiles/code.dir/home/pico-sdk/src/common/pico_sync/mutex.c.o
                0x0000000010001294                runtime_init_mutex
 .text.mutex_init
                0x00000000100012ec       0x1c CMakeFiles/code.dir/home/pico-sdk/src/common/pico_sync/mutex.c.o
                0x00000000100012ec                mutex_init
 .text.critical_section_init
                0x0000000010001308       0x20 CMakeFiles/code.dir/home/pico-sdk/src/common/pico_sync/critical_section.c.o
                0x0000000010001308                critical_section_init
 .text.critical_section_init_with_lock_num
                0x0000000010001328       0x14 CMakeFiles/code.dir/home/pico-sdk/src/common/pico_sync/critical_section.c.o
                0x0000000010001328                critical_section_init_with_lock_num
 .text.sleep_until_callback
                0x000000001000133c       0x30 CMakeFiles/code.dir/home/pico-sdk/src/common/pico_time/time.c.o
 .text.alarm_pool_irq_handler
                0x000000001000136c      0x308 CMakeFiles/code.dir/home/pico-sdk/src/common/pico_time/time.c.o
 .text.runtime_init_default_alarm_pool
                0x0000000010001674       0xdc CMakeFiles/code.dir/home/pico-sdk/src/common/pico_time/time.c.o
                0x0000000010001674                runtime_init_default_alarm_pool
 .text.alarm_pool_get_default
                0x0000000010001750        0x8 CMakeFiles/code.dir/home/pico-sdk/src/common/pico_time/time.c.o
                0x0000000010001750                alarm_pool_get_default
 .text.alarm_pool_add_alarm_at
                0x0000000010001758       0xc8 CMakeFiles/code.dir/home/pico-sdk/src/common/pico_time/time.c.o
                0x0000000010001758                alarm_pool_add_alarm_at
 .text.alarm_pool_add_alarm_at_force_in_context
                0x0000000010001820       0xb0 CMakeFiles/code.dir/home/pico-sdk/src/common/pico_time/time.c.o
                0x0000000010001820                alarm_pool_add_alarm_at_force_in_context
 .text.alarm_pool_cancel_alarm
                0x00000000100018d0       0x7c CMakeFiles/code.dir/home/pico-sdk/src/common/pico_time/time.c.o
                0x00000000100018d0                alarm_pool_cancel_alarm
 .text.alarm_pool_core_num
                0x000000001000194c        0x4 CMakeFiles/code.dir/home/pico-sdk/src/common/pico_time/time.c.o
                0x000000001000194c                alarm_pool_core_num
 .text.best_effort_wfe_or_timeout
                0x0000000010001950       0xe0 CMakeFiles/code.dir/home/pico-sdk/src/common/pico_time/time.c.o
                0x0000000010001950                best_effort_wfe_or_timeout
 .text.alarm_pool_add_repeating_timer_us
                0x0000000010001a30      0x120 CMakeFiles/code.dir/home/pico-sdk/src/common/pico_time/time.c.o
                0x0000000010001a30                alarm_pool_add_repeating_timer_us
 .text.timer_hardware_alarm_claim
                0x0000000010001b50       0x14 CMakeFiles/code.dir/home/pico-sdk/src/rp2_common/hardware_timer/timer.c.o
                0x0000000010001b50                timer_hardware_alarm_claim
 .text.timer_time_us_64
                0x0000000010001b64       0x10 CMakeFiles/code.dir/home/pico-sdk/src/rp2_common/hardware_timer/timer.c.o
                0x0000000010001b64                timer_time_us_64
 .text.time_us_64
                0x0000000010001b74       0x14 CMakeFiles/code.dir/home/pico-sdk/src/rp2_common/hardware_timer/timer.c.o
                0x0000000010001b74                time_us_64
 .text.clock_configure_int_divider
                0x0000000010001b88       0xf4 CMakeFiles/code.dir/home/pico-sdk/src/rp2_common/hardware_clocks/clocks.c.o
                0x0000000010001b88                clock_configure_int_divider
 .text.clock_configure_undivided
                0x0000000010001c7c       0xe8 CMakeFiles/code.dir/home/pico-sdk/src/rp2_common/hardware_clocks/clocks.c.o
                0x0000000010001c7c                clock_configure_undivided
 .text.clock_get_hz
                0x0000000010001d64        0xc CMakeFiles/code.dir/home/pico-sdk/src/rp2_common/hardware_clocks/clocks.c.o
                0x0000000010001d64                clock_get_hz
 .text.pll_init
                0x0000000010001d70       0xa0 CMakeFiles/code.dir/home/pico-sdk/src/rp2_common/hardware_pll/pll.c.o
                0x0000000010001d70                pll_init
 .text.watchdog_reboot
                0x0000000010001e10       0x98 CMakeFiles/code.dir/home/pico-sdk/src/rp2_common/hardware_watchdog/watchdog.c.o
                0x0000000010001e10                watchdog_reboot
 .text.tick_start
                0x0000000010001ea8       0x10 CMakeFiles/code.dir/home/pico-sdk/src/rp2_common/hardware_ticks/ticks.c.o
                0x0000000010001ea8                tick_start
 .text.rom_func_lookup
                0x0000000010001eb8       0x10 CMakeFiles/code.dir/home/pico-sdk/src/rp2_common/pico_bootrom/bootrom.c.o
                0x0000000010001eb8                rom_func_lookup
 .text.rom_data_lookup
                0x0000000010001ec8       0x10 CMakeFiles/code.dir/home/pico-sdk/src/rp2_common/pico_bootrom/bootrom.c.o
                0x0000000010001ec8                rom_data_lookup
 .text.rom_funcs_lookup
                0x0000000010001ed8       0x44 CMakeFiles/code.dir/home/pico-sdk/src/rp2_common/pico_bootrom/bootrom.c.o
                0x0000000010001ed8                rom_funcs_lookup
 .text.rom_reset_usb_boot_extra
                0x0000000010001f1c       0x28 CMakeFiles/code.dir/home/pico-sdk/src/rp2_common/pico_bootrom/bootrom.c.o
                0x0000000010001f1c                rom_reset_usb_boot_extra
 .text.xosc_init
                0x0000000010001f44       0x28 CMakeFiles/code.dir/home/pico-sdk/src/rp2_common/hardware_xosc/xosc.c.o
                0x0000000010001f44                xosc_init
 .text.first_per_core_initializer
                0x0000000010001f6c        0x4 CMakeFiles/code.dir/home/pico-sdk/src/rp2_common/pico_runtime/runtime.c.o
 .text.hard_assertion_failure
                0x0000000010001f70        0xc CMakeFiles/code.dir/home/pico-sdk/src/rp2_common/pico_runtime/runtime.c.o
                0x0000000010001f70                hard_assertion_failure
 .text.runtime_run_initializers
                0x0000000010001f7c       0x28 CMakeFiles/code.dir/home/pico-sdk/src/rp2_common/pico_runtime/runtime.c.o
                0x0000000010001f7c                runtime_run_initializers
 .text.runtime_init_early_resets
                0x0000000010001fa4       0x2c CMakeFiles/code.dir/home/pico-sdk/src/rp2_common/pico_runtime_init/runtime_init.c.o
                0x0000000010001fa4                runtime_init_early_resets
 .text.runtime_init_usb_power_down
                0x0000000010001fd0       0x1c CMakeFiles/code.dir/home/pico-sdk/src/rp2_common/pico_runtime_init/runtime_init.c.o
                0x0000000010001fd0                runtime_init_usb_power_down
 .text.runtime_init_post_clock_resets
                0x0000000010001fec       0x20 CMakeFiles/code.dir/home/pico-sdk/src/rp2_common/pico_runtime_init/runtime_init.c.o
                0x0000000010001fec                runtime_init_post_clock_resets
 .text.runtime_init_rp2040_gpio_ie_disable
                0x000000001000200c       0x14 CMakeFiles/code.dir/home/pico-sdk/src/rp2_common/pico_runtime_init/runtime_init.c.o
                0x000000001000200c                runtime_init_rp2040_gpio_ie_disable
 .text.runtime_init_spin_locks_reset
                0x0000000010002020        0x8 CMakeFiles/code.dir/home/pico-sdk/src/rp2_common/pico_runtime_init/runtime_init.c.o
                0x0000000010002020                runtime_init_spin_locks_reset
 .text.runtime_init_install_ram_vector_table
                0x0000000010002028       0x1c CMakeFiles/code.dir/home/pico-sdk/src/rp2_common/pico_runtime_init/runtime_init.c.o
                0x0000000010002028                runtime_init_install_ram_vector_table
 .text.runtime_init_clocks
                0x0000000010002044       0xd8 CMakeFiles/code.dir/home/pico-sdk/src/rp2_common/pico_runtime_init/runtime_init_clocks.c.o
                0x0000000010002044                runtime_init_clocks
 .text          0x000000001000211c       0x10 CMakeFiles/code.dir/home/pico-sdk/src/rp2_common/pico_bit_ops/bit_ops_aeabi.S.o
 .text.__wrap___aeabi_idiv
                0x000000001000212c       0x50 CMakeFiles/code.dir/home/pico-sdk/src/rp2_common/pico_divider/divider_hardware.S.o
                0x000000001000212c                __wrap___aeabi_idivmod
                0x000000001000212c                divmod_s32s32
                0x000000001000212c                div_s32s32
                0x000000001000212c                __wrap___aeabi_idiv
                0x0000000010002134                divmod_s32s32_unsafe
                0x0000000010002160                divmod_s32s32_savestate
 .text.__wrap___aeabi_uidiv
                0x000000001000217c       0x4c CMakeFiles/code.dir/home/pico-sdk/src/rp2_common/pico_divider/divider_hardware.S.o
                0x000000001000217c                __wrap___aeabi_uidiv
                0x000000001000217c                __wrap___aeabi_uidivmod
                0x000000001000217c                div_u32u32
                0x000000001000217c                divmod_u32u32
                0x0000000010002184                divmod_u32u32_unsafe
                0x00000000100021ac                divmod_u32u32_savestate
 .text.__wrap___aeabi_ldiv
                0x00000000100021c8      0x424 CMakeFiles/code.dir/home/pico-sdk/src/rp2_common/pico_divider/divider_hardware.S.o
                0x00000000100021c8                div_s64s64
                0x00000000100021c8                divmod_s64s64
                0x00000000100021c8                __wrap___aeabi_ldivmod
                0x00000000100021f8                div_u64u64
                0x00000000100021f8                divmod_u64u64
                0x00000000100021f8                __wrap___aeabi_uldivmod
                0x0000000010002208                divmod_u64u64_savestate
                0x0000000010002228                divmod_s64s64_unsafe
                0x00000000100022b0                divmod_u64u64_unsafe
 .text.__wrap___aeabi_darithmetic
                0x00000000100025ec       0x60 CMakeFiles/code.dir/home/pico-sdk/src/rp2_common/pico_double/double_aeabi_rp2040.S.o
                0x00000000100025ec                __wrap___aeabi_drsub
                0x00000000100025f2                __wrap___aeabi_dsub
                0x00000000100025fc                __wrap___aeabi_dadd
                0x0000000010002606                __wrap___aeabi_ddiv
                0x000000001000263a                __wrap___aeabi_dmul
 .text.__wrap___aeabi_cdcmple
                0x000000001000264c       0x6c CMakeFiles/code.dir/home/pico-sdk/src/rp2_common/pico_double/double_aeabi_rp2040.S.o
                0x000000001000264c                __wrap___aeabi_cdrcmple
                0x000000001000265c                __wrap___aeabi_cdcmple
                0x000000001000265c                __wrap___aeabi_cdcmpeq
 .text.__wrap___aeabi_dcmplt
                0x00000000100026b8        0xc CMakeFiles/code.dir/home/pico-sdk/src/rp2_common/pico_double/double_aeabi_rp2040.S.o
                0x00000000100026b8                __wrap___aeabi_dcmplt
 .text.__wrap___aeabi_dcmple
                0x00000000100026c4       0x10 CMakeFiles/code.dir/home/pico-sdk/src/rp2_common/pico_double/double_aeabi_rp2040.S.o
                0x00000000100026c4                __wrap___aeabi_dcmple
 .text.__wrap___aeabi_dcmpge
                0x00000000100026d4       0x10 CMakeFiles/code.dir/home/pico-sdk/src/rp2_common/pico_double/double_aeabi_rp2040.S.o
                0x00000000100026d4                __wrap___aeabi_dcmpge
 .text.__wrap___aeabi_dcmpgt
                0x00000000100026e4        0xa CMakeFiles/code.dir/home/pico-sdk/src/rp2_common/pico_double/double_aeabi_rp2040.S.o
                0x00000000100026e4                __wrap___aeabi_dcmpgt
 .text.__wrap___aeabi_dcmpun
                0x00000000100026ee       0x18 CMakeFiles/code.dir/home/pico-sdk/src/rp2_common/pico_double/double_aeabi_rp2040.S.o
                0x00000000100026ee                __wrap___aeabi_dcmpun
 *fill*         0x0000000010002706        0x2 
 .text.__wrap___aeabi_i2d
                0x0000000010002708       0x38 CMakeFiles/code.dir/home/pico-sdk/src/rp2_common/pico_double/double_aeabi_rp2040.S.o
                0x0000000010002708                __wrap___aeabi_ui2d
                0x0000000010002710                __wrap___aeabi_i2d
 .text.__wrap___aeabi_d2iz
                0x0000000010002740       0x48 CMakeFiles/code.dir/home/pico-sdk/src/rp2_common/pico_double/double_aeabi_rp2040.S.o
                0x0000000010002740                __wrap___aeabi_d2iz
                0x0000000010002740                double2int_z
 .text.__wrap___aeabi_d2uiz
                0x0000000010002788       0x10 CMakeFiles/code.dir/home/pico-sdk/src/rp2_common/pico_double/double_aeabi_rp2040.S.o
                0x0000000010002788                double2uint
                0x0000000010002788                __wrap___aeabi_d2uiz
 .text.missing_double_func_shim
                0x0000000010002798        0xc CMakeFiles/code.dir/home/pico-sdk/src/rp2_common/pico_double/double_init_rom_rp2040.c.o
 .text.__aeabi_double_init
                0x00000000100027a4       0xa4 CMakeFiles/code.dir/home/pico-sdk/src/rp2_common/pico_double/double_init_rom_rp2040.c.o
                0x00000000100027a4                __aeabi_double_init
 .text.double_table_shim_on_use_helper
                0x0000000010002848       0x2c CMakeFiles/code.dir/home/pico-sdk/src/rp2_common/pico_double/double_v1_rom_shim_rp2040.S.o
                0x0000000010002848                double_table_shim_on_use_helper
 .text.__aeabi_lmul
                0x0000000010002874       0x32 CMakeFiles/code.dir/home/pico-sdk/src/rp2_common/pico_int64_ops/pico_int64_ops_aeabi.S.o
                0x0000000010002874                __wrap___aeabi_lmul
 *fill*         0x00000000100028a6        0x2 
 .text.missing_float_func_shim
                0x00000000100028a8        0xc CMakeFiles/code.dir/home/pico-sdk/src/rp2_common/pico_float/float_init_rom_rp2040.c.o
 .text.__aeabi_float_init
                0x00000000100028b4       0x5c CMakeFiles/code.dir/home/pico-sdk/src/rp2_common/pico_float/float_init_rom_rp2040.c.o
                0x00000000100028b4                __aeabi_float_init
 .text.__wrap_malloc
                0x0000000010002910       0x24 CMakeFiles/code.dir/home/pico-sdk/src/rp2_common/pico_malloc/malloc.c.o
                0x0000000010002910                __wrap_malloc
 .text.__wrap_free
                0x0000000010002934        0x8 CMakeFiles/code.dir/home/pico-sdk/src/rp2_common/pico_malloc/malloc.c.o
                0x0000000010002934                __wrap_free
 .text          0x000000001000293c       0x10 CMakeFiles/code.dir/home/pico-sdk/src/rp2_common/pico_mem_ops/mem_ops_aeabi.S.o
                0x000000001000293c                __aeabi_mem_init
 .text.memset   0x000000001000294c        0xc CMakeFiles/code.dir/home/pico-sdk/src/rp2_common/pico_mem_ops/mem_ops_aeabi.S.o
                0x000000001000294c                __wrap_memset
 .text.memcpy   0x0000000010002958        0xc CMakeFiles/code.dir/home/pico-sdk/src/rp2_common/pico_mem_ops/mem_ops_aeabi.S.o
                0x0000000010002958                __wrap___aeabi_memcpy
                0x0000000010002958                __wrap_memcpy
 .text._out_buffer
                0x0000000010002964        0x8 CMakeFiles/code.dir/home/pico-sdk/src/rp2_common/pico_printf/printf.c.o
 .text._out_null
                0x000000001000296c        0x4 CMakeFiles/code.dir/home/pico-sdk/src/rp2_common/pico_printf/printf.c.o
 .text._out_rev
                0x0000000010002970       0x9c CMakeFiles/code.dir/home/pico-sdk/src/rp2_common/pico_printf/printf.c.o
 .text._ntoa_format
                0x0000000010002a0c      0x1cc CMakeFiles/code.dir/home/pico-sdk/src/rp2_common/pico_printf/printf.c.o
 .text._out_char
                0x0000000010002bd8       0x10 CMakeFiles/code.dir/home/pico-sdk/src/rp2_common/pico_printf/printf.c.o
 .text._etoa    0x0000000010002be8      0x44c CMakeFiles/code.dir/home/pico-sdk/src/rp2_common/pico_printf/printf.c.o
 .text._ftoa    0x0000000010003034      0x398 CMakeFiles/code.dir/home/pico-sdk/src/rp2_common/pico_printf/printf.c.o
 .text._vsnprintf
                0x00000000100033cc      0xb04 CMakeFiles/code.dir/home/pico-sdk/src/rp2_common/pico_printf/printf.c.o
 .text.__wrap_sprintf
                0x0000000010003ed0       0x28 CMakeFiles/code.dir/home/pico-sdk/src/rp2_common/pico_printf/printf.c.o
                0x0000000010003ed0                __wrap_sprintf
 .text.weak_raw_vprintf
                0x0000000010003ef8       0x30 CMakeFiles/code.dir/home/pico-sdk/src/rp2_common/pico_printf/printf.c.o
                0x0000000010003ef8                weak_raw_vprintf
 .text._exit    0x0000000010003f28        0x4 CMakeFiles/code.dir/home/pico-sdk/src/rp2_common/pico_clib_interface/newlib_interface.c.o
                0x0000000010003f28                _exit
 .text._sbrk    0x0000000010003f2c       0x34 CMakeFiles/code.dir/home/pico-sdk/src/rp2_common/pico_clib_interface/newlib_interface.c.o
                0x0000000010003f2c                _sbrk
 .text.exit     0x0000000010003f60        0x8 CMakeFiles/code.dir/home/pico-sdk/src/rp2_common/pico_clib_interface/newlib_interface.c.o
                0x0000000010003f60                exit
 .text.runtime_init
                0x0000000010003f68       0x2c CMakeFiles/code.dir/home/pico-sdk/src/rp2_common/pico_clib_interface/newlib_interface.c.o
                0x0000000010003f68                runtime_init
 .text.stdio_out_chars_no_crlf
                0x0000000010003f94       0x10 CMakeFiles/code.dir/home/pico-sdk/src/rp2_common/pico_stdio/stdio.c.o
 .text.stdio_out_chars_crlf
                0x0000000010003fa4       0xb4 CMakeFiles/code.dir/home/pico-sdk/src/rp2_common/pico_stdio/stdio.c.o
 .text.stdio_put_string
                0x0000000010004058      0x100 CMakeFiles/code.dir/home/pico-sdk/src/rp2_common/pico_stdio/stdio.c.o
                0x0000000010004058                stdio_put_string
 .text.stdio_set_driver_enabled
                0x0000000010004158       0x30 CMakeFiles/code.dir/home/pico-sdk/src/rp2_common/pico_stdio/stdio.c.o
                0x0000000010004158                stdio_set_driver_enabled
 .text.stdio_init_all
                0x0000000010004188        0x8 CMakeFiles/code.dir/home/pico-sdk/src/rp2_common/pico_stdio/stdio.c.o
                0x0000000010004188                stdio_init_all
 .text.__wrap_putchar
                0x0000000010004190       0x98 CMakeFiles/code.dir/home/pico-sdk/src/rp2_common/pico_stdio/stdio.c.o
                0x0000000010004190                stdio_putchar
                0x0000000010004190                __wrap_putchar
 .text.__wrap_puts
                0x0000000010004228       0x3c CMakeFiles/code.dir/home/pico-sdk/src/rp2_common/pico_stdio/stdio.c.o
                0x0000000010004228                __wrap_puts
                0x0000000010004228                stdio_puts
 .text.resetd_init
                0x0000000010004264        0x4 CMakeFiles/code.dir/home/pico-sdk/src/rp2_common/pico_stdio_usb/reset_interface.c.o
 .text.resetd_reset
                0x0000000010004268        0xc CMakeFiles/code.dir/home/pico-sdk/src/rp2_common/pico_stdio_usb/reset_interface.c.o
 .text.resetd_open
                0x0000000010004274       0x28 CMakeFiles/code.dir/home/pico-sdk/src/rp2_common/pico_stdio_usb/reset_interface.c.o
 .text.resetd_xfer_cb
                0x000000001000429c        0x4 CMakeFiles/code.dir/home/pico-sdk/src/rp2_common/pico_stdio_usb/reset_interface.c.o
 .text.resetd_control_xfer_cb
                0x00000000100042a0       0x60 CMakeFiles/code.dir/home/pico-sdk/src/rp2_common/pico_stdio_usb/reset_interface.c.o
 .text.tud_descriptor_bos_cb
                0x0000000010004300        0x8 CMakeFiles/code.dir/home/pico-sdk/src/rp2_common/pico_stdio_usb/reset_interface.c.o
                0x0000000010004300                tud_descriptor_bos_cb
 .text.tud_vendor_control_xfer_cb
                0x0000000010004308       0x34 CMakeFiles/code.dir/home/pico-sdk/src/rp2_common/pico_stdio_usb/reset_interface.c.o
                0x0000000010004308                tud_vendor_control_xfer_cb
 .text.usbd_app_driver_get_cb
                0x000000001000433c        0xc CMakeFiles/code.dir/home/pico-sdk/src/rp2_common/pico_stdio_usb/reset_interface.c.o
                0x000000001000433c                usbd_app_driver_get_cb
 .text.tud_cdc_line_coding_cb
                0x0000000010004348       0x2c CMakeFiles/code.dir/home/pico-sdk/src/rp2_common/pico_stdio_usb/reset_interface.c.o
                0x0000000010004348                tud_cdc_line_coding_cb
 .text.stdio_usb_set_chars_available_callback
                0x0000000010004374       0x14 CMakeFiles/code.dir/home/pico-sdk/src/rp2_common/pico_stdio_usb/stdio_usb.c.o
                0x0000000010004374                stdio_usb_set_chars_available_callback
 .text.usb_irq  0x0000000010004388       0x10 CMakeFiles/code.dir/home/pico-sdk/src/rp2_common/pico_stdio_usb/stdio_usb.c.o
 .text.timer_task
                0x0000000010004398       0x64 CMakeFiles/code.dir/home/pico-sdk/src/rp2_common/pico_stdio_usb/stdio_usb.c.o
 .text.stdio_usb_in_chars
                0x00000000100043fc       0x90 CMakeFiles/code.dir/home/pico-sdk/src/rp2_common/pico_stdio_usb/stdio_usb.c.o
                0x00000000100043fc                stdio_usb_in_chars
 .text.stdio_usb_out_flush
                0x000000001000448c       0x50 CMakeFiles/code.dir/home/pico-sdk/src/rp2_common/pico_stdio_usb/stdio_usb.c.o
 .text.stdio_usb_out_chars
                0x00000000100044dc      0x100 CMakeFiles/code.dir/home/pico-sdk/src/rp2_common/pico_stdio_usb/stdio_usb.c.o
 .text.low_priority_worker_irq
                0x00000000100045dc       0xc8 CMakeFiles/code.dir/home/pico-sdk/src/rp2_common/pico_stdio_usb/stdio_usb.c.o
 .text.stdio_usb_init
                0x00000000100046a4       0xe4 CMakeFiles/code.dir/home/pico-sdk/src/rp2_common/pico_stdio_usb/stdio_usb.c.o
                0x00000000100046a4                stdio_usb_init
 .text.tud_descriptor_device_cb
                0x0000000010004788        0x8 CMakeFiles/code.dir/home/pico-sdk/src/rp2_common/pico_stdio_usb/stdio_usb_descriptors.c.o
                0x0000000010004788                tud_descriptor_device_cb
 .text.tud_descriptor_configuration_cb
                0x0000000010004790        0x8 CMakeFiles/code.dir/home/pico-sdk/src/rp2_common/pico_stdio_usb/stdio_usb_descriptors.c.o
                0x0000000010004790                tud_descriptor_configuration_cb
 .text.tud_descriptor_string_cb
                0x0000000010004798       0x74 CMakeFiles/code.dir/home/pico-sdk/src/rp2_common/pico_stdio_usb/stdio_usb_descriptors.c.o
                0x0000000010004798                tud_descriptor_string_cb
 .text.startup._retrieve_unique_id_on_boot
                0x000000001000480c       0x10 CMakeFiles/code.dir/home/pico-sdk/src/rp2_common/pico_unique_id/unique_id.c.o
 .text.pico_get_unique_board_id_string
                0x000000001000481c      0x1a8 CMakeFiles/code.dir/home/pico-sdk/src/rp2_common/pico_unique_id/unique_id.c.o
                0x000000001000481c                pico_get_unique_board_id_string
 .text.flash_get_unique_id
                0x00000000100049c4       0x40 CMakeFiles/code.dir/home/pico-sdk/src/rp2_common/hardware_flash/flash.c.o
                0x00000000100049c4                flash_get_unique_id
 .text.dcd_init
                0x0000000010004a04       0x8c CMakeFiles/code.dir/home/pico-sdk/lib/tinyusb/src/portable/raspberrypi/rp2040/dcd_rp2040.c.o
                0x0000000010004a04                dcd_init
 .text.dcd_int_enable
                0x0000000010004a90        0xc CMakeFiles/code.dir/home/pico-sdk/lib/tinyusb/src/portable/raspberrypi/rp2040/dcd_rp2040.c.o
                0x0000000010004a90                dcd_int_enable
 .text.dcd_set_address
                0x0000000010004a9c       0x14 CMakeFiles/code.dir/home/pico-sdk/lib/tinyusb/src/portable/raspberrypi/rp2040/dcd_rp2040.c.o
                0x0000000010004a9c                dcd_set_address
 .text.dcd_sof_enable
                0x0000000010004ab0       0x1c CMakeFiles/code.dir/home/pico-sdk/lib/tinyusb/src/portable/raspberrypi/rp2040/dcd_rp2040.c.o
                0x0000000010004ab0                dcd_sof_enable
 .text.dcd_edpt0_status_complete
                0x0000000010004acc       0x1c CMakeFiles/code.dir/home/pico-sdk/lib/tinyusb/src/portable/raspberrypi/rp2040/dcd_rp2040.c.o
                0x0000000010004acc                dcd_edpt0_status_complete
 .text.dcd_edpt_open
                0x0000000010004ae8      0x108 CMakeFiles/code.dir/home/pico-sdk/lib/tinyusb/src/portable/raspberrypi/rp2040/dcd_rp2040.c.o
                0x0000000010004ae8                dcd_edpt_open
 .text.dcd_edpt_close_all
                0x0000000010004bf0        0x8 CMakeFiles/code.dir/home/pico-sdk/lib/tinyusb/src/portable/raspberrypi/rp2040/dcd_rp2040.c.o
                0x0000000010004bf0                dcd_edpt_close_all
 .text.dcd_edpt_xfer
                0x0000000010004bf8       0x24 CMakeFiles/code.dir/home/pico-sdk/lib/tinyusb/src/portable/raspberrypi/rp2040/dcd_rp2040.c.o
                0x0000000010004bf8                dcd_edpt_xfer
 .text.dcd_edpt_stall
                0x0000000010004c1c       0x38 CMakeFiles/code.dir/home/pico-sdk/lib/tinyusb/src/portable/raspberrypi/rp2040/dcd_rp2040.c.o
                0x0000000010004c1c                dcd_edpt_stall
 .text.dcd_edpt_clear_stall
                0x0000000010004c54       0x30 CMakeFiles/code.dir/home/pico-sdk/lib/tinyusb/src/portable/raspberrypi/rp2040/dcd_rp2040.c.o
                0x0000000010004c54                dcd_edpt_clear_stall
 .text.rp2040_usb_init
                0x0000000010004c84       0x40 CMakeFiles/code.dir/home/pico-sdk/lib/tinyusb/src/portable/raspberrypi/rp2040/rp2040_usb.c.o
                0x0000000010004c84                rp2040_usb_init
 .text.hw_endpoint_xfer_start
                0x0000000010004cc4       0x50 CMakeFiles/code.dir/home/pico-sdk/lib/tinyusb/src/portable/raspberrypi/rp2040/rp2040_usb.c.o
                0x0000000010004cc4                hw_endpoint_xfer_start
 .text.tud_event_hook_cb
                0x0000000010004d14        0x4 CMakeFiles/code.dir/home/pico-sdk/lib/tinyusb/src/device/usbd.c.o
                0x0000000010004d14                tud_event_hook_cb
 .text.tud_sof_cb
                0x0000000010004d18        0x4 CMakeFiles/code.dir/home/pico-sdk/lib/tinyusb/src/device/usbd.c.o
                0x0000000010004d18                tud_sof_cb
 .text.tud_descriptor_device_qualifier_cb
                0x0000000010004d1c        0x4 CMakeFiles/code.dir/home/pico-sdk/lib/tinyusb/src/device/usbd.c.o
                0x0000000010004d1c                tud_descriptor_device_qualifier_cb
 .text.tud_descriptor_other_speed_configuration_cb
                0x0000000010004d20        0x4 CMakeFiles/code.dir/home/pico-sdk/lib/tinyusb/src/device/usbd.c.o
                0x0000000010004d20                tud_descriptor_other_speed_configuration_cb
 .text.tud_mount_cb
                0x0000000010004d24        0x4 CMakeFiles/code.dir/home/pico-sdk/lib/tinyusb/src/device/usbd.c.o
                0x0000000010004d24                tud_mount_cb
 .text.tud_umount_cb
                0x0000000010004d28        0x4 CMakeFiles/code.dir/home/pico-sdk/lib/tinyusb/src/device/usbd.c.o
                0x0000000010004d28                tud_umount_cb
 .text.tud_suspend_cb
                0x0000000010004d2c        0x4 CMakeFiles/code.dir/home/pico-sdk/lib/tinyusb/src/device/usbd.c.o
                0x0000000010004d2c                tud_suspend_cb
 .text.tud_resume_cb
                0x0000000010004d30        0x4 CMakeFiles/code.dir/home/pico-sdk/lib/tinyusb/src/device/usbd.c.o
                0x0000000010004d30                tud_resume_cb
 .text.tud_mounted
                0x0000000010004d34       0x10 CMakeFiles/code.dir/home/pico-sdk/lib/tinyusb/src/device/usbd.c.o
                0x0000000010004d34                tud_mounted
 .text.tud_suspended
                0x0000000010004d44       0x10 CMakeFiles/code.dir/home/pico-sdk/lib/tinyusb/src/device/usbd.c.o
                0x0000000010004d44                tud_suspended
 .text.tud_init
                0x0000000010004d54       0xe4 CMakeFiles/code.dir/home/pico-sdk/lib/tinyusb/src/device/usbd.c.o
                0x0000000010004d54                tud_init
 .text.tud_task_ext
                0x0000000010004e38      0x800 CMakeFiles/code.dir/home/pico-sdk/lib/tinyusb/src/device/usbd.c.o
                0x0000000010004e38                tud_task_ext
 .text.usbd_open_edpt_pair
                0x0000000010005638       0x9c CMakeFiles/code.dir/home/pico-sdk/lib/tinyusb/src/device/usbd.c.o
                0x0000000010005638                usbd_open_edpt_pair
 .text.usbd_edpt_open
                0x00000000100056d4       0x34 CMakeFiles/code.dir/home/pico-sdk/lib/tinyusb/src/device/usbd.c.o
                0x00000000100056d4                usbd_edpt_open
 .text.usbd_edpt_claim
                0x0000000010005708       0x28 CMakeFiles/code.dir/home/pico-sdk/lib/tinyusb/src/device/usbd.c.o
                0x0000000010005708                usbd_edpt_claim
 .text.usbd_edpt_release
                0x0000000010005730       0x28 CMakeFiles/code.dir/home/pico-sdk/lib/tinyusb/src/device/usbd.c.o
                0x0000000010005730                usbd_edpt_release
 .text.usbd_edpt_xfer
                0x0000000010005758       0x4c CMakeFiles/code.dir/home/pico-sdk/lib/tinyusb/src/device/usbd.c.o
                0x0000000010005758                usbd_edpt_xfer
 .text.tud_control_status
                0x00000000100057a4       0x30 CMakeFiles/code.dir/home/pico-sdk/lib/tinyusb/src/device/usbd_control.c.o
                0x00000000100057a4                tud_control_status
 .text.tud_control_xfer
                0x00000000100057d4       0xbc CMakeFiles/code.dir/home/pico-sdk/lib/tinyusb/src/device/usbd_control.c.o
                0x00000000100057d4                tud_control_xfer
 .text.usbd_control_reset
                0x0000000010005890       0x14 CMakeFiles/code.dir/home/pico-sdk/lib/tinyusb/src/device/usbd_control.c.o
                0x0000000010005890                usbd_control_reset
 .text.usbd_control_set_complete_callback
                0x00000000100058a4        0xc CMakeFiles/code.dir/home/pico-sdk/lib/tinyusb/src/device/usbd_control.c.o
                0x00000000100058a4                usbd_control_set_complete_callback
 .text.usbd_control_set_request
                0x00000000100058b0       0x1c CMakeFiles/code.dir/home/pico-sdk/lib/tinyusb/src/device/usbd_control.c.o
                0x00000000100058b0                usbd_control_set_request
 .text.usbd_control_xfer_cb
                0x00000000100058cc       0xf0 CMakeFiles/code.dir/home/pico-sdk/lib/tinyusb/src/device/usbd_control.c.o
                0x00000000100058cc                usbd_control_xfer_cb
 .text._prep_out_transaction.isra.0
                0x00000000100059bc       0x5c CMakeFiles/code.dir/home/pico-sdk/lib/tinyusb/src/class/cdc/cdc_device.c.o
 .text.tud_cdc_n_connected
                0x0000000010005a18       0x30 CMakeFiles/code.dir/home/pico-sdk/lib/tinyusb/src/class/cdc/cdc_device.c.o
                0x0000000010005a18                tud_cdc_n_connected
 .text.tud_cdc_n_available
                0x0000000010005a48       0x18 CMakeFiles/code.dir/home/pico-sdk/lib/tinyusb/src/class/cdc/cdc_device.c.o
                0x0000000010005a48                tud_cdc_n_available
 .text.tud_cdc_n_read
                0x0000000010005a60       0x98 CMakeFiles/code.dir/home/pico-sdk/lib/tinyusb/src/class/cdc/cdc_device.c.o
                0x0000000010005a60                tud_cdc_n_read
 .text.tud_cdc_n_write_flush
                0x0000000010005af8       0x78 CMakeFiles/code.dir/home/pico-sdk/lib/tinyusb/src/class/cdc/cdc_device.c.o
                0x0000000010005af8                tud_cdc_n_write_flush
 .text.tud_cdc_n_write
                0x0000000010005b70       0x44 CMakeFiles/code.dir/home/pico-sdk/lib/tinyusb/src/class/cdc/cdc_device.c.o
                0x0000000010005b70                tud_cdc_n_write
 .text.tud_cdc_n_write_available
                0x0000000010005bb4       0x18 CMakeFiles/code.dir/home/pico-sdk/lib/tinyusb/src/class/cdc/cdc_device.c.o
                0x0000000010005bb4                tud_cdc_n_write_available
 .text.cdcd_init
                0x0000000010005bcc       0x7c CMakeFiles/code.dir/home/pico-sdk/lib/tinyusb/src/class/cdc/cdc_device.c.o
                0x0000000010005bcc                cdcd_init
 .text.cdcd_deinit
                0x0000000010005c48       0x24 CMakeFiles/code.dir/home/pico-sdk/lib/tinyusb/src/class/cdc/cdc_device.c.o
                0x0000000010005c48                cdcd_deinit
 .text.cdcd_reset
                0x0000000010005c6c       0x4c CMakeFiles/code.dir/home/pico-sdk/lib/tinyusb/src/class/cdc/cdc_device.c.o
                0x0000000010005c6c                cdcd_reset
 .text.cdcd_open
                0x0000000010005cb8       0xb4 CMakeFiles/code.dir/home/pico-sdk/lib/tinyusb/src/class/cdc/cdc_device.c.o
                0x0000000010005cb8                cdcd_open
 .text.cdcd_control_xfer_cb
                0x0000000010005d6c       0xe4 CMakeFiles/code.dir/home/pico-sdk/lib/tinyusb/src/class/cdc/cdc_device.c.o
                0x0000000010005d6c                cdcd_control_xfer_cb
 .text.cdcd_xfer_cb
                0x0000000010005e50       0xfc CMakeFiles/code.dir/home/pico-sdk/lib/tinyusb/src/class/cdc/cdc_device.c.o
                0x0000000010005e50                cdcd_xfer_cb
 .text.vendord_init
                0x0000000010005f4c       0x5c CMakeFiles/code.dir/home/pico-sdk/lib/tinyusb/src/class/vendor/vendor_device.c.o
                0x0000000010005f4c                vendord_init
 .text.vendord_deinit
                0x0000000010005fa8       0x1c CMakeFiles/code.dir/home/pico-sdk/lib/tinyusb/src/class/vendor/vendor_device.c.o
                0x0000000010005fa8                vendord_deinit
 .text.vendord_reset
                0x0000000010005fc4       0x20 CMakeFiles/code.dir/home/pico-sdk/lib/tinyusb/src/class/vendor/vendor_device.c.o
                0x0000000010005fc4                vendord_reset
 .text.vendord_open
                0x0000000010005fe4      0x138 CMakeFiles/code.dir/home/pico-sdk/lib/tinyusb/src/class/vendor/vendor_device.c.o
                0x0000000010005fe4                vendord_open
 .text.vendord_xfer_cb
                0x000000001000611c       0x9c CMakeFiles/code.dir/home/pico-sdk/lib/tinyusb/src/class/vendor/vendor_device.c.o
                0x000000001000611c                vendord_xfer_cb
 .text.tusb_init
                0x00000000100061b8        0xc CMakeFiles/code.dir/home/pico-sdk/lib/tinyusb/src/tusb.c.o
                0x00000000100061b8                tusb_init
 .text.tu_edpt_claim
                0x00000000100061c4       0x50 CMakeFiles/code.dir/home/pico-sdk/lib/tinyusb/src/tusb.c.o
                0x00000000100061c4                tu_edpt_claim
 .text.tu_edpt_release
                0x0000000010006214       0x38 CMakeFiles/code.dir/home/pico-sdk/lib/tinyusb/src/tusb.c.o
                0x0000000010006214                tu_edpt_release
 .text.tu_edpt_validate
                0x000000001000624c       0x78 CMakeFiles/code.dir/home/pico-sdk/lib/tinyusb/src/tusb.c.o
                0x000000001000624c                tu_edpt_validate
 .text.tu_edpt_bind_driver
                0x00000000100062c4       0x34 CMakeFiles/code.dir/home/pico-sdk/lib/tinyusb/src/tusb.c.o
                0x00000000100062c4                tu_edpt_bind_driver
 .text.tu_edpt_stream_init
                0x00000000100062f8       0x6c CMakeFiles/code.dir/home/pico-sdk/lib/tinyusb/src/tusb.c.o
                0x00000000100062f8                tu_edpt_stream_init
 .text.tu_edpt_stream_deinit
                0x0000000010006364        0x4 CMakeFiles/code.dir/home/pico-sdk/lib/tinyusb/src/tusb.c.o
                0x0000000010006364                tu_edpt_stream_deinit
 .text.tu_edpt_stream_write_zlp_if_needed
                0x0000000010006368       0x58 CMakeFiles/code.dir/home/pico-sdk/lib/tinyusb/src/tusb.c.o
                0x0000000010006368                tu_edpt_stream_write_zlp_if_needed
 .text.tu_edpt_stream_write_xfer
                0x00000000100063c0       0x64 CMakeFiles/code.dir/home/pico-sdk/lib/tinyusb/src/tusb.c.o
                0x00000000100063c0                tu_edpt_stream_write_xfer
 .text.tu_edpt_stream_read_xfer
                0x0000000010006424       0xdc CMakeFiles/code.dir/home/pico-sdk/lib/tinyusb/src/tusb.c.o
                0x0000000010006424                tu_edpt_stream_read_xfer
 .text.tu_fifo_config
                0x0000000010006500       0x70 CMakeFiles/code.dir/home/pico-sdk/lib/tinyusb/src/common/tusb_fifo.c.o
                0x0000000010006500                tu_fifo_config
 .text.tu_fifo_count
                0x0000000010006570       0x2c CMakeFiles/code.dir/home/pico-sdk/lib/tinyusb/src/common/tusb_fifo.c.o
                0x0000000010006570                tu_fifo_count
 .text.tu_fifo_empty
                0x000000001000659c       0x10 CMakeFiles/code.dir/home/pico-sdk/lib/tinyusb/src/common/tusb_fifo.c.o
                0x000000001000659c                tu_fifo_empty
 .text.tu_fifo_remaining
                0x00000000100065ac       0x2c CMakeFiles/code.dir/home/pico-sdk/lib/tinyusb/src/common/tusb_fifo.c.o
                0x00000000100065ac                tu_fifo_remaining
 .text.tu_fifo_read
                0x00000000100065d8       0xa0 CMakeFiles/code.dir/home/pico-sdk/lib/tinyusb/src/common/tusb_fifo.c.o
                0x00000000100065d8                tu_fifo_read
 .text.tu_fifo_read_n
                0x0000000010006678       0xec CMakeFiles/code.dir/home/pico-sdk/lib/tinyusb/src/common/tusb_fifo.c.o
                0x0000000010006678                tu_fifo_read_n
 .text.tu_fifo_write
                0x0000000010006764       0x88 CMakeFiles/code.dir/home/pico-sdk/lib/tinyusb/src/common/tusb_fifo.c.o
                0x0000000010006764                tu_fifo_write
 .text.tu_fifo_write_n
                0x00000000100067ec      0x168 CMakeFiles/code.dir/home/pico-sdk/lib/tinyusb/src/common/tusb_fifo.c.o
                0x00000000100067ec                tu_fifo_write_n
 .text.tu_fifo_clear
                0x0000000010006954       0x40 CMakeFiles/code.dir/home/pico-sdk/lib/tinyusb/src/common/tusb_fifo.c.o
                0x0000000010006954                tu_fifo_clear
 .text.tu_fifo_set_overwritable
                0x0000000010006994       0x48 CMakeFiles/code.dir/home/pico-sdk/lib/tinyusb/src/common/tusb_fifo.c.o
                0x0000000010006994                tu_fifo_set_overwritable
 .text.i2c_write_blocking_internal.constprop.0
                0x00000000100069dc       0xd0 CMakeFiles/code.dir/home/pico-sdk/src/rp2_common/hardware_i2c/i2c.c.o
 .text.i2c_set_baudrate
                0x0000000010006aac       0xc0 CMakeFiles/code.dir/home/pico-sdk/src/rp2_common/hardware_i2c/i2c.c.o
                0x0000000010006aac                i2c_set_baudrate
 .text.i2c_init
                0x0000000010006b6c       0x54 CMakeFiles/code.dir/home/pico-sdk/src/rp2_common/hardware_i2c/i2c.c.o
                0x0000000010006b6c                i2c_init
 .text.i2c_write_blocking
                0x0000000010006bc0       0x14 CMakeFiles/code.dir/home/pico-sdk/src/rp2_common/hardware_i2c/i2c.c.o
                0x0000000010006bc0                i2c_write_blocking
 .text          0x0000000010006bd4       0x28 /usr/lib/gcc/arm-none-eabi/10.3.1/../../../arm-none-eabi/lib/thumb/v6-m/nofp/libg.a(lib_a-malloc.o)
                0x0000000010006bd4                malloc
                0x0000000010006be8                free
 .text          0x0000000010006bfc      0x574 /usr/lib/gcc/arm-none-eabi/10.3.1/../../../arm-none-eabi/lib/thumb/v6-m/nofp/libg.a(lib_a-mallocr.o)
                0x0000000010006bfc                _malloc_r
 .text          0x0000000010007170        0x8 /usr/lib/gcc/arm-none-eabi/10.3.1/../../../arm-none-eabi/lib/thumb/v6-m/nofp/libg.a(lib_a-mlock.o)
                0x0000000010007170                __malloc_lock
                0x0000000010007174                __malloc_unlock
 .text          0x0000000010007178       0x24 /usr/lib/gcc/arm-none-eabi/10.3.1/../../../arm-none-eabi/lib/thumb/v6-m/nofp/libg.a(lib_a-sbrkr.o)
                0x0000000010007178                _sbrk_r
 .text          0x000000001000719c       0x5c /usr/lib/gcc/arm-none-eabi/10.3.1/../../../arm-none-eabi/lib/thumb/v6-m/nofp/libg.a(lib_a-strlen-stub.o)
                0x000000001000719c                strlen
 .text          0x00000000100071f8      0x260 /usr/lib/gcc/arm-none-eabi/10.3.1/../../../arm-none-eabi/lib/thumb/v6-m/nofp/libg.a(lib_a-freer.o)
                0x00000000100071f8                _malloc_trim_r
                0x0000000010007294                _free_r
 *(.fini)
 .fini          0x0000000010007458        0x4 /usr/lib/gcc/arm-none-eabi/10.3.1/thumb/v6-m/nofp/crti.o
                0x0000000010007458                _fini
 *fill*         0x000000001000745c        0x4 
 .fini.__stub   0x0000000010007460       0xd0 linker stubs
 *crtbegin.o(.ctors)
 *crtbegin?.o(.ctors)
 *(EXCLUDE_FILE(*crtend.o *crtend?.o) .ctors)
 *(SORT_BY_NAME(.ctors.*))
 *(.ctors)
 *crtbegin.o(.dtors)
 *crtbegin?.o(.dtors)
 *(EXCLUDE_FILE(*crtend.o *crtend?.o) .dtors)
 *(SORT_BY_NAME(.dtors.*))
 *(.dtors)
                0x0000000010007530                . = ALIGN (0x4)
                0x0000000010007530                PROVIDE (__preinit_array_start = .)
 *(SORT_BY_NAME(.preinit_array.*))
 .preinit_array.00100
                0x0000000010007530        0x4 CMakeFiles/code.dir/home/pico-sdk/src/rp2_common/pico_runtime_init/runtime_init.c.o
                0x0000000010007530                __pre_init_runtime_init_early_resets
 .preinit_array.00101
                0x0000000010007534        0x4 CMakeFiles/code.dir/home/pico-sdk/src/rp2_common/pico_runtime_init/runtime_init.c.o
                0x0000000010007534                __pre_init_runtime_init_usb_power_down
 .preinit_array.00275
                0x0000000010007538        0x4 CMakeFiles/code.dir/home/pico-sdk/src/rp2_common/pico_bit_ops/bit_ops_aeabi.S.o
 .preinit_array.00300
                0x000000001000753c        0x4 CMakeFiles/code.dir/home/pico-sdk/src/rp2_common/pico_mem_ops/mem_ops_aeabi.S.o
 .preinit_array.00350
                0x0000000010007540        0x4 CMakeFiles/code.dir/home/pico-sdk/src/rp2_common/pico_double/double_aeabi_rp2040.S.o
 .preinit_array.00350
                0x0000000010007544        0x4 CMakeFiles/code.dir/home/pico-sdk/src/rp2_common/pico_float/float_aeabi_rp2040.S.o
 .preinit_array.00500
                0x0000000010007548        0x4 CMakeFiles/code.dir/home/pico-sdk/src/rp2_common/pico_runtime_init/runtime_init.c.o
                0x0000000010007548                __pre_init_runtime_init_clocks
 .preinit_array.00600
                0x000000001000754c        0x4 CMakeFiles/code.dir/home/pico-sdk/src/rp2_common/pico_runtime_init/runtime_init.c.o
                0x000000001000754c                __pre_init_runtime_init_post_clock_resets
 .preinit_array.00700
                0x0000000010007550        0x4 CMakeFiles/code.dir/home/pico-sdk/src/rp2_common/pico_runtime_init/runtime_init.c.o
                0x0000000010007550                __pre_init_runtime_init_rp2040_gpio_ie_disable
 .preinit_array.01000
                0x0000000010007554        0x4 CMakeFiles/code.dir/home/pico-sdk/src/rp2_common/pico_runtime_init/runtime_init.c.o
                0x0000000010007554                __pre_init_runtime_init_spin_locks_reset
 .preinit_array.01100
                0x0000000010007558        0x4 CMakeFiles/code.dir/home/pico-sdk/src/common/pico_sync/mutex.c.o
                0x0000000010007558                __pre_init_runtime_init_mutex
 .preinit_array.10080
                0x000000001000755c        0x4 CMakeFiles/code.dir/home/pico-sdk/src/rp2_common/pico_runtime_init/runtime_init.c.o
                0x000000001000755c                __pre_init_runtime_init_install_ram_vector_table
 .preinit_array.11000
                0x0000000010007560        0x4 CMakeFiles/code.dir/home/pico-sdk/src/common/pico_time/time.c.o
                0x0000000010007560                __pre_init_runtime_init_default_alarm_pool
 .preinit_array.YYYYY
                0x0000000010007564        0x4 CMakeFiles/code.dir/home/pico-sdk/src/rp2_common/pico_runtime/runtime.c.o
                0x0000000010007564                __pre_init_first_per_core_initializer
 .preinit_array.ZZZZZ.01200
                0x0000000010007568        0x4 CMakeFiles/code.dir/home/pico-sdk/src/rp2_common/hardware_irq/irq.c.o
                0x0000000010007568                __pre_init_runtime_init_per_core_irq_priorities
 *(.preinit_array)
                0x000000001000756c                PROVIDE (__preinit_array_end = .)
                0x000000001000756c                . = ALIGN (0x4)
                0x000000001000756c                PROVIDE (__init_array_start = .)
 *(SORT_BY_NAME(.init_array.*))
 *(.init_array)
 .init_array    0x000000001000756c        0x4 /usr/lib/gcc/arm-none-eabi/10.3.1/thumb/v6-m/nofp/crtbegin.o
 .init_array    0x0000000010007570        0x4 CMakeFiles/code.dir/home/pico-sdk/src/rp2_common/pico_unique_id/unique_id.c.o
                0x0000000010007574                PROVIDE (__init_array_end = .)
                0x0000000010007574                . = ALIGN (0x4)
                0x0000000010007574                PROVIDE (__fini_array_start = .)
 *(SORT_BY_NAME(.fini_array.*))
 *(.fini_array)
                0x0000000010007574                PROVIDE (__fini_array_end = .)
 *(.eh_frame*)
 .eh_frame      0x0000000010007574        0x0 /usr/lib/gcc/arm-none-eabi/10.3.1/thumb/v6-m/nofp/crtbegin.o
                0x0000000010007574                . = ALIGN (0x4)

.glue_7         0x0000000010007574        0x0
 .glue_7        0x0000000010007574        0x0 linker stubs

.glue_7t        0x0000000010007574        0x0
 .glue_7t       0x0000000010007574        0x0 linker stubs

.vfp11_veneer   0x0000000010007574        0x0
 .vfp11_veneer  0x0000000010007574        0x0 linker stubs

.v4_bx          0x0000000010007574        0x0
 .v4_bx         0x0000000010007574        0x0 linker stubs

.iplt           0x0000000010007574        0x0
 .iplt          0x0000000010007574        0x0 /usr/lib/gcc/arm-none-eabi/10.3.1/thumb/v6-m/nofp/crtbegin.o

.rodata         0x0000000010007578      0x904
 *(EXCLUDE_FILE(*libm.a: *libc.a:*lib_a-mem*.o *libgcc.a:) .rodata*)
 .rodata.main.str1.4
                0x0000000010007578       0x3b CMakeFiles/code.dir/code.c.o
 *fill*         0x00000000100075b3        0x1 
 .rodata        0x00000000100075b4       0x1a CMakeFiles/code.dir/inc/ssd1306_i2c.c.o
 *fill*         0x00000000100075ce        0x2 
 .rodata.font   0x00000000100075d0      0x128 CMakeFiles/code.dir/inc/ssd1306_i2c.c.o
 .rodata.panic.str1.4
                0x00000000100076f8       0x12 CMakeFiles/code.dir/home/pico-sdk/src/rp2_common/pico_platform_panic/panic.c.o
 *fill*         0x000000001000770a        0x2 
 .rodata.spin_lock_claim_unused.str1.4
                0x000000001000770c       0x1b CMakeFiles/code.dir/home/pico-sdk/src/rp2_common/hardware_sync/sync.c.o
 *fill*         0x0000000010007727        0x1 
 .rodata.user_irq_claim_unused.str1.4
                0x0000000010007728       0x1b CMakeFiles/code.dir/home/pico-sdk/src/rp2_common/hardware_irq/irq.c.o
 *fill*         0x0000000010007743        0x1 
 .rodata.timer_hardware_alarm_claim.str1.4
                0x0000000010007744       0x22 CMakeFiles/code.dir/home/pico-sdk/src/rp2_common/hardware_timer/timer.c.o
 *fill*         0x0000000010007766        0x2 
 .rodata.hard_assertion_failure.str1.4
                0x0000000010007768        0xc CMakeFiles/code.dir/home/pico-sdk/src/rp2_common/pico_runtime/runtime.c.o
 .rodata.missing_double_func_shim.str1.4
                0x0000000010007774       0x18 CMakeFiles/code.dir/home/pico-sdk/src/rp2_common/pico_double/double_init_rom_rp2040.c.o
 .rodata.missing_float_func_shim.str1.4
                0x000000001000778c       0x18 CMakeFiles/code.dir/home/pico-sdk/src/rp2_common/pico_float/float_init_rom_rp2040.c.o
                                          0x1 (size before relaxing)
 .rodata.__wrap_malloc.str1.4
                0x000000001000778c        0xe CMakeFiles/code.dir/home/pico-sdk/src/rp2_common/pico_malloc/malloc.c.o
 *fill*         0x000000001000779a        0x2 
 .rodata.str1.4
                0x000000001000779c       0x3c CMakeFiles/code.dir/home/pico-sdk/src/rp2_common/pico_standard_binary_info/standard_binary_info.c.o
 .rodata.__bi_26
                0x00000000100077d8        0xc CMakeFiles/code.dir/home/pico-sdk/src/rp2_common/pico_standard_binary_info/standard_binary_info.c.o
 .rodata.__bi_34
                0x00000000100077e4        0xc CMakeFiles/code.dir/home/pico-sdk/src/rp2_common/pico_standard_binary_info/standard_binary_info.c.o
 .rodata.__bi_42
                0x00000000100077f0        0xc CMakeFiles/code.dir/home/pico-sdk/src/rp2_common/pico_standard_binary_info/standard_binary_info.c.o
 .rodata.__bi_48
                0x00000000100077fc        0xc CMakeFiles/code.dir/home/pico-sdk/src/rp2_common/pico_standard_binary_info/standard_binary_info.c.o
 .rodata.__bi_54
                0x0000000010007808        0xc CMakeFiles/code.dir/home/pico-sdk/src/rp2_common/pico_standard_binary_info/standard_binary_info.c.o
 .rodata.__bi_78
                0x0000000010007814        0xc CMakeFiles/code.dir/home/pico-sdk/src/rp2_common/pico_standard_binary_info/standard_binary_info.c.o
 .rodata.__bi_84
                0x0000000010007820        0xc CMakeFiles/code.dir/home/pico-sdk/src/rp2_common/pico_standard_binary_info/standard_binary_info.c.o
 .rodata._ftoa.str1.4
                0x000000001000782c       0x15 CMakeFiles/code.dir/home/pico-sdk/src/rp2_common/pico_printf/printf.c.o
 *fill*         0x0000000010007841        0x3 
 .rodata._vsnprintf
                0x0000000010007844      0x1e0 CMakeFiles/code.dir/home/pico-sdk/src/rp2_common/pico_printf/printf.c.o
 *fill*         0x0000000010007a24        0x4 
 .rodata.pow10.0
                0x0000000010007a28       0x50 CMakeFiles/code.dir/home/pico-sdk/src/rp2_common/pico_printf/printf.c.o
 .rodata.crlf_str.0
                0x0000000010007a78        0x2 CMakeFiles/code.dir/home/pico-sdk/src/rp2_common/pico_stdio/stdio.c.o
 *fill*         0x0000000010007a7a        0x2 
 .rodata._resetd_driver
                0x0000000010007a7c       0x20 CMakeFiles/code.dir/home/pico-sdk/src/rp2_common/pico_stdio_usb/reset_interface.c.o
 .rodata.desc_bos
                0x0000000010007a9c       0x21 CMakeFiles/code.dir/home/pico-sdk/src/rp2_common/pico_stdio_usb/reset_interface.c.o
                0x0000000010007a9c                desc_bos
 *fill*         0x0000000010007abd        0x3 
 .rodata.desc_ms_os_20
                0x0000000010007ac0       0xa6 CMakeFiles/code.dir/home/pico-sdk/src/rp2_common/pico_stdio_usb/reset_interface.c.o
 *fill*         0x0000000010007b66        0x2 
 .rodata.str1.4
                0x0000000010007b68       0x13 CMakeFiles/code.dir/home/pico-sdk/src/rp2_common/pico_stdio_usb/stdio_usb.c.o
 *fill*         0x0000000010007b7b        0x1 
 .rodata.__bi_197.0
                0x0000000010007b7c        0xc CMakeFiles/code.dir/home/pico-sdk/src/rp2_common/pico_stdio_usb/stdio_usb.c.o
 .rodata.str1.4
                0x0000000010007b88       0x2a CMakeFiles/code.dir/home/pico-sdk/src/rp2_common/pico_stdio_usb/stdio_usb_descriptors.c.o
 *fill*         0x0000000010007bb2        0x2 
 .rodata.usbd_desc_cfg
                0x0000000010007bb4       0x54 CMakeFiles/code.dir/home/pico-sdk/src/rp2_common/pico_stdio_usb/stdio_usb_descriptors.c.o
 .rodata.usbd_desc_device
                0x0000000010007c08       0x12 CMakeFiles/code.dir/home/pico-sdk/src/rp2_common/pico_stdio_usb/stdio_usb_descriptors.c.o
 *fill*         0x0000000010007c1a        0x2 
 .rodata.usbd_desc_str
                0x0000000010007c1c       0x18 CMakeFiles/code.dir/home/pico-sdk/src/rp2_common/pico_stdio_usb/stdio_usb_descriptors.c.o
 .rodata.str1.4
                0x0000000010007c34       0x14 CMakeFiles/code.dir/home/pico-sdk/lib/tinyusb/src/portable/raspberrypi/rp2040/dcd_rp2040.c.o
 .rodata.str1.4
                0x0000000010007c48       0x48 CMakeFiles/code.dir/home/pico-sdk/lib/tinyusb/src/portable/raspberrypi/rp2040/rp2040_usb.c.o
 .rodata.tud_task_ext
                0x0000000010007c90       0x8c CMakeFiles/code.dir/home/pico-sdk/lib/tinyusb/src/device/usbd.c.o
 .rodata        0x0000000010007d1c       0x1c CMakeFiles/code.dir/home/pico-sdk/lib/tinyusb/src/device/usbd.c.o
 .rodata._usbd_driver
                0x0000000010007d38       0x40 CMakeFiles/code.dir/home/pico-sdk/lib/tinyusb/src/device/usbd.c.o
 .rodata        0x0000000010007d78      0x101 /usr/lib/gcc/arm-none-eabi/10.3.1/../../../arm-none-eabi/lib/thumb/v6-m/nofp/libg.a(lib_a-ctype_.o)
                0x0000000010007d78                _ctype_
                0x0000000010007e7c                . = ALIGN (0x4)
 *fill*         0x0000000010007e79        0x3 
 *(SORT_BY_ALIGNMENT(SORT_BY_NAME(.flashdata*)))
                0x0000000010007e7c                . = ALIGN (0x4)

.ARM.extab
 *(.ARM.extab* .gnu.linkonce.armextab.*)
                0x0000000010007e7c                __exidx_start = .

.ARM.exidx
 *(.ARM.exidx* .gnu.linkonce.armexidx.*)
                0x0000000010007e7c                __exidx_end = .
                0x0000000010007e7c                . = ALIGN (0x4)
                0x0000000010007e7c                __binary_info_start = .

.binary_info    0x0000000010007e7c       0x20
 *(.binary_info.keep.*)
 .binary_info.keep.__bi_ptr26
                0x0000000010007e7c        0x4 CMakeFiles/code.dir/home/pico-sdk/src/rp2_common/pico_standard_binary_info/standard_binary_info.c.o
 .binary_info.keep.__bi_ptr34
                0x0000000010007e80        0x4 CMakeFiles/code.dir/home/pico-sdk/src/rp2_common/pico_standard_binary_info/standard_binary_info.c.o
 .binary_info.keep.__bi_ptr42
                0x0000000010007e84        0x4 CMakeFiles/code.dir/home/pico-sdk/src/rp2_common/pico_standard_binary_info/standard_binary_info.c.o
 .binary_info.keep.__bi_ptr48
                0x0000000010007e88        0x4 CMakeFiles/code.dir/home/pico-sdk/src/rp2_common/pico_standard_binary_info/standard_binary_info.c.o
 .binary_info.keep.__bi_ptr54
                0x0000000010007e8c        0x4 CMakeFiles/code.dir/home/pico-sdk/src/rp2_common/pico_standard_binary_info/standard_binary_info.c.o
 .binary_info.keep.__bi_ptr78
                0x0000000010007e90        0x4 CMakeFiles/code.dir/home/pico-sdk/src/rp2_common/pico_standard_binary_info/standard_binary_info.c.o
 .binary_info.keep.__bi_ptr84
                0x0000000010007e94        0x4 CMakeFiles/code.dir/home/pico-sdk/src/rp2_common/pico_standard_binary_info/standard_binary_info.c.o
 *(.binary_info.*)
 .binary_info.__bi_ptr197
                0x0000000010007e98        0x4 CMakeFiles/code.dir/home/pico-sdk/src/rp2_common/pico_stdio_usb/stdio_usb.c.o
                0x0000000010007e9c                __binary_info_end = .

.rel.dyn        0x0000000010007e9c        0x0
 .rel.iplt      0x0000000010007e9c        0x0 /usr/lib/gcc/arm-none-eabi/10.3.1/thumb/v6-m/nofp/crtbegin.o
                0x0000000010007e9c                . = ALIGN (0x4)

.ram_vector_table
                0x0000000020000000       0xc0
 *(.ram_vector_table)
 .ram_vector_table
                0x0000000020000000       0xc0 CMakeFiles/code.dir/home/pico-sdk/src/rp2_common/pico_runtime_init/runtime_init.c.o
                0x0000000020000000                ram_vector_table

.uninitialized_data
                0x00000000200000c0        0x0
                0x00000000200000c0                . = ALIGN (0x4)
 *(.uninitialized_data*)

.data           0x00000000200000c0     0x1850 load address 0x0000000010007e9c
                0x00000000200000c0                __data_start__ = .
 *(vtable)
 *(.time_critical*)
 .time_critical.mutex_try_enter
                0x00000000200000c0       0x44 CMakeFiles/code.dir/home/pico-sdk/src/common/pico_sync/mutex.c.o
                0x00000000200000c0                mutex_try_enter
 .time_critical.mutex_try_enter_block_until
                0x0000000020000104       0x9c CMakeFiles/code.dir/home/pico-sdk/src/common/pico_sync/mutex.c.o
                0x0000000020000104                mutex_try_enter_block_until
 .time_critical.mutex_enter_timeout_ms
                0x00000000200001a0       0x90 CMakeFiles/code.dir/home/pico-sdk/src/common/pico_sync/mutex.c.o
                0x00000000200001a0                mutex_enter_timeout_ms
 .time_critical.mutex_exit
                0x0000000020000230       0x28 CMakeFiles/code.dir/home/pico-sdk/src/common/pico_sync/mutex.c.o
                0x0000000020000230                mutex_exit
 .time_critical.flash_init_boot2_copyout
                0x0000000020000258       0x30 CMakeFiles/code.dir/home/pico-sdk/src/rp2_common/hardware_flash/flash.c.o
 .time_critical.flash_enable_xip_via_boot2
                0x0000000020000288       0x10 CMakeFiles/code.dir/home/pico-sdk/src/rp2_common/hardware_flash/flash.c.o
 .time_critical.flash_cs_force
                0x0000000020000298       0x38 CMakeFiles/code.dir/home/pico-sdk/src/rp2_common/hardware_flash/flash.c.o
 .time_critical.flash_do_cmd
                0x00000000200002d0       0xc4 CMakeFiles/code.dir/home/pico-sdk/src/rp2_common/hardware_flash/flash.c.o
                0x00000000200002d0                flash_do_cmd
 .time_critical.reset_non_control_endpoints
                0x0000000020000394       0xbc CMakeFiles/code.dir/home/pico-sdk/lib/tinyusb/src/portable/raspberrypi/rp2040/dcd_rp2040.c.o
 .time_critical.hw_handle_buff_status
                0x0000000020000450       0xa8 CMakeFiles/code.dir/home/pico-sdk/lib/tinyusb/src/portable/raspberrypi/rp2040/dcd_rp2040.c.o
 .time_critical.dcd_rp2040_irq
                0x00000000200004f8      0x554 CMakeFiles/code.dir/home/pico-sdk/lib/tinyusb/src/portable/raspberrypi/rp2040/dcd_rp2040.c.o
 .time_critical.prepare_ep_buffer
                0x0000000020000a4c       0xf4 CMakeFiles/code.dir/home/pico-sdk/lib/tinyusb/src/portable/raspberrypi/rp2040/rp2040_usb.c.o
 .time_critical.sync_ep_buffer
                0x0000000020000b40       0xb4 CMakeFiles/code.dir/home/pico-sdk/lib/tinyusb/src/portable/raspberrypi/rp2040/rp2040_usb.c.o
 .time_critical._hw_endpoint_xfer_sync
                0x0000000020000bf4       0x28 CMakeFiles/code.dir/home/pico-sdk/lib/tinyusb/src/portable/raspberrypi/rp2040/rp2040_usb.c.o
 .time_critical.e15_is_bulkin_ep
                0x0000000020000c1c       0x28 CMakeFiles/code.dir/home/pico-sdk/lib/tinyusb/src/portable/raspberrypi/rp2040/rp2040_usb.c.o
 .time_critical.e15_is_critical_frame_period
                0x0000000020000c44       0x34 CMakeFiles/code.dir/home/pico-sdk/lib/tinyusb/src/portable/raspberrypi/rp2040/rp2040_usb.c.o
 .time_critical.hw_endpoint_reset_transfer
                0x0000000020000c78        0xc CMakeFiles/code.dir/home/pico-sdk/lib/tinyusb/src/portable/raspberrypi/rp2040/rp2040_usb.c.o
                0x0000000020000c78                hw_endpoint_reset_transfer
 .time_critical._hw_endpoint_buffer_control_update32
                0x0000000020000c84       0x50 CMakeFiles/code.dir/home/pico-sdk/lib/tinyusb/src/portable/raspberrypi/rp2040/rp2040_usb.c.o
                0x0000000020000c84                _hw_endpoint_buffer_control_update32
 .time_critical.hw_endpoint_start_next_buffer
                0x0000000020000cd4       0x6c CMakeFiles/code.dir/home/pico-sdk/lib/tinyusb/src/portable/raspberrypi/rp2040/rp2040_usb.c.o
                0x0000000020000cd4                hw_endpoint_start_next_buffer
 .time_critical.hw_endpoint_xfer_continue
                0x0000000020000d40       0x40 CMakeFiles/code.dir/home/pico-sdk/lib/tinyusb/src/portable/raspberrypi/rp2040/rp2040_usb.c.o
                0x0000000020000d40                hw_endpoint_xfer_continue
 .time_critical.tinyusb
                0x0000000020000d80      0x1f0 CMakeFiles/code.dir/home/pico-sdk/lib/tinyusb/src/device/usbd.c.o
                0x0000000020000d80                dcd_event_handler
 *(.text*)
 .text          0x0000000020000f70        0x4 /usr/lib/gcc/arm-none-eabi/10.3.1/thumb/v6-m/nofp/libgcc.a(_dvmd_tls.o)
                0x0000000020000f70                __aeabi_ldiv0
                0x0000000020000f70                __aeabi_idiv0
 *fill*         0x0000000020000f74        0x4 
 .text.__stub   0x0000000020000f78       0x80 linker stubs
                0x0000000020000ff8                . = ALIGN (0x4)
 *(.rodata*)
                0x0000000020000ff8                . = ALIGN (0x4)
 *(.data*)
 .data.striped_spin_lock_num
                0x0000000020000ff8        0x1 CMakeFiles/code.dir/home/pico-sdk/src/rp2_common/hardware_sync/sync.c.o
 *fill*         0x0000000020000ff9        0x3 
 .data          0x0000000020000ffc       0x48 CMakeFiles/code.dir/home/pico-sdk/src/rp2_common/hardware_irq/irq_handler_chain.S.o
                0x0000000020000ffc                irq_handler_chain_slots
                0x000000002000102c                irq_handler_chain_first_slot
                0x0000000020001036                irq_handler_chain_remove_tail
 .data.default_alarm_pool
                0x0000000020001044       0x18 CMakeFiles/code.dir/home/pico-sdk/src/common/pico_time/time.c.o
 *fill*         0x000000002000105c        0x4 
 .data.aeabi_bits_funcs
                0x0000000020001060       0x10 CMakeFiles/code.dir/home/pico-sdk/src/rp2_common/pico_bit_ops/bit_ops_aeabi.S.o
                0x0000000020001060                aeabi_bits_funcs
                0x0000000020001070                aeabi_bits_funcs_end
 .data.aeabi_mem_funcs
                0x0000000020001070       0x10 CMakeFiles/code.dir/home/pico-sdk/src/rp2_common/pico_mem_ops/mem_ops_aeabi.S.o
                0x0000000020001070                aeabi_mem_funcs
                0x0000000020001080                aeabi_mem_funcs_end
 .data.stdio_usb
                0x0000000020001080       0x18 CMakeFiles/code.dir/home/pico-sdk/src/rp2_common/pico_stdio_usb/stdio_usb.c.o
                0x0000000020001080                stdio_usb
 .data._usbd_qdef
                0x0000000020001098       0x1c CMakeFiles/code.dir/home/pico-sdk/lib/tinyusb/src/device/usbd.c.o
                0x0000000020001098                _usbd_qdef
 .data._usbd_rhport
                0x00000000200010b4        0x1 CMakeFiles/code.dir/home/pico-sdk/lib/tinyusb/src/device/usbd.c.o
 *fill*         0x00000000200010b5        0x3 
 .data.i2c0_inst
                0x00000000200010b8        0x8 CMakeFiles/code.dir/home/pico-sdk/src/rp2_common/hardware_i2c/i2c.c.o
                0x00000000200010b8                i2c0_inst
 .data.i2c1_inst
                0x00000000200010c0        0x8 CMakeFiles/code.dir/home/pico-sdk/src/rp2_common/hardware_i2c/i2c.c.o
                0x00000000200010c0                i2c1_inst
 .data          0x00000000200010c8      0x430 /usr/lib/gcc/arm-none-eabi/10.3.1/../../../arm-none-eabi/lib/thumb/v6-m/nofp/libg.a(lib_a-impure.o)
                0x00000000200010c8                _impure_ptr
 .data          0x00000000200014f8      0x410 /usr/lib/gcc/arm-none-eabi/10.3.1/../../../arm-none-eabi/lib/thumb/v6-m/nofp/libg.a(lib_a-mallocr.o)
                0x00000000200014f8                __malloc_sbrk_base
                0x00000000200014fc                __malloc_trim_threshold
                0x0000000020001500                __malloc_av_
                0x0000000020001908                . = ALIGN (0x4)
 *(.after_data.*)
                0x0000000020001908                . = ALIGN (0x4)
                0x0000000020001908                PROVIDE (__mutex_array_start = .)
 *(SORT_BY_NAME(.mutex_array.*))
 *(.mutex_array)
 .mutex_array   0x0000000020001908        0x8 CMakeFiles/code.dir/home/pico-sdk/src/rp2_common/pico_stdio/stdio.c.o
                0x0000000020001910                PROVIDE (__mutex_array_end = .)
                0x0000000020001910                . = ALIGN (0x4)
 *(.jcr)
                0x0000000020001910                . = ALIGN (0x4)

.tm_clone_table
                0x0000000020001910        0x0 load address 0x00000000100096ec
 .tm_clone_table
                0x0000000020001910        0x0 /usr/lib/gcc/arm-none-eabi/10.3.1/thumb/v6-m/nofp/crtbegin.o
 .tm_clone_table
                0x0000000020001910        0x0 /usr/lib/gcc/arm-none-eabi/10.3.1/thumb/v6-m/nofp/crtend.o

.igot.plt       0x0000000020001910        0x0 load address 0x00000000100096ec
 .igot.plt      0x0000000020001910        0x0 /usr/lib/gcc/arm-none-eabi/10.3.1/thumb/v6-m/nofp/crtbegin.o

.tdata          0x0000000020001910        0x0 load address 0x00000000100096ec
                0x0000000020001910                . = ALIGN (0x4)
 *(.tdata .tdata.* .gnu.linkonce.td.*)
                0x0000000020001910                __tdata_end = .
                0x0000000020001910                PROVIDE (__data_end__ = .)
                0x0000000010007e9c                __etext = LOADADDR (.data)

.tbss           0x0000000020001910        0x0 load address 0x00000000100096ec
                0x0000000020001910                . = ALIGN (0x4)
                0x0000000020001910                __bss_start__ = .
                0x0000000020001910                __tls_base = .
 *(.tbss .tbss.* .gnu.linkonce.tb.*)
 *(.tcommon)
                0x0000000020001910                __tls_end = .

.bss            0x0000000020001910     0x10d0 load address 0x00000000100096ec
                0x0000000020001910                . = ALIGN (0x4)
                0x0000000020001910                __tbss_end = .
 *(SORT_BY_ALIGNMENT(SORT_BY_NAME(.bss*)))
 .bss.default_alarm_pool_entries
                0x0000000020001910      0x180 CMakeFiles/code.dir/home/pico-sdk/src/common/pico_time/time.c.o
 .bss.last_avail_time.1
                0x0000000020001a90        0x8 CMakeFiles/code.dir/home/pico-sdk/src/rp2_common/pico_stdio_usb/stdio_usb.c.o
 .bss.sd_table  0x0000000020001a98      0x100 CMakeFiles/code.dir/home/pico-sdk/src/rp2_common/pico_double/double_init_rom_rp2040.c.o
                0x0000000020001a98                sd_table
 .bss           0x0000000020001b98       0x1c /usr/lib/gcc/arm-none-eabi/10.3.1/thumb/v6-m/nofp/crtbegin.o
 .bss           0x0000000020001bb4       0x34 /usr/lib/gcc/arm-none-eabi/10.3.1/../../../arm-none-eabi/lib/thumb/v6-m/nofp/libg.a(lib_a-mallocr.o)
                0x0000000020001bb4                __malloc_top_pad
                0x0000000020001bb8                __malloc_current_mallinfo
                0x0000000020001be0                __malloc_max_sbrked_mem
                0x0000000020001be4                __malloc_max_total_mem
 .bss           0x0000000020001be8        0x4 /usr/lib/gcc/arm-none-eabi/10.3.1/../../../arm-none-eabi/lib/thumb/v6-m/nofp/libg.a(lib_a-reent.o)
                0x0000000020001be8                errno
 .bss._app_driver
                0x0000000020001bec        0x4 CMakeFiles/code.dir/home/pico-sdk/lib/tinyusb/src/device/usbd.c.o
 .bss._cdcd_fifo_cfg
                0x0000000020001bf0        0x1 CMakeFiles/code.dir/home/pico-sdk/lib/tinyusb/src/class/cdc/cdc_device.c.o
 *fill*         0x0000000020001bf1        0x3 
 .bss._cdcd_itf
                0x0000000020001bf4      0x2c8 CMakeFiles/code.dir/home/pico-sdk/lib/tinyusb/src/class/cdc/cdc_device.c.o
 .bss._ctrl_xfer
                0x0000000020001ebc       0x14 CMakeFiles/code.dir/home/pico-sdk/lib/tinyusb/src/device/usbd_control.c.o
 .bss._ubsd_mutexdef
                0x0000000020001ed0        0x8 CMakeFiles/code.dir/home/pico-sdk/lib/tinyusb/src/device/usbd.c.o
 .bss._usbd_ctrl_buf
                0x0000000020001ed8       0x40 CMakeFiles/code.dir/home/pico-sdk/lib/tinyusb/src/device/usbd_control.c.o
 .bss._usbd_dev
                0x0000000020001f18       0x54 CMakeFiles/code.dir/home/pico-sdk/lib/tinyusb/src/device/usbd.c.o
 .bss._usbd_mutex
                0x0000000020001f6c        0x4 CMakeFiles/code.dir/home/pico-sdk/lib/tinyusb/src/device/usbd.c.o
 .bss._usbd_q   0x0000000020001f70        0x4 CMakeFiles/code.dir/home/pico-sdk/lib/tinyusb/src/device/usbd.c.o
 .bss._usbd_qdef_buf
                0x0000000020001f74       0xc0 CMakeFiles/code.dir/home/pico-sdk/lib/tinyusb/src/device/usbd.c.o
                0x0000000020001f74                _usbd_qdef_buf
 .bss._vendord_itf
                0x0000000020002034      0x2cc CMakeFiles/code.dir/home/pico-sdk/lib/tinyusb/src/class/vendor/vendor_device.c.o
 .bss.boot2_copyout
                0x0000000020002300      0x100 CMakeFiles/code.dir/home/pico-sdk/src/rp2_common/hardware_flash/flash.c.o
 .bss.callbacks
                0x0000000020002400        0x8 CMakeFiles/code.dir/home/pico-sdk/src/rp2_common/hardware_gpio/gpio.c.o
 .bss.chars_available_callback
                0x0000000020002408        0x4 CMakeFiles/code.dir/home/pico-sdk/src/rp2_common/pico_stdio_usb/stdio_usb.c.o
 .bss.chars_available_param
                0x000000002000240c        0x4 CMakeFiles/code.dir/home/pico-sdk/src/rp2_common/pico_stdio_usb/stdio_usb.c.o
 .bss.claimed   0x0000000020002410        0x4 CMakeFiles/code.dir/home/pico-sdk/src/rp2_common/hardware_sync/sync.c.o
 .bss.claimed   0x0000000020002414        0x1 CMakeFiles/code.dir/home/pico-sdk/src/rp2_common/hardware_timer/timer.c.o
 *fill*         0x0000000020002415        0x3 
 .bss.configured_freq
                0x0000000020002418       0x28 CMakeFiles/code.dir/home/pico-sdk/src/rp2_common/hardware_clocks/clocks.c.o
 .bss.desc_str.0
                0x0000000020002440       0x28 CMakeFiles/code.dir/home/pico-sdk/src/rp2_common/pico_stdio_usb/stdio_usb_descriptors.c.o
 .bss.drivers   0x0000000020002468        0x4 CMakeFiles/code.dir/home/pico-sdk/src/rp2_common/pico_stdio/stdio.c.o
 .bss.e15_last_sof
                0x000000002000246c        0x4 CMakeFiles/code.dir/home/pico-sdk/lib/tinyusb/src/portable/raspberrypi/rp2040/rp2040_usb.c.o
                0x000000002000246c                e15_last_sof
 .bss.filter    0x0000000020002470        0x4 CMakeFiles/code.dir/home/pico-sdk/src/rp2_common/pico_stdio/stdio.c.o
 .bss.heap_end.0
                0x0000000020002474        0x4 CMakeFiles/code.dir/home/pico-sdk/src/rp2_common/pico_clib_interface/newlib_interface.c.o
 .bss.hw_endpoints
                0x0000000020002478      0x400 CMakeFiles/code.dir/home/pico-sdk/lib/tinyusb/src/portable/raspberrypi/rp2040/dcd_rp2040.c.o
 .bss.lazy_vsnprintf
                0x0000000020002878        0x4 CMakeFiles/code.dir/home/pico-sdk/src/rp2_common/pico_printf/printf.c.o
 .bss.load_value
                0x000000002000287c        0x4 CMakeFiles/code.dir/home/pico-sdk/src/rp2_common/hardware_watchdog/watchdog.c.o
 .bss.next_buffer_ptr
                0x0000000020002880        0x4 CMakeFiles/code.dir/home/pico-sdk/lib/tinyusb/src/portable/raspberrypi/rp2040/dcd_rp2040.c.o
 .bss.one_shot_timer_crit_sec
                0x0000000020002884        0x8 CMakeFiles/code.dir/home/pico-sdk/src/rp2_common/pico_stdio_usb/stdio_usb.c.o
 .bss.pools     0x000000002000288c       0x10 CMakeFiles/code.dir/home/pico-sdk/src/common/pico_time/time.c.o
 .bss.raw_irq_mask
                0x000000002000289c        0x8 CMakeFiles/code.dir/home/pico-sdk/src/rp2_common/hardware_gpio/gpio.c.o
 .bss.retrieved_id
                0x00000000200028a4        0x8 CMakeFiles/code.dir/home/pico-sdk/src/rp2_common/pico_unique_id/unique_id.c.o
 .bss.sf_clz_func
                0x00000000200028ac        0x4 CMakeFiles/code.dir/home/pico-sdk/src/rp2_common/pico_double/double_init_rom_rp2040.c.o
                0x00000000200028ac                sf_clz_func
 .bss.sf_table  0x00000000200028b0      0x100 CMakeFiles/code.dir/home/pico-sdk/src/rp2_common/pico_float/float_init_rom_rp2040.c.o
                0x00000000200028b0                sf_table
 .bss.sleep_notifier
                0x00000000200029b0        0x4 CMakeFiles/code.dir/home/pico-sdk/src/common/pico_time/time.c.o
 .bss.stdio_usb_mutex
                0x00000000200029b4        0x8 CMakeFiles/code.dir/home/pico-sdk/src/rp2_common/pico_stdio_usb/stdio_usb.c.o
 .bss.time_now  0x00000000200029bc        0x4 CMakeFiles/code.dir/code.c.o
                0x00000000200029bc                time_now
 .bss.total_pressed
                0x00000000200029c0        0x4 CMakeFiles/code.dir/code.c.o
                0x00000000200029c0                total_pressed
 .bss.usbd_serial_str
                0x00000000200029c4       0x11 CMakeFiles/code.dir/home/pico-sdk/src/rp2_common/pico_stdio_usb/stdio_usb_descriptors.c.o
 .bss._app_driver_count
                0x00000000200029d5        0x1 CMakeFiles/code.dir/home/pico-sdk/lib/tinyusb/src/device/usbd.c.o
 .bss._sof_enable
                0x00000000200029d6        0x1 CMakeFiles/code.dir/home/pico-sdk/lib/tinyusb/src/portable/raspberrypi/rp2040/dcd_rp2040.c.o
 .bss._usbd_queued_setup
                0x00000000200029d7        0x1 CMakeFiles/code.dir/home/pico-sdk/lib/tinyusb/src/device/usbd.c.o
 .bss.boot2_copyout_valid
                0x00000000200029d8        0x1 CMakeFiles/code.dir/home/pico-sdk/src/rp2_common/hardware_flash/flash.c.o
 .bss.irq_handler_chain_free_slot_head
                0x00000000200029d9        0x1 CMakeFiles/code.dir/home/pico-sdk/src/rp2_common/hardware_irq/irq.c.o
 .bss.itf_num   0x00000000200029da        0x1 CMakeFiles/code.dir/home/pico-sdk/src/rp2_common/pico_stdio_usb/reset_interface.c.o
 .bss.low_priority_irq_num
                0x00000000200029db        0x1 CMakeFiles/code.dir/home/pico-sdk/src/rp2_common/pico_stdio_usb/stdio_usb.c.o
 .bss.one_shot_timer_pending
                0x00000000200029dc        0x1 CMakeFiles/code.dir/home/pico-sdk/src/rp2_common/pico_stdio_usb/stdio_usb.c.o
 .bss.time_started
                0x00000000200029dd        0x1 CMakeFiles/code.dir/code.c.o
                0x00000000200029dd                time_started
 .bss.user_irq_claimed
                0x00000000200029de        0x1 CMakeFiles/code.dir/home/pico-sdk/src/rp2_common/hardware_irq/irq.c.o
 *(COMMON)
                0x00000000200029e0                . = ALIGN (0x4)
 *fill*         0x00000000200029df        0x1 
                0x00000000200029e0                __bss_end__ = .

.heap           0x00000000200029e0      0x800 load address 0x00000000100096ec
                0x00000000200029e0                __end__ = .
                0x00000000200029e0                end = __end__
 *(.heap*)
 .heap          0x00000000200029e0      0x800 CMakeFiles/code.dir/home/pico-sdk/src/rp2_common/pico_crt0/crt0.S.o
                0x0000000020040000                __HeapLimit = (ORIGIN (RAM) + LENGTH (RAM))

.scratch_x      0x0000000020040000        0x0 load address 0x00000000100096ec
                0x0000000020040000                __scratch_x_start__ = .
 *(.scratch_x.*)
                0x0000000020040000                . = ALIGN (0x4)
                0x0000000020040000                __scratch_x_end__ = .
                0x00000000100096ec                __scratch_x_source__ = LOADADDR (.scratch_x)

.scratch_y      0x0000000020041000        0x0 load address 0x00000000100096ec
                0x0000000020041000                __scratch_y_start__ = .
 *(.scratch_y.*)
                0x0000000020041000                . = ALIGN (0x4)
                0x0000000020041000                __scratch_y_end__ = .
                0x00000000100096ec                __scratch_y_source__ = LOADADDR (.scratch_y)

.stack1_dummy   0x0000000020040000        0x0
 *(.stack1*)

.stack_dummy    0x0000000020041000      0x800
 *(.stack*)
 .stack         0x0000000020041000      0x800 CMakeFiles/code.dir/home/pico-sdk/src/rp2_common/pico_crt0/crt0.S.o

.flash_end      0x00000000100096ec        0x0
 *(.embedded_end_block*)
                0x00000000100096ec                PROVIDE (__flash_binary_end = .)
                0x0000000020040000                __StackLimit = (ORIGIN (RAM) + LENGTH (RAM))
                0x0000000020041000                __StackOneTop = (ORIGIN (SCRATCH_X) + LENGTH (SCRATCH_X))
                0x0000000020042000                __StackTop = (ORIGIN (SCRATCH_Y) + LENGTH (SCRATCH_Y))
                0x0000000020041000                __StackOneBottom = (__StackOneTop - SIZEOF (.stack1_dummy))
                0x0000000020041800                __StackBottom = (__StackTop - SIZEOF (.stack_dummy))
                0x0000000020042000                PROVIDE (__stack = __StackTop)
                [!provide]                        PROVIDE (__heap_start = __end__)
                [!provide]                        PROVIDE (__heap_end = __HeapLimit)
                [!provide]                        PROVIDE (__tls_align = MAX (ALIGNOF (.tdata), ALIGNOF (.tbss)))
                [!provide]                        PROVIDE (__tls_size_align = (((__tls_size + __tls_align) - 0x1) & ~ ((__tls_align - 0x1))))
                [!provide]                        PROVIDE (__arm32_tls_tcb_offset = MAX (0x8, __tls_align))
                [!provide]                        PROVIDE (_end = __end__)
                [!provide]                        PROVIDE (__llvm_libc_heap_limit = __HeapLimit)
                0x0000000000000001                ASSERT ((__StackLimit >= __HeapLimit), region RAM overflowed)
                0x0000000000000001                ASSERT (((__binary_info_header_end - __logical_binary_start) <= 0x100), Binary info must be in first 256 bytes of the binary)
LOAD CMakeFiles/code.dir/code.c.o
LOAD CMakeFiles/code.dir/inc/ssd1306_i2c.c.o
LOAD CMakeFiles/code.dir/home/pico-sdk/src/rp2_common/pico_stdlib/stdlib.c.o
LOAD CMakeFiles/code.dir/home/pico-sdk/src/rp2_common/hardware_gpio/gpio.c.o
LOAD CMakeFiles/code.dir/home/pico-sdk/src/rp2040/pico_platform/platform.c.o
LOAD CMakeFiles/code.dir/home/pico-sdk/src/rp2_common/pico_platform_panic/panic.c.o
LOAD CMakeFiles/code.dir/home/pico-sdk/src/common/hardware_claim/claim.c.o
LOAD CMakeFiles/code.dir/home/pico-sdk/src/rp2_common/hardware_sync/sync.c.o
LOAD CMakeFiles/code.dir/home/pico-sdk/src/rp2_common/hardware_sync_spin_lock/sync_spin_lock.c.o
LOAD CMakeFiles/code.dir/home/pico-sdk/src/rp2_common/hardware_irq/irq.c.o
LOAD CMakeFiles/code.dir/home/pico-sdk/src/rp2_common/hardware_irq/irq_handler_chain.S.o
LOAD CMakeFiles/code.dir/home/pico-sdk/src/common/pico_sync/sem.c.o
LOAD CMakeFiles/code.dir/home/pico-sdk/src/common/pico_sync/lock_core.c.o
LOAD CMakeFiles/code.dir/home/pico-sdk/src/common/pico_sync/mutex.c.o
LOAD CMakeFiles/code.dir/home/pico-sdk/src/common/pico_sync/critical_section.c.o
LOAD CMakeFiles/code.dir/home/pico-sdk/src/common/pico_time/time.c.o
LOAD CMakeFiles/code.dir/home/pico-sdk/src/common/pico_time/timeout_helper.c.o
LOAD CMakeFiles/code.dir/home/pico-sdk/src/rp2_common/hardware_timer/timer.c.o
LOAD CMakeFiles/code.dir/home/pico-sdk/src/common/pico_util/datetime.c.o
LOAD CMakeFiles/code.dir/home/pico-sdk/src/common/pico_util/pheap.c.o
LOAD CMakeFiles/code.dir/home/pico-sdk/src/common/pico_util/queue.c.o
LOAD CMakeFiles/code.dir/home/pico-sdk/src/rp2_common/hardware_uart/uart.c.o
LOAD CMakeFiles/code.dir/home/pico-sdk/src/rp2_common/hardware_clocks/clocks.c.o
LOAD CMakeFiles/code.dir/home/pico-sdk/src/rp2_common/hardware_pll/pll.c.o
LOAD CMakeFiles/code.dir/home/pico-sdk/src/rp2_common/hardware_vreg/vreg.c.o
LOAD CMakeFiles/code.dir/home/pico-sdk/src/rp2_common/hardware_watchdog/watchdog.c.o
LOAD CMakeFiles/code.dir/home/pico-sdk/src/rp2_common/hardware_ticks/ticks.c.o
LOAD CMakeFiles/code.dir/home/pico-sdk/src/rp2_common/pico_bootrom/bootrom.c.o
LOAD CMakeFiles/code.dir/home/pico-sdk/src/rp2_common/pico_bootrom/bootrom_lock.c.o
LOAD CMakeFiles/code.dir/home/pico-sdk/src/rp2_common/hardware_boot_lock/boot_lock.c.o
LOAD CMakeFiles/code.dir/home/pico-sdk/src/rp2_common/pico_flash/flash.c.o
LOAD CMakeFiles/code.dir/home/pico-sdk/src/rp2_common/hardware_xosc/xosc.c.o
LOAD CMakeFiles/code.dir/home/pico-sdk/src/rp2_common/hardware_divider/divider.S.o
LOAD CMakeFiles/code.dir/home/pico-sdk/src/rp2_common/pico_runtime/runtime.c.o
LOAD CMakeFiles/code.dir/home/pico-sdk/src/rp2_common/pico_runtime_init/runtime_init.c.o
LOAD CMakeFiles/code.dir/home/pico-sdk/src/rp2_common/pico_runtime_init/runtime_init_clocks.c.o
LOAD CMakeFiles/code.dir/home/pico-sdk/src/rp2_common/pico_runtime_init/runtime_init_stack_guard.c.o
LOAD CMakeFiles/code.dir/home/pico-sdk/src/rp2_common/pico_bit_ops/bit_ops_aeabi.S.o
LOAD CMakeFiles/code.dir/home/pico-sdk/src/rp2_common/pico_divider/divider_hardware.S.o
LOAD CMakeFiles/code.dir/home/pico-sdk/src/rp2_common/pico_double/double_aeabi_rp2040.S.o
LOAD CMakeFiles/code.dir/home/pico-sdk/src/rp2_common/pico_double/double_init_rom_rp2040.c.o
LOAD CMakeFiles/code.dir/home/pico-sdk/src/rp2_common/pico_double/double_math.c.o
LOAD CMakeFiles/code.dir/home/pico-sdk/src/rp2_common/pico_double/double_v1_rom_shim_rp2040.S.o
LOAD CMakeFiles/code.dir/home/pico-sdk/src/rp2_common/pico_int64_ops/pico_int64_ops_aeabi.S.o
LOAD CMakeFiles/code.dir/home/pico-sdk/src/rp2_common/pico_float/float_aeabi_rp2040.S.o
LOAD CMakeFiles/code.dir/home/pico-sdk/src/rp2_common/pico_float/float_init_rom_rp2040.c.o
LOAD CMakeFiles/code.dir/home/pico-sdk/src/rp2_common/pico_float/float_math.c.o
LOAD CMakeFiles/code.dir/home/pico-sdk/src/rp2_common/pico_float/float_v1_rom_shim_rp2040.S.o
LOAD CMakeFiles/code.dir/home/pico-sdk/src/rp2_common/pico_malloc/malloc.c.o
LOAD CMakeFiles/code.dir/home/pico-sdk/src/rp2_common/pico_mem_ops/mem_ops_aeabi.S.o
LOAD CMakeFiles/code.dir/home/pico-sdk/src/rp2_common/pico_atomic/atomic.c.o
LOAD CMakeFiles/code.dir/home/pico-sdk/src/rp2_common/pico_cxx_options/new_delete.cpp.o
LOAD CMakeFiles/code.dir/home/pico-sdk/src/rp2_common/pico_standard_binary_info/standard_binary_info.c.o
LOAD CMakeFiles/code.dir/home/pico-sdk/src/rp2_common/pico_printf/printf.c.o
LOAD CMakeFiles/code.dir/home/pico-sdk/src/rp2_common/pico_crt0/crt0.S.o
LOAD CMakeFiles/code.dir/home/pico-sdk/src/rp2_common/pico_clib_interface/newlib_interface.c.o
LOAD CMakeFiles/code.dir/home/pico-sdk/src/rp2_common/pico_stdio/stdio.c.o
LOAD CMakeFiles/code.dir/home/pico-sdk/src/rp2_common/pico_stdio_usb/reset_interface.c.o
LOAD CMakeFiles/code.dir/home/pico-sdk/src/rp2_common/pico_stdio_usb/stdio_usb.c.o
LOAD CMakeFiles/code.dir/home/pico-sdk/src/rp2_common/pico_stdio_usb/stdio_usb_descriptors.c.o
LOAD CMakeFiles/code.dir/home/pico-sdk/src/rp2_common/pico_unique_id/unique_id.c.o
LOAD CMakeFiles/code.dir/home/pico-sdk/src/rp2_common/hardware_flash/flash.c.o
LOAD CMakeFiles/code.dir/home/pico-sdk/src/rp2_common/hardware_xip_cache/xip_cache.c.o
LOAD CMakeFiles/code.dir/home/pico-sdk/lib/tinyusb/src/portable/raspberrypi/rp2040/dcd_rp2040.c.o
LOAD CMakeFiles/code.dir/home/pico-sdk/lib/tinyusb/src/portable/raspberrypi/rp2040/rp2040_usb.c.o
LOAD CMakeFiles/code.dir/home/pico-sdk/lib/tinyusb/src/device/usbd.c.o
LOAD CMakeFiles/code.dir/home/pico-sdk/lib/tinyusb/src/device/usbd_control.c.o